Archive member included because of file (symbol)

/Applications/KDS_3.0.0.app/Contents/toolchain/bin/../lib/gcc/arm-none-eabi/4.8.4/../../../../arm-none-eabi/lib/armv7e-m/fpu/libg_s.a(lib_a-exit.o)
                              /Applications/KDS_3.0.0.app/Contents/toolchain/bin/../lib/gcc/arm-none-eabi/4.8.4/../../../../arm-none-eabi/lib/armv7e-m/fpu/crt0.o (exit)
/Applications/KDS_3.0.0.app/Contents/toolchain/bin/../lib/gcc/arm-none-eabi/4.8.4/../../../../arm-none-eabi/lib/armv7e-m/fpu/libg_s.a(lib_a-impure.o)
                              /Applications/KDS_3.0.0.app/Contents/toolchain/bin/../lib/gcc/arm-none-eabi/4.8.4/../../../../arm-none-eabi/lib/armv7e-m/fpu/libg_s.a(lib_a-exit.o) (_global_impure_ptr)
/Applications/KDS_3.0.0.app/Contents/toolchain/bin/../lib/gcc/arm-none-eabi/4.8.4/../../../../arm-none-eabi/lib/armv7e-m/fpu/libg_s.a(lib_a-init.o)
                              /Applications/KDS_3.0.0.app/Contents/toolchain/bin/../lib/gcc/arm-none-eabi/4.8.4/../../../../arm-none-eabi/lib/armv7e-m/fpu/crt0.o (__libc_init_array)
/Applications/KDS_3.0.0.app/Contents/toolchain/bin/../lib/gcc/arm-none-eabi/4.8.4/../../../../arm-none-eabi/lib/armv7e-m/fpu/libg_s.a(lib_a-memcpy-stub.o)
                              ./Generated_Code/SEGGER_RTT.o (memcpy)
/Applications/KDS_3.0.0.app/Contents/toolchain/bin/../lib/gcc/arm-none-eabi/4.8.4/../../../../arm-none-eabi/lib/armv7e-m/fpu/libg_s.a(lib_a-memset.o)
                              /Applications/KDS_3.0.0.app/Contents/toolchain/bin/../lib/gcc/arm-none-eabi/4.8.4/../../../../arm-none-eabi/lib/armv7e-m/fpu/crt0.o (memset)
/Applications/KDS_3.0.0.app/Contents/toolchain/bin/../lib/gcc/arm-none-eabi/4.8.4/../../../../arm-none-eabi/lib/armv7e-m/fpu/libg_s.a(lib_a-strchr.o)
                              ./Generated_Code/UTIL1.o (strchr)
/Applications/KDS_3.0.0.app/Contents/toolchain/bin/../lib/gcc/arm-none-eabi/4.8.4/../../../../arm-none-eabi/lib/armv7e-m/fpu/libg_s.a(lib_a-strcmp.o)
                              ./Sources/Buzzer.o (strcmp)
/Applications/KDS_3.0.0.app/Contents/toolchain/bin/../lib/gcc/arm-none-eabi/4.8.4/../../../../arm-none-eabi/lib/armv7e-m/fpu/libg_s.a(lib_a-strlen.o)
                              ./Sources/RNet_App.o (strlen)
/Applications/KDS_3.0.0.app/Contents/toolchain/bin/../lib/gcc/arm-none-eabi/4.8.4/../../../../arm-none-eabi/lib/armv7e-m/fpu/libg_s.a(lib_a-strncmp.o)
                              ./Sources/Buzzer.o (strncmp)
/Applications/KDS_3.0.0.app/Contents/toolchain/bin/../lib/gcc/arm-none-eabi/4.8.4/../../../../arm-none-eabi/lib/armv7e-m/fpu/libnosys.a(_exit.o)
                              /Applications/KDS_3.0.0.app/Contents/toolchain/bin/../lib/gcc/arm-none-eabi/4.8.4/../../../../arm-none-eabi/lib/armv7e-m/fpu/libg_s.a(lib_a-exit.o) (_exit)

Allocating common symbols
Common symbol       size              file

ASerialLdd1_DeviceDataPtr
                    0x4               ./Generated_Code/AS1.o
DRV_Status          0x14              ./Sources/Drive.o
xQueueRegistry      0x30              ./Generated_Code/queue.o
ASerialLdd2_DeviceDataPtr
                    0x4               ./Generated_Code/Serial1.o
SR_reg              0x1               ./Generated_Code/Cpu.o
SMasterLdd1_DeviceDataPtr
                    0x4               ./Generated_Code/SM1.o
_SEGGER_RTT         0x78              ./Generated_Code/SEGGER_RTT.o

Discarded input sections

 .text          0x0000000000000000        0x0 /Applications/KDS_3.0.0.app/Contents/toolchain/bin/../lib/gcc/arm-none-eabi/4.8.4/armv7e-m/fpu/crti.o
 .data          0x0000000000000000        0x0 /Applications/KDS_3.0.0.app/Contents/toolchain/bin/../lib/gcc/arm-none-eabi/4.8.4/armv7e-m/fpu/crti.o
 .bss           0x0000000000000000        0x0 /Applications/KDS_3.0.0.app/Contents/toolchain/bin/../lib/gcc/arm-none-eabi/4.8.4/armv7e-m/fpu/crti.o
 .data          0x0000000000000000        0x4 /Applications/KDS_3.0.0.app/Contents/toolchain/bin/../lib/gcc/arm-none-eabi/4.8.4/armv7e-m/fpu/crtbegin.o
 .data          0x0000000000000000        0x0 /Applications/KDS_3.0.0.app/Contents/toolchain/bin/../lib/gcc/arm-none-eabi/4.8.4/../../../../arm-none-eabi/lib/armv7e-m/fpu/crt0.o
 .bss           0x0000000000000000        0x0 /Applications/KDS_3.0.0.app/Contents/toolchain/bin/../lib/gcc/arm-none-eabi/4.8.4/../../../../arm-none-eabi/lib/armv7e-m/fpu/crt0.o
 .ARM.extab     0x0000000000000000        0x0 /Applications/KDS_3.0.0.app/Contents/toolchain/bin/../lib/gcc/arm-none-eabi/4.8.4/../../../../arm-none-eabi/lib/armv7e-m/fpu/crt0.o
 .group         0x0000000000000000        0x8 ./Sources/Application.o
 .group         0x0000000000000000        0x8 ./Sources/Application.o
 .group         0x0000000000000000        0x8 ./Sources/Application.o
 .group         0x0000000000000000        0x8 ./Sources/Application.o
 .group         0x0000000000000000        0x8 ./Sources/Application.o
 .group         0x0000000000000000        0x8 ./Sources/Application.o
 .group         0x0000000000000000        0x8 ./Sources/Application.o
[...]
Memory Configuration

Name             Origin             Length             Attributes
m_interrupts     0x0000000000000000 0x0000000000000188 xr
m_text           0x0000000000000410 0x000000000007fbf0 xr
m_data           0x000000001fff8000 0x0000000000008000 rw
m_data_20000000  0x0000000020000000 0x0000000000008000 rw
m_cfmprotrom     0x0000000000000400 0x0000000000000010 xr
*default*        0x0000000000000000 0xffffffffffffffff

Linker script and memory map

LOAD /Applications/KDS_3.0.0.app/Contents/toolchain/bin/../lib/gcc/arm-none-eabi/4.8.4/armv7e-m/fpu/crti.o
LOAD /Applications/KDS_3.0.0.app/Contents/toolchain/bin/../lib/gcc/arm-none-eabi/4.8.4/armv7e-m/fpu/crtbegin.o
LOAD /Applications/KDS_3.0.0.app/Contents/toolchain/bin/../lib/gcc/arm-none-eabi/4.8.4/../../../../arm-none-eabi/lib/armv7e-m/fpu/crt0.o
LOAD ./Sources/Application.o
LOAD ./Sources/Buzzer.o
LOAD ./Sources/Debounce.o
LOAD ./Sources/Drive.o
LOAD ./Sources/Event.o
LOAD ./Sources/Events.o
LOAD ./Sources/KeyDebounce.o
LOAD ./Sources/Keys.o
LOAD ./Sources/LED.o
LOAD ./Sources/LineFollow.o
LOAD ./Sources/MCP4728.o
LOAD ./Sources/Maze.o
LOAD ./Sources/Motor.o
LOAD ./Sources/Pid.o
LOAD ./Sources/Platform.o
LOAD ./Sources/QuadCalib.o
LOAD ./Sources/RNet_App.o
LOAD ./Sources/RTOS.o
LOAD ./Sources/Reflectance.o
LOAD ./Sources/Remote.o
LOAD ./Sources/Sem.o
LOAD ./Sources/Shell.o
LOAD ./Sources/ShellQueue.o
LOAD ./Sources/Tacho.o
LOAD ./Sources/Timer.o
LOAD ./Sources/Trigger.o
LOAD ./Sources/Turn.o
LOAD ./Sources/main.o
LOAD ./Project_Settings/Startup_Code/startup.o
LOAD ./Generated_Code/AS1.o
LOAD ./Generated_Code/ASerialLdd1.o
LOAD ./Generated_Code/ASerialLdd2.o
LOAD ./Generated_Code/BT1.o
LOAD ./Generated_Code/BUZ1.o
LOAD ./Generated_Code/BitIoLdd1.o
LOAD ./Generated_Code/BitIoLdd10.o
LOAD ./Generated_Code/BitIoLdd11.o
LOAD ./Generated_Code/BitIoLdd12.o
LOAD ./Generated_Code/BitIoLdd13.o
LOAD ./Generated_Code/BitIoLdd14.o
LOAD ./Generated_Code/BitIoLdd15.o
LOAD ./Generated_Code/BitIoLdd16.o
LOAD ./Generated_Code/BitIoLdd17.o
LOAD ./Generated_Code/BitIoLdd18.o
LOAD ./Generated_Code/BitIoLdd19.o
LOAD ./Generated_Code/BitIoLdd2.o
LOAD ./Generated_Code/BitIoLdd20.o
LOAD ./Generated_Code/BitIoLdd21.o
LOAD ./Generated_Code/BitIoLdd4.o
LOAD ./Generated_Code/BitIoLdd5.o
LOAD ./Generated_Code/BitIoLdd6.o
LOAD ./Generated_Code/BitIoLdd7.o
LOAD ./Generated_Code/BitIoLdd8.o
LOAD ./Generated_Code/BitIoLdd9.o
LOAD ./Generated_Code/C11.o
LOAD ./Generated_Code/C12.o
LOAD ./Generated_Code/C21.o
LOAD ./Generated_Code/C22.o
LOAD ./Generated_Code/CE1.o
LOAD ./Generated_Code/CLS1.o
LOAD ./Generated_Code/CS1.o
LOAD ./Generated_Code/CSN1.o
LOAD ./Generated_Code/Cpu.o
LOAD ./Generated_Code/DIRL.o
LOAD ./Generated_Code/DIRR.o
LOAD ./Generated_Code/ExtIntLdd1.o
LOAD ./Generated_Code/ExtIntLdd2.o
LOAD ./Generated_Code/FRTOS1.o
LOAD ./Generated_Code/HF1.o
LOAD ./Generated_Code/IR1.o
LOAD ./Generated_Code/IR2.o
LOAD ./Generated_Code/IR3.o
LOAD ./Generated_Code/IR4.o
LOAD ./Generated_Code/IR5.o
LOAD ./Generated_Code/IR6.o
LOAD ./Generated_Code/IRQ1.o
LOAD ./Generated_Code/KSDK1.o
LOAD ./Generated_Code/LEDPin1.o
LOAD ./Generated_Code/LEDPin2.o
LOAD ./Generated_Code/LED_IR.o
LOAD ./Generated_Code/LEDpin3.o
LOAD ./Generated_Code/MCP4728_LDAC.o
LOAD ./Generated_Code/MCP4728_RDY.o
LOAD ./Generated_Code/MOTTU.o
LOAD ./Generated_Code/PE_LDD.o
LOAD ./Generated_Code/PTA.o
LOAD ./Generated_Code/PWML.o
LOAD ./Generated_Code/PWMR.o
LOAD ./Generated_Code/PwmLdd2.o
LOAD ./Generated_Code/PwmLdd3.o
LOAD ./Generated_Code/Q4CLeft.o
LOAD ./Generated_Code/Q4CRight.o
LOAD ./Generated_Code/QuadInt.o
LOAD ./Generated_Code/RApp.o
LOAD ./Generated_Code/RF1.o
LOAD ./Generated_Code/RMAC.o
LOAD ./Generated_Code/RMSG.o
LOAD ./Generated_Code/RNET1.o
LOAD ./Generated_Code/RNWK.o
LOAD ./Generated_Code/RPHY.o
LOAD ./Generated_Code/RStack.o
LOAD ./Generated_Code/RStdIO.o
LOAD ./Generated_Code/RTT1.o
LOAD ./Generated_Code/RTT_Syscalls_GCC.o
LOAD ./Generated_Code/Radio.o
LOAD ./Generated_Code/RefCnt.o
LOAD ./Generated_Code/SEGGER_RTT.o
LOAD ./Generated_Code/SEGGER_RTT_printf.o
LOAD ./Generated_Code/SEGGER_SYSVIEW.o
LOAD ./Generated_Code/SEGGER_SYSVIEW_Config.o
LOAD ./Generated_Code/SEGGER_SYSVIEW_FreeRTOS.o
LOAD ./Generated_Code/SM1.o
LOAD ./Generated_Code/SMasterLdd1.o
LOAD ./Generated_Code/SW1.o
LOAD ./Generated_Code/SYS1.o
LOAD ./Generated_Code/Serial1.o
LOAD ./Generated_Code/TU_MCP4728.o
LOAD ./Generated_Code/TU_QuadInt.o
LOAD ./Generated_Code/TimerIntLdd2.o
LOAD ./Generated_Code/UTIL1.o
LOAD ./Generated_Code/Vectors.o
LOAD ./Generated_Code/WAIT1.o
LOAD ./Generated_Code/croutine.o
LOAD ./Generated_Code/event_groups.o
LOAD ./Generated_Code/heap_1.o
LOAD ./Generated_Code/heap_2.o
LOAD ./Generated_Code/heap_3.o
LOAD ./Generated_Code/heap_4.o
LOAD ./Generated_Code/heap_5.o
LOAD ./Generated_Code/list.o
LOAD ./Generated_Code/port.o
LOAD ./Generated_Code/queue.o
LOAD ./Generated_Code/tasks.o
LOAD ./Generated_Code/timers.o
LOAD /Applications/KDS_3.0.0.app/Contents/toolchain/bin/../lib/gcc/arm-none-eabi/4.8.4/../../../../arm-none-eabi/lib/armv7e-m/fpu/libstdc++_s.a
LOAD /Applications/KDS_3.0.0.app/Contents/toolchain/bin/../lib/gcc/arm-none-eabi/4.8.4/../../../../arm-none-eabi/lib/armv7e-m/fpu/libm.a
START GROUP
LOAD /Applications/KDS_3.0.0.app/Contents/toolchain/bin/../lib/gcc/arm-none-eabi/4.8.4/armv7e-m/fpu/libgcc.a
LOAD /Applications/KDS_3.0.0.app/Contents/toolchain/bin/../lib/gcc/arm-none-eabi/4.8.4/../../../../arm-none-eabi/lib/armv7e-m/fpu/libg_s.a
LOAD /Applications/KDS_3.0.0.app/Contents/toolchain/bin/../lib/gcc/arm-none-eabi/4.8.4/../../../../arm-none-eabi/lib/armv7e-m/fpu/libc_s.a
END GROUP
START GROUP
LOAD /Applications/KDS_3.0.0.app/Contents/toolchain/bin/../lib/gcc/arm-none-eabi/4.8.4/armv7e-m/fpu/libgcc.a
LOAD /Applications/KDS_3.0.0.app/Contents/toolchain/bin/../lib/gcc/arm-none-eabi/4.8.4/../../../../arm-none-eabi/lib/armv7e-m/fpu/libc_s.a
LOAD /Applications/KDS_3.0.0.app/Contents/toolchain/bin/../lib/gcc/arm-none-eabi/4.8.4/../../../../arm-none-eabi/lib/armv7e-m/fpu/libnosys.a
END GROUP
START GROUP
LOAD /Applications/KDS_3.0.0.app/Contents/toolchain/bin/../lib/gcc/arm-none-eabi/4.8.4/armv7e-m/fpu/libgcc.a
LOAD /Applications/KDS_3.0.0.app/Contents/toolchain/bin/../lib/gcc/arm-none-eabi/4.8.4/../../../../arm-none-eabi/lib/armv7e-m/fpu/libc_s.a
LOAD /Applications/KDS_3.0.0.app/Contents/toolchain/bin/../lib/gcc/arm-none-eabi/4.8.4/../../../../arm-none-eabi/lib/armv7e-m/fpu/libnosys.a
END GROUP
LOAD /Applications/KDS_3.0.0.app/Contents/toolchain/bin/../lib/gcc/arm-none-eabi/4.8.4/armv7e-m/fpu/crtend.o
LOAD /Applications/KDS_3.0.0.app/Contents/toolchain/bin/../lib/gcc/arm-none-eabi/4.8.4/armv7e-m/fpu/crtn.o
                0x0000000020000000                _estack = 0x20000000
                0x0000000020000000                __SP_INIT = _estack
                0x0000000020000000                __stack = _estack
                0x0000000000000000                __heap_size = 0x0
                0x0000000000000400                __stack_size = 0x400

.interrupts     0x0000000000000000      0x188
                0x0000000000000000                __vector_table = .
                0x0000000000000000                . = ALIGN (0x4)
 *(.vectortable)
 .vectortable   0x0000000000000000      0x188 ./Generated_Code/Vectors.o
                0x0000000000000000                __vect_table
                0x0000000000000188                . = ALIGN (0x4)

.cfmprotect     0x0000000000000400       0x10
                0x0000000000000400                . = ALIGN (0x4)
 *(.cfmconfig)
 .cfmconfig     0x0000000000000400       0x10 ./Generated_Code/Cpu.o
                0x0000000000000400                _cfm
                0x0000000000000410                . = ALIGN (0x4)

.text           0x0000000000000410    0x1406c
                0x0000000000000410                . = ALIGN (0x4)
 *(.text)
 .text          0x0000000000000410       0x54 /Applications/KDS_3.0.0.app/Contents/toolchain/bin/../lib/gcc/arm-none-eabi/4.8.4/armv7e-m/fpu/crtbegin.o
 .text          0x0000000000000464       0x74 /Applications/KDS_3.0.0.app/Contents/toolchain/bin/../lib/gcc/arm-none-eabi/4.8.4/../../../../arm-none-eabi/lib/armv7e-m/fpu/crt0.o
                0x0000000000000464                _mainCRTStartup
                0x0000000000000464                _start
 .text          0x00000000000004d8       0x14 /Applications/KDS_3.0.0.app/Contents/toolchain/bin/../lib/gcc/arm-none-eabi/4.8.4/../../../../arm-none-eabi/lib/armv7e-m/fpu/libg_s.a(lib_a-strcmp.o)
                0x00000000000004d8                strcmp
 *(.text*)
 .text.APP_EventHandler
                0x00000000000004ec       0xa4 ./Sources/Application.o
                0x00000000000004ec                APP_EventHandler
 .text.APP_Start
                0x0000000000000590       0x28 ./Sources/Application.o
                0x0000000000000590                APP_Start
 .text.BUZ_Toggle
                0x00000000000005b8       0x54 ./Sources/Buzzer.o
 .text.BUZ_Beep
                0x000000000000060c       0x70 ./Sources/Buzzer.o
                0x000000000000060c                BUZ_Beep
 .text.BUZ_Play
                0x000000000000067c       0x78 ./Sources/Buzzer.o
 .text.BUZ_PlayTune
                0x00000000000006f4       0x44 ./Sources/Buzzer.o
                0x00000000000006f4                BUZ_PlayTune
 .text.BUZ_PrintHelp
                0x0000000000000738       0x6c ./Sources/Buzzer.o
 .text.BUZ_PrintStatus
                0x00000000000007a4       0x18 ./Sources/Buzzer.o
 .text.BUZ_ParseCommand
                0x00000000000007bc      0x118 ./Sources/Buzzer.o
                0x00000000000007bc                BUZ_ParseCommand
 .text.BUZ_Init
                0x00000000000008d4       0x24 ./Sources/Buzzer.o
                0x00000000000008d4                BUZ_Init
 .text.DBNC_Process
                0x00000000000008f8      0x160 ./Sources/Debounce.o
                0x00000000000008f8                DBNC_Process
 .text.DRV_IsStopped
                0x0000000000000a58       0x6c ./Sources/Drive.o
                0x0000000000000a58                DRV_IsStopped
 .text.match    0x0000000000000ac4       0x44 ./Sources/Drive.o
 .text.DRV_HasTurned
                0x0000000000000b08       0xac ./Sources/Drive.o
                0x0000000000000b08                DRV_HasTurned
 .text.DRV_SetMode
                0x0000000000000bb4       0x44 ./Sources/Drive.o
                0x0000000000000bb4                DRV_SetMode
 .text.DRV_SetSpeed
                0x0000000000000bf8       0x48 ./Sources/Drive.o
                0x0000000000000bf8                DRV_SetSpeed
 .text.DRV_SetPos
                0x0000000000000c40       0x48 ./Sources/Drive.o
                0x0000000000000c40                DRV_SetPos
 .text.DRV_GetModeStr
                0x0000000000000c88       0x5c ./Sources/Drive.o
                0x0000000000000c88                DRV_GetModeStr
 .text.DRV_PrintHelp
                0x0000000000000ce4       0x94 ./Sources/Drive.o
 .text.DRV_PrintStatus
                0x0000000000000d78      0x1c4 ./Sources/Drive.o
 .text.DRV_ParseCommand
                0x0000000000000f3c      0x2b0 ./Sources/Drive.o
                0x0000000000000f3c                DRV_ParseCommand
 .text.GetCmd   0x00000000000011ec       0x78 ./Sources/Drive.o
 .text.DriveTask
                0x0000000000001264       0xcc ./Sources/Drive.o
 .text.DRV_Init
                0x0000000000001330       0x84 ./Sources/Drive.o
                0x0000000000001330                DRV_Init
 .text.EVNT_SetEvent
                0x00000000000013b4       0x54 ./Sources/Event.o
                0x00000000000013b4                EVNT_SetEvent
 .text.EVNT_HandleEvent
                0x0000000000001408       0xa4 ./Sources/Event.o
                0x0000000000001408                EVNT_HandleEvent
 .text.EVNT_Init
                0x00000000000014ac       0x30 ./Sources/Event.o
                0x00000000000014ac                EVNT_Init
 .text.Cpu_OnNMIINT
                0x00000000000014dc        0xc ./Sources/Events.o
                0x00000000000014dc                Cpu_OnNMIINT
 .text.SW1_OnInterrupt
                0x00000000000014e8        0xc ./Sources/Events.o
                0x00000000000014e8                SW1_OnInterrupt
 .text.FRTOS1_vApplicationStackOverflowHook
                0x00000000000014f4       0x14 ./Sources/Events.o
                0x00000000000014f4                FRTOS1_vApplicationStackOverflowHook
 .text.FRTOS1_vApplicationTickHook
                0x0000000000001508       0x10 ./Sources/Events.o
                0x0000000000001508                FRTOS1_vApplicationTickHook
 .text.FRTOS1_vApplicationIdleHook
                0x0000000000001518        0xc ./Sources/Events.o
                0x0000000000001518                FRTOS1_vApplicationIdleHook
 .text.FRTOS1_vApplicationMallocFailedHook
                0x0000000000001524       0x10 ./Sources/Events.o
                0x0000000000001524                FRTOS1_vApplicationMallocFailedHook
 .text.QuadInt_OnInterrupt
                0x0000000000001534       0x10 ./Sources/Events.o
                0x0000000000001534                QuadInt_OnInterrupt
 .text.RF1_OnActivate
                0x0000000000001544        0xc ./Sources/Events.o
                0x0000000000001544                RF1_OnActivate
 .text.RF1_OnDeactivate
                0x0000000000001550        0xc ./Sources/Events.o
                0x0000000000001550                RF1_OnDeactivate
 .text.KEYDBNC_GetKeys
                0x000000000000155c       0x38 ./Sources/KeyDebounce.o
 .text.KEYDBNC_OnDebounceEvent
                0x0000000000001594       0x74 ./Sources/KeyDebounce.o
 .text.KEYDBNC_Process
                0x0000000000001608       0x28 ./Sources/KeyDebounce.o
                0x0000000000001608                KEYDBNC_Process
 .text.KEYDBNC_Init
                0x0000000000001630       0x18 ./Sources/KeyDebounce.o
                0x0000000000001630                KEYDBNC_Init
 .text.KEY_Scan
                0x0000000000001648        0xc ./Sources/Keys.o
                0x0000000000001648                KEY_Scan
 .text.KEY_EnableInterrupts
                0x0000000000001654       0x14 ./Sources/Keys.o
                0x0000000000001654                KEY_EnableInterrupts
 .text.KEY_DisableInterrupts
                0x0000000000001668       0x14 ./Sources/Keys.o
                0x0000000000001668                KEY_DisableInterrupts
 .text.KEY_OnInterrupt
                0x000000000000167c       0x1c ./Sources/Keys.o
                0x000000000000167c                KEY_OnInterrupt
 .text.KEY_Init
                0x0000000000001698        0xc ./Sources/Keys.o
                0x0000000000001698                KEY_Init
 .text.LED_Test
                0x00000000000016a4       0xa4 ./Sources/LED.o
 .text.LED_Init
                0x0000000000001748       0x24 ./Sources/LED.o
                0x0000000000001748                LED_Init
 .text.LF_StartFollowing
                0x000000000000176c       0x1c ./Sources/LineFollow.o
                0x000000000000176c                LF_StartFollowing
 .text.LF_StopFollowing
                0x0000000000001788       0x1c ./Sources/LineFollow.o
                0x0000000000001788                LF_StopFollowing
 .text.FollowSegment
                0x00000000000017a4       0x38 ./Sources/LineFollow.o
 .text.StateMachine
                0x00000000000017dc       0x7c ./Sources/LineFollow.o
 .text.LineTask
                0x0000000000001858       0x54 ./Sources/LineFollow.o
 .text.LF_PrintHelp
                0x00000000000018ac       0x50 ./Sources/LineFollow.o
 .text.LF_PrintStatus
                0x00000000000018fc       0xcc ./Sources/LineFollow.o
 .text.LF_ParseCommand
                0x00000000000019c8       0xb8 ./Sources/LineFollow.o
                0x00000000000019c8                LF_ParseCommand
 .text.LF_Init  0x0000000000001a80       0x44 ./Sources/LineFollow.o
                0x0000000000001a80                LF_Init
 .text.MAZE_IsSolved
                0x0000000000001ac4       0x18 ./Sources/Maze.o
                0x0000000000001ac4                MAZE_IsSolved
 .text.MAZE_PrintHelp
                0x0000000000001adc       0x50 ./Sources/Maze.o
 .text.MAZE_PrintStatus
                0x0000000000001b2c       0xdc ./Sources/Maze.o
 .text.MAZE_ParseCommand
                0x0000000000001c08       0x9c ./Sources/Maze.o
                0x0000000000001c08                MAZE_ParseCommand
 .text.MAZE_ClearSolution
                0x0000000000001ca4       0x20 ./Sources/Maze.o
                0x0000000000001ca4                MAZE_ClearSolution
 .text.MOT_GetMotorHandle
                0x0000000000001cc4       0x2c ./Sources/Motor.o
                0x0000000000001cc4                MOT_GetMotorHandle
 .text.PWMLSetRatio16
                0x0000000000001cf0       0x28 ./Sources/Motor.o
 .text.PWMRSetRatio16
                0x0000000000001d18       0x28 ./Sources/Motor.o
 .text.DirLPutVal
                0x0000000000001d40       0x38 ./Sources/Motor.o
 .text.DirRPutVal
                0x0000000000001d78       0x24 ./Sources/Motor.o
 .text.MOT_SetVal
                0x0000000000001d9c       0x24 ./Sources/Motor.o
                0x0000000000001d9c                MOT_SetVal
 .text.MOT_GetVal
                0x0000000000001dc0       0x18 ./Sources/Motor.o
                0x0000000000001dc0                MOT_GetVal
 .text.MOT_SetSpeedPercent
                0x0000000000001dd8       0x84 ./Sources/Motor.o
                0x0000000000001dd8                MOT_SetSpeedPercent
 .text.MOT_UpdatePercent
                0x0000000000001e5c       0x54 ./Sources/Motor.o
                0x0000000000001e5c                MOT_UpdatePercent
 .text.MOT_SetDirection
                0x0000000000001eb0       0x64 ./Sources/Motor.o
                0x0000000000001eb0                MOT_SetDirection
 .text.MOT_GetDirection
                0x0000000000001f14       0x24 ./Sources/Motor.o
                0x0000000000001f14                MOT_GetDirection
 .text.MOT_PrintHelp
                0x0000000000001f38       0x68 ./Sources/Motor.o
 .text.MOT_PrintStatus
                0x0000000000001fa0      0x164 ./Sources/Motor.o
 .text.MOT_ParseCommand
                0x0000000000002104      0x1dc ./Sources/Motor.o
                0x0000000000002104                MOT_ParseCommand
 .text.MOT_Init
                0x00000000000022e0       0x60 ./Sources/Motor.o
                0x00000000000022e0                MOT_Init
 .text.PID      0x0000000000002340       0xc0 ./Sources/Pid.o
 .text.PID_SpeedCfg
                0x0000000000002400       0x88 ./Sources/Pid.o
                0x0000000000002400                PID_SpeedCfg
 .text.Limit    0x0000000000002488       0x34 ./Sources/Pid.o
 .text.AbsSpeed
                0x00000000000024bc       0x2c ./Sources/Pid.o
 .text.errorWithinPercent
                0x00000000000024e8       0x34 ./Sources/Pid.o
 .text.PID_LineCfg
                0x000000000000251c      0x244 ./Sources/Pid.o
                0x000000000000251c                PID_LineCfg
 .text.PID_Line
                0x0000000000002760       0x28 ./Sources/Pid.o
                0x0000000000002760                PID_Line
 .text.PID_Speed
                0x0000000000002788       0x40 ./Sources/Pid.o
                0x0000000000002788                PID_Speed
 .text.PID_PosCfg
                0x00000000000027c8       0xd4 ./Sources/Pid.o
                0x00000000000027c8                PID_PosCfg
 .text.PID_Pos  0x000000000000289c       0x40 ./Sources/Pid.o
                0x000000000000289c                PID_Pos
 .text.PID_PrintHelp
                0x00000000000028dc       0xb4 ./Sources/Pid.o
 .text.PrintPIDstatus
                0x0000000000002990      0x26c ./Sources/Pid.o
 .text.PID_PrintStatus
                0x0000000000002bfc       0x80 ./Sources/Pid.o
 .text.ParsePidParameter
                0x0000000000002c7c      0x1bc ./Sources/Pid.o
 .text.PID_ParseCommand
                0x0000000000002e38      0x15c ./Sources/Pid.o
                0x0000000000002e38                PID_ParseCommand
 .text.PID_Start
                0x0000000000002f94       0x5c ./Sources/Pid.o
                0x0000000000002f94                PID_Start
 .text.PID_Init
                0x0000000000002ff0      0x100 ./Sources/Pid.o
                0x0000000000002ff0                PID_Init
 .text.PL_Init  0x00000000000030f0       0x4c ./Sources/Platform.o
                0x00000000000030f0                PL_Init
 .text.PrintStatus
                0x000000000000313c       0x74 ./Sources/RNet_App.o
 .text.PrintHelp
                0x00000000000031b0       0x94 ./Sources/RNet_App.o
 .text.RNETA_ParseCommand
                0x0000000000003244      0x26c ./Sources/RNet_App.o
                0x0000000000003244                RNETA_ParseCommand
 .text.AppTask  0x00000000000034b0       0x50 ./Sources/RTOS.o
 .text.RTOS_Init
                0x0000000000003500       0x40 ./Sources/RTOS.o
                0x0000000000003500                RTOS_Init
 .text.S1_SetOutput
                0x0000000000003540       0x14 ./Sources/Reflectance.o
 .text.S1_SetInput
                0x0000000000003554       0x14 ./Sources/Reflectance.o
 .text.S1_SetVal
                0x0000000000003568       0x14 ./Sources/Reflectance.o
 .text.S1_GetVal
                0x000000000000357c       0x18 ./Sources/Reflectance.o
 .text.S2_SetOutput
                0x0000000000003594       0x14 ./Sources/Reflectance.o
 .text.S2_SetInput
                0x00000000000035a8       0x14 ./Sources/Reflectance.o
 .text.S2_SetVal
                0x00000000000035bc       0x14 ./Sources/Reflectance.o
 .text.S2_GetVal
                0x00000000000035d0       0x18 ./Sources/Reflectance.o
 .text.S3_SetOutput
                0x00000000000035e8       0x14 ./Sources/Reflectance.o
 .text.S3_SetInput
                0x00000000000035fc       0x14 ./Sources/Reflectance.o
 .text.S3_SetVal
                0x0000000000003610       0x14 ./Sources/Reflectance.o
 .text.S3_GetVal
                0x0000000000003624       0x18 ./Sources/Reflectance.o
 .text.S4_SetOutput
                0x000000000000363c       0x14 ./Sources/Reflectance.o
 .text.S4_SetInput
                0x0000000000003650       0x14 ./Sources/Reflectance.o
 .text.S4_SetVal
                0x0000000000003664       0x14 ./Sources/Reflectance.o
 .text.S4_GetVal
                0x0000000000003678       0x18 ./Sources/Reflectance.o
 .text.S5_SetOutput
                0x0000000000003690       0x14 ./Sources/Reflectance.o
 .text.S5_SetInput
                0x00000000000036a4       0x14 ./Sources/Reflectance.o
 .text.S5_SetVal
                0x00000000000036b8       0x14 ./Sources/Reflectance.o
 .text.S5_GetVal
                0x00000000000036cc       0x18 ./Sources/Reflectance.o
 .text.S6_SetOutput
                0x00000000000036e4       0x14 ./Sources/Reflectance.o
 .text.S6_SetInput
                0x00000000000036f8       0x14 ./Sources/Reflectance.o
 .text.S6_SetVal
                0x000000000000370c       0x14 ./Sources/Reflectance.o
 .text.S6_GetVal
                0x0000000000003720       0x18 ./Sources/Reflectance.o
 .text.REF_CalibrateStartStop
                0x0000000000003738       0x3c ./Sources/Reflectance.o
                0x0000000000003738                REF_CalibrateStartStop
 .text.REF_MeasureRaw
                0x0000000000003774      0x124 ./Sources/Reflectance.o
 .text.REF_CalibrateMinMax
                0x0000000000003898       0x84 ./Sources/Reflectance.o
 .text.ReadCalibrated
                0x000000000000391c       0xa0 ./Sources/Reflectance.o
 .text.ReadLine
                0x00000000000039bc       0x80 ./Sources/Reflectance.o
 .text.REF_GetLineValue
                0x0000000000003a3c       0x18 ./Sources/Reflectance.o
                0x0000000000003a3c                REF_GetLineValue
 .text.ReadLineKind
                0x0000000000003a54      0x138 ./Sources/Reflectance.o
 .text.REF_GetLineKind
                0x0000000000003b8c       0x18 ./Sources/Reflectance.o
                0x0000000000003b8c                REF_GetLineKind
 .text.REF_Measure
                0x0000000000003ba4       0x40 ./Sources/Reflectance.o
 .text.PrintHelp
                0x0000000000003be4       0x54 ./Sources/Reflectance.o
 .text.REF_GetStateString
                0x0000000000003c38       0x74 ./Sources/Reflectance.o
 .text.REF_LineKindStr
                0x0000000000003cac       0x68 ./Sources/Reflectance.o
                0x0000000000003cac                REF_LineKindStr
 .text.PrintStatus
                0x0000000000003d14      0x314 ./Sources/Reflectance.o
 .text.REF_ParseCommand
                0x0000000000004028      0x108 ./Sources/Reflectance.o
                0x0000000000004028                REF_ParseCommand
 .text.REF_StateMachine
                0x0000000000004130      0x138 ./Sources/Reflectance.o
 .text.ReflTask
                0x0000000000004268       0x14 ./Sources/Reflectance.o
 .text.REF_Init
                0x000000000000427c       0xa8 ./Sources/Reflectance.o
                0x000000000000427c                REF_Init
 .text.SEM_Init
                0x0000000000004324        0xc ./Sources/Sem.o
                0x0000000000004324                SEM_Init
 .text.SHELL_SendString
                0x0000000000004330       0x14 ./Sources/Shell.o
                0x0000000000004330                SHELL_SendString
 .text.SHELL_PrintHelp
                0x0000000000004344       0x54 ./Sources/Shell.o
 .text.SHELL_PrintStatus
                0x0000000000004398       0x64 ./Sources/Shell.o
 .text.SHELL_ParseCommand
                0x00000000000043fc       0xc4 ./Sources/Shell.o
 .text.ShellTask
                0x00000000000044c0       0xa8 ./Sources/Shell.o
 .text.SHELL_Init
                0x0000000000004568       0x44 ./Sources/Shell.o
                0x0000000000004568                SHELL_Init
 .text.SQUEUE_SendString
                0x00000000000045ac       0x34 ./Sources/ShellQueue.o
                0x00000000000045ac                SQUEUE_SendString
 .text.SQUEUE_ReceiveChar
                0x00000000000045e0       0x34 ./Sources/ShellQueue.o
                0x00000000000045e0                SQUEUE_ReceiveChar
 .text.SQUEUE_Init
                0x0000000000004614       0x34 ./Sources/ShellQueue.o
                0x0000000000004614                SQUEUE_Init
 .text.TACHO_GetSpeed
                0x0000000000004648       0x30 ./Sources/Tacho.o
                0x0000000000004648                TACHO_GetSpeed
 .text.TACHO_CalcSpeed
                0x0000000000004678      0x158 ./Sources/Tacho.o
                0x0000000000004678                TACHO_CalcSpeed
 .text.TACHO_Sample
                0x00000000000047d0       0x78 ./Sources/Tacho.o
                0x00000000000047d0                TACHO_Sample
 .text.TACHO_PrintStatus
                0x0000000000004848       0x94 ./Sources/Tacho.o
 .text.TACHO_PrintHelp
                0x00000000000048dc       0x3c ./Sources/Tacho.o
 .text.TACHO_ParseCommand
                0x0000000000004918       0x78 ./Sources/Tacho.o
                0x0000000000004918                TACHO_ParseCommand
 .text.TACHO_Init
                0x0000000000004990       0x2c ./Sources/Tacho.o
                0x0000000000004990                TACHO_Init
 .text.TMR_OnInterrupt
                0x00000000000049bc       0x3c ./Sources/Timer.o
                0x00000000000049bc                TMR_OnInterrupt
 .text.TMR_Init
                0x00000000000049f8        0xc ./Sources/Timer.o
                0x00000000000049f8                TMR_Init
 .text.TRG_SetTrigger
                0x0000000000004a04       0x6c ./Sources/Trigger.o
                0x0000000000004a04                TRG_SetTrigger
 .text.CheckCallbacks
                0x0000000000004a70       0xac ./Sources/Trigger.o
 .text.TRG_AddTick
                0x0000000000004b1c       0x78 ./Sources/Trigger.o
                0x0000000000004b1c                TRG_AddTick
 .text.TRG_Init
                0x0000000000004b94       0x60 ./Sources/Trigger.o
                0x0000000000004b94                TRG_Init
 .text.TURN_TurnKindStr
                0x0000000000004bf4       0xec ./Sources/Turn.o
                0x0000000000004bf4                TURN_TurnKindStr
 .text.TURN_MoveToPos
                0x0000000000004ce0       0x7c ./Sources/Turn.o
                0x0000000000004ce0                TURN_MoveToPos
 .text.StepsTurn
                0x0000000000004d5c       0x88 ./Sources/Turn.o
 .text.TURN_Turn
                0x0000000000004de4      0x258 ./Sources/Turn.o
                0x0000000000004de4                TURN_Turn
 .text.TURN_TurnAngle
                0x000000000000503c       0xd4 ./Sources/Turn.o
                0x000000000000503c                TURN_TurnAngle
 .text.TURN_PrintHelp
                0x0000000000005110       0xd4 ./Sources/Turn.o
 .text.TURN_PrintStatus
                0x00000000000051e4      0x194 ./Sources/Turn.o
 .text.isNumberStart
                0x0000000000005378       0x34 ./Sources/Turn.o
 .text.TURN_ParseCommand
                0x00000000000053ac      0x274 ./Sources/Turn.o
                0x00000000000053ac                TURN_ParseCommand
 .text.main     0x0000000000005620       0x14 ./Sources/main.o
                0x0000000000005620                main
 .text.__copy_rom_section
                0x0000000000005634       0xe4 ./Project_Settings/Startup_Code/startup.o
                0x0000000000005634                __copy_rom_section
 .text.__copy_rom_sections_to_ram
                0x0000000000005718       0x9c ./Project_Settings/Startup_Code/startup.o
                0x0000000000005718                __copy_rom_sections_to_ram
 .text.__init_registers
                0x00000000000057b4       0x20 ./Project_Settings/Startup_Code/startup.o
                0x00000000000057b4                __init_registers
 .text.__init_user
                0x00000000000057d4        0xc ./Project_Settings/Startup_Code/startup.o
                0x00000000000057d4                __init_user
 .text.__thumb_startup
                0x00000000000057e0       0x34 ./Project_Settings/Startup_Code/startup.o
                0x00000000000057e0                __thumb_startup
 .text.HWEnDi   0x0000000000005814       0x1c ./Generated_Code/AS1.o
 .text.AS1_Init
                0x0000000000005830       0x60 ./Generated_Code/AS1.o
                0x0000000000005830                AS1_Init
 .text.ASerialLdd1_OnBlockReceived
                0x0000000000005890       0x7c ./Generated_Code/AS1.o
                0x0000000000005890                ASerialLdd1_OnBlockReceived
 .text.ASerialLdd1_OnBlockSent
                0x000000000000590c       0x88 ./Generated_Code/AS1.o
                0x000000000000590c                ASerialLdd1_OnBlockSent
 .text.ASerialLdd1_OnError
                0x0000000000005994       0x98 ./Generated_Code/AS1.o
                0x0000000000005994                ASerialLdd1_OnError
 .text.ASerialLdd1_OnBreak
                0x0000000000005a2c       0x24 ./Generated_Code/AS1.o
                0x0000000000005a2c                ASerialLdd1_OnBreak
 .text.ASerialLdd1_Init
                0x0000000000005a50      0x1c0 ./Generated_Code/ASerialLdd1.o
                0x0000000000005a50                ASerialLdd1_Init
 .text.ASerialLdd1_ReceiveBlock
                0x0000000000005c10       0x4c ./Generated_Code/ASerialLdd1.o
                0x0000000000005c10                ASerialLdd1_ReceiveBlock
 .text.ASerialLdd1_SendBlock
                0x0000000000005c5c       0x78 ./Generated_Code/ASerialLdd1.o
                0x0000000000005c5c                ASerialLdd1_SendBlock
 .text.InterruptRx
                0x0000000000005cd4       0x58 ./Generated_Code/ASerialLdd1.o
 .text.InterruptTx
                0x0000000000005d2c       0x80 ./Generated_Code/ASerialLdd1.o
 .text.ASerialLdd1_Interrupt
                0x0000000000005dac       0xf4 ./Generated_Code/ASerialLdd1.o
                0x0000000000005dac                ASerialLdd1_Interrupt
 .text.ASerialLdd1_GetError
                0x0000000000005ea0       0x30 ./Generated_Code/ASerialLdd1.o
                0x0000000000005ea0                ASerialLdd1_GetError
 .text.ASerialLdd2_Init
                0x0000000000005ed0      0x1cc ./Generated_Code/ASerialLdd2.o
                0x0000000000005ed0                ASerialLdd2_Init
 .text.ASerialLdd2_ReceiveBlock
                0x000000000000609c       0x4c ./Generated_Code/ASerialLdd2.o
                0x000000000000609c                ASerialLdd2_ReceiveBlock
 .text.ASerialLdd2_SendBlock
                0x00000000000060e8       0x78 ./Generated_Code/ASerialLdd2.o
                0x00000000000060e8                ASerialLdd2_SendBlock
 .text.InterruptRx
                0x0000000000006160       0x58 ./Generated_Code/ASerialLdd2.o
 .text.InterruptTx
                0x00000000000061b8       0x80 ./Generated_Code/ASerialLdd2.o
 .text.ASerialLdd2_Interrupt
                0x0000000000006238       0xf4 ./Generated_Code/ASerialLdd2.o
                0x0000000000006238                ASerialLdd2_Interrupt
 .text.ASerialLdd2_GetError
                0x000000000000632c       0x30 ./Generated_Code/ASerialLdd2.o
                0x000000000000632c                ASerialLdd2_GetError
 .text.isRxError
                0x000000000000635c      0x124 ./Generated_Code/BT1.o
 .text.RxResponse
                0x0000000000006480       0xd0 ./Generated_Code/BT1.o
 .text.ExecuteQueryString
                0x0000000000006550       0x50 ./Generated_Code/BT1.o
 .text.PrintShortStatus
                0x00000000000065a0       0x70 ./Generated_Code/BT1.o
 .text.PrintLongStatus
                0x0000000000006610       0x88 ./Generated_Code/BT1.o
 .text.PrintHelp
                0x0000000000006698       0xac ./Generated_Code/BT1.o
 .text.SendCommand
                0x0000000000006744       0x84 ./Generated_Code/BT1.o
 .text.BT1_SendATCommand
                0x00000000000067c8       0x50 ./Generated_Code/BT1.o
                0x00000000000067c8                BT1_SendATCommand
 .text.BT1_StdCmd
                0x0000000000006818       0x5c ./Generated_Code/BT1.o
                0x0000000000006818                BT1_StdCmd
 .text.BT1_StdOKCmd
                0x0000000000006874       0x28 ./Generated_Code/BT1.o
                0x0000000000006874                BT1_StdOKCmd
 .text.BT1_QueryString
                0x000000000000689c       0x94 ./Generated_Code/BT1.o
                0x000000000000689c                BT1_QueryString
 .text.BT1_Init
                0x0000000000006930       0x44 ./Generated_Code/BT1.o
                0x0000000000006930                BT1_Init
 .text.BT1_btTestUART
                0x0000000000006974       0x14 ./Generated_Code/BT1.o
                0x0000000000006974                BT1_btTestUART
 .text.BT1_btQueryFirmwareVersionStr
                0x0000000000006988       0x28 ./Generated_Code/BT1.o
                0x0000000000006988                BT1_btQueryFirmwareVersionStr
 .text.BT1_btSetDeviceName
                0x00000000000069b0       0x5c ./Generated_Code/BT1.o
                0x00000000000069b0                BT1_btSetDeviceName
 .text.BT1_btSetPairingPasskey
                0x0000000000006a0c       0x5c ./Generated_Code/BT1.o
                0x0000000000006a0c                BT1_btSetPairingPasskey
 .text.BT1_btSetBaud
                0x0000000000006a68      0x150 ./Generated_Code/BT1.o
                0x0000000000006a68                BT1_btSetBaud
 .text.BT1_ParseCommand
                0x0000000000006bb8      0x1e0 ./Generated_Code/BT1.o
                0x0000000000006bb8                BT1_ParseCommand
 .text.BT1_StdIOKeyPressed
                0x0000000000006d98       0x1c ./Generated_Code/BT1.o
                0x0000000000006d98                BT1_StdIOKeyPressed
 .text.BT1_StdIOReadChar
                0x0000000000006db4       0x20 ./Generated_Code/BT1.o
                0x0000000000006db4                BT1_StdIOReadChar
 .text.BT1_StdIOSendChar
                0x0000000000006dd4       0x20 ./Generated_Code/BT1.o
                0x0000000000006dd4                BT1_StdIOSendChar
 .text.BitIoLdd1_Init
                0x0000000000006df4       0x64 ./Generated_Code/BitIoLdd1.o
                0x0000000000006df4                BitIoLdd1_Init
 .text.BitIoLdd1_GetVal
                0x0000000000006e58       0x30 ./Generated_Code/BitIoLdd1.o
                0x0000000000006e58                BitIoLdd1_GetVal
 .text.BitIoLdd1_PutVal
                0x0000000000006e88       0x30 ./Generated_Code/BitIoLdd1.o
                0x0000000000006e88                BitIoLdd1_PutVal
 .text.BitIoLdd1_ClrVal
                0x0000000000006eb8       0x1c ./Generated_Code/BitIoLdd1.o
                0x0000000000006eb8                BitIoLdd1_ClrVal
 .text.BitIoLdd1_SetVal
                0x0000000000006ed4       0x1c ./Generated_Code/BitIoLdd1.o
                0x0000000000006ed4                BitIoLdd1_SetVal
 .text.BitIoLdd1_NegVal
                0x0000000000006ef0       0x1c ./Generated_Code/BitIoLdd1.o
                0x0000000000006ef0                BitIoLdd1_NegVal
 .text.BitIoLdd10_Init
                0x0000000000006f0c       0x64 ./Generated_Code/BitIoLdd10.o
                0x0000000000006f0c                BitIoLdd10_Init
 .text.BitIoLdd10_SetInput
                0x0000000000006f70       0x24 ./Generated_Code/BitIoLdd10.o
                0x0000000000006f70                BitIoLdd10_SetInput
 .text.BitIoLdd10_SetOutput
                0x0000000000006f94       0x24 ./Generated_Code/BitIoLdd10.o
                0x0000000000006f94                BitIoLdd10_SetOutput
 .text.BitIoLdd10_GetVal
                0x0000000000006fb8       0x48 ./Generated_Code/BitIoLdd10.o
                0x0000000000006fb8                BitIoLdd10_GetVal
 .text.BitIoLdd10_SetVal
                0x0000000000007000       0x1c ./Generated_Code/BitIoLdd10.o
                0x0000000000007000                BitIoLdd10_SetVal
 .text.BitIoLdd11_Init
                0x000000000000701c       0x64 ./Generated_Code/BitIoLdd11.o
                0x000000000000701c                BitIoLdd11_Init
 .text.BitIoLdd11_SetInput
                0x0000000000007080       0x24 ./Generated_Code/BitIoLdd11.o
                0x0000000000007080                BitIoLdd11_SetInput
 .text.BitIoLdd11_SetOutput
                0x00000000000070a4       0x24 ./Generated_Code/BitIoLdd11.o
                0x00000000000070a4                BitIoLdd11_SetOutput
 .text.BitIoLdd11_GetVal
                0x00000000000070c8       0x48 ./Generated_Code/BitIoLdd11.o
                0x00000000000070c8                BitIoLdd11_GetVal
 .text.BitIoLdd11_SetVal
                0x0000000000007110       0x1c ./Generated_Code/BitIoLdd11.o
                0x0000000000007110                BitIoLdd11_SetVal
 .text.BitIoLdd12_Init
                0x000000000000712c       0x64 ./Generated_Code/BitIoLdd12.o
                0x000000000000712c                BitIoLdd12_Init
 .text.BitIoLdd12_SetInput
                0x0000000000007190       0x24 ./Generated_Code/BitIoLdd12.o
                0x0000000000007190                BitIoLdd12_SetInput
 .text.BitIoLdd12_SetOutput
                0x00000000000071b4       0x24 ./Generated_Code/BitIoLdd12.o
                0x00000000000071b4                BitIoLdd12_SetOutput
 .text.BitIoLdd12_GetVal
                0x00000000000071d8       0x48 ./Generated_Code/BitIoLdd12.o
                0x00000000000071d8                BitIoLdd12_GetVal
 .text.BitIoLdd12_SetVal
                0x0000000000007220       0x1c ./Generated_Code/BitIoLdd12.o
                0x0000000000007220                BitIoLdd12_SetVal
 .text.BitIoLdd13_Init
                0x000000000000723c       0x64 ./Generated_Code/BitIoLdd13.o
                0x000000000000723c                BitIoLdd13_Init
 .text.BitIoLdd13_SetInput
                0x00000000000072a0       0x24 ./Generated_Code/BitIoLdd13.o
                0x00000000000072a0                BitIoLdd13_SetInput
 .text.BitIoLdd13_SetOutput
                0x00000000000072c4       0x24 ./Generated_Code/BitIoLdd13.o
                0x00000000000072c4                BitIoLdd13_SetOutput
 .text.BitIoLdd13_GetVal
                0x00000000000072e8       0x48 ./Generated_Code/BitIoLdd13.o
                0x00000000000072e8                BitIoLdd13_GetVal
 .text.BitIoLdd13_SetVal
                0x0000000000007330       0x1c ./Generated_Code/BitIoLdd13.o
                0x0000000000007330                BitIoLdd13_SetVal
 .text.BitIoLdd14_Init
                0x000000000000734c       0x64 ./Generated_Code/BitIoLdd14.o
                0x000000000000734c                BitIoLdd14_Init
 .text.BitIoLdd14_SetInput
                0x00000000000073b0       0x24 ./Generated_Code/BitIoLdd14.o
                0x00000000000073b0                BitIoLdd14_SetInput
 .text.BitIoLdd14_SetOutput
                0x00000000000073d4       0x24 ./Generated_Code/BitIoLdd14.o
                0x00000000000073d4                BitIoLdd14_SetOutput
 .text.BitIoLdd14_GetVal
                0x00000000000073f8       0x48 ./Generated_Code/BitIoLdd14.o
                0x00000000000073f8                BitIoLdd14_GetVal
 .text.BitIoLdd14_SetVal
                0x0000000000007440       0x1c ./Generated_Code/BitIoLdd14.o
                0x0000000000007440                BitIoLdd14_SetVal
 .text.BitIoLdd15_Init
                0x000000000000745c       0x64 ./Generated_Code/BitIoLdd15.o
                0x000000000000745c                BitIoLdd15_Init
 .text.BitIoLdd15_ClrVal
                0x00000000000074c0       0x1c ./Generated_Code/BitIoLdd15.o
                0x00000000000074c0                BitIoLdd15_ClrVal
 .text.BitIoLdd15_SetVal
                0x00000000000074dc       0x1c ./Generated_Code/BitIoLdd15.o
                0x00000000000074dc                BitIoLdd15_SetVal
 .text.BitIoLdd16_Init
                0x00000000000074f8       0x58 ./Generated_Code/BitIoLdd16.o
                0x00000000000074f8                BitIoLdd16_Init
 .text.BitIoLdd16_GetVal
                0x0000000000007550       0x30 ./Generated_Code/BitIoLdd16.o
                0x0000000000007550                BitIoLdd16_GetVal
 .text.BitIoLdd17_Init
                0x0000000000007580       0x58 ./Generated_Code/BitIoLdd17.o
                0x0000000000007580                BitIoLdd17_Init
 .text.BitIoLdd17_GetVal
                0x00000000000075d8       0x30 ./Generated_Code/BitIoLdd17.o
                0x00000000000075d8                BitIoLdd17_GetVal
 .text.BitIoLdd18_Init
                0x0000000000007608       0x58 ./Generated_Code/BitIoLdd18.o
                0x0000000000007608                BitIoLdd18_Init
 .text.BitIoLdd18_GetVal
                0x0000000000007660       0x30 ./Generated_Code/BitIoLdd18.o
                0x0000000000007660                BitIoLdd18_GetVal
 .text.BitIoLdd19_Init
                0x0000000000007690       0x58 ./Generated_Code/BitIoLdd19.o
                0x0000000000007690                BitIoLdd19_Init
 .text.BitIoLdd19_GetVal
                0x00000000000076e8       0x30 ./Generated_Code/BitIoLdd19.o
                0x00000000000076e8                BitIoLdd19_GetVal
 .text.BitIoLdd2_Init
                0x0000000000007718       0x64 ./Generated_Code/BitIoLdd2.o
                0x0000000000007718                BitIoLdd2_Init
 .text.BitIoLdd2_GetVal
                0x000000000000777c       0x30 ./Generated_Code/BitIoLdd2.o
                0x000000000000777c                BitIoLdd2_GetVal
 .text.BitIoLdd2_PutVal
                0x00000000000077ac       0x34 ./Generated_Code/BitIoLdd2.o
                0x00000000000077ac                BitIoLdd2_PutVal
 .text.BitIoLdd2_ClrVal
                0x00000000000077e0       0x20 ./Generated_Code/BitIoLdd2.o
                0x00000000000077e0                BitIoLdd2_ClrVal
 .text.BitIoLdd2_SetVal
                0x0000000000007800       0x20 ./Generated_Code/BitIoLdd2.o
                0x0000000000007800                BitIoLdd2_SetVal
 .text.BitIoLdd2_NegVal
                0x0000000000007820       0x20 ./Generated_Code/BitIoLdd2.o
                0x0000000000007820                BitIoLdd2_NegVal
 .text.BitIoLdd20_Init
                0x0000000000007840       0x64 ./Generated_Code/BitIoLdd20.o
                0x0000000000007840                BitIoLdd20_Init
 .text.BitIoLdd20_ClrVal
                0x00000000000078a4       0x20 ./Generated_Code/BitIoLdd20.o
                0x00000000000078a4                BitIoLdd20_ClrVal
 .text.BitIoLdd21_Init
                0x00000000000078c4       0x64 ./Generated_Code/BitIoLdd21.o
                0x00000000000078c4                BitIoLdd21_Init
 .text.BitIoLdd21_ClrVal
                0x0000000000007928       0x1c ./Generated_Code/BitIoLdd21.o
                0x0000000000007928                BitIoLdd21_ClrVal
 .text.BitIoLdd21_SetVal
                0x0000000000007944       0x1c ./Generated_Code/BitIoLdd21.o
                0x0000000000007944                BitIoLdd21_SetVal
 .text.BitIoLdd4_Init
                0x0000000000007960       0x64 ./Generated_Code/BitIoLdd4.o
                0x0000000000007960                BitIoLdd4_Init
 .text.BitIoLdd4_ClrVal
                0x00000000000079c4       0x1c ./Generated_Code/BitIoLdd4.o
                0x00000000000079c4                BitIoLdd4_ClrVal
 .text.BitIoLdd4_SetVal
                0x00000000000079e0       0x1c ./Generated_Code/BitIoLdd4.o
                0x00000000000079e0                BitIoLdd4_SetVal
 .text.BitIoLdd4_NegVal
                0x00000000000079fc       0x1c ./Generated_Code/BitIoLdd4.o
                0x00000000000079fc                BitIoLdd4_NegVal
 .text.BitIoLdd5_Init
                0x0000000000007a18       0x64 ./Generated_Code/BitIoLdd5.o
                0x0000000000007a18                BitIoLdd5_Init
 .text.BitIoLdd5_PutVal
                0x0000000000007a7c       0x34 ./Generated_Code/BitIoLdd5.o
                0x0000000000007a7c                BitIoLdd5_PutVal
 .text.BitIoLdd6_Init
                0x0000000000007ab0       0x64 ./Generated_Code/BitIoLdd6.o
                0x0000000000007ab0                BitIoLdd6_Init
 .text.BitIoLdd6_PutVal
                0x0000000000007b14       0x34 ./Generated_Code/BitIoLdd6.o
                0x0000000000007b14                BitIoLdd6_PutVal
 .text.BitIoLdd7_Init
                0x0000000000007b48       0x64 ./Generated_Code/BitIoLdd7.o
                0x0000000000007b48                BitIoLdd7_Init
 .text.BitIoLdd8_Init
                0x0000000000007bac       0x58 ./Generated_Code/BitIoLdd8.o
                0x0000000000007bac                BitIoLdd8_Init
 .text.BitIoLdd9_Init
                0x0000000000007c04       0x64 ./Generated_Code/BitIoLdd9.o
                0x0000000000007c04                BitIoLdd9_Init
 .text.BitIoLdd9_SetInput
                0x0000000000007c68       0x24 ./Generated_Code/BitIoLdd9.o
                0x0000000000007c68                BitIoLdd9_SetInput
 .text.BitIoLdd9_SetOutput
                0x0000000000007c8c       0x24 ./Generated_Code/BitIoLdd9.o
                0x0000000000007c8c                BitIoLdd9_SetOutput
 .text.BitIoLdd9_GetVal
                0x0000000000007cb0       0x48 ./Generated_Code/BitIoLdd9.o
                0x0000000000007cb0                BitIoLdd9_GetVal
 .text.BitIoLdd9_SetVal
                0x0000000000007cf8       0x1c ./Generated_Code/BitIoLdd9.o
                0x0000000000007cf8                BitIoLdd9_SetVal
 .text.CLS1_SendStr
                0x0000000000007d14       0x28 ./Generated_Code/CLS1.o
                0x0000000000007d14                CLS1_SendStr
 .text.CLS1_SendNum32s
                0x0000000000007d3c       0x2c ./Generated_Code/CLS1.o
                0x0000000000007d3c                CLS1_SendNum32s
 .text.CLS1_SendNum32u
                0x0000000000007d68       0x2c ./Generated_Code/CLS1.o
                0x0000000000007d68                CLS1_SendNum32u
 .text.CLS1_SendNum16u
                0x0000000000007d94       0x30 ./Generated_Code/CLS1.o
                0x0000000000007d94                CLS1_SendNum16u
 .text.CLS1_SendNum8u
                0x0000000000007dc4       0x30 ./Generated_Code/CLS1.o
                0x0000000000007dc4                CLS1_SendNum8u
 .text.CLS1_ParseCommand
                0x0000000000007df4      0x104 ./Generated_Code/CLS1.o
                0x0000000000007df4                CLS1_ParseCommand
 .text.CLS1_PrintPrompt
                0x0000000000007ef8       0x20 ./Generated_Code/CLS1.o
                0x0000000000007ef8                CLS1_PrintPrompt
 .text.CLS1_IsHistoryCharacter
                0x0000000000007f18       0x24 ./Generated_Code/CLS1.o
                0x0000000000007f18                CLS1_IsHistoryCharacter
 .text.CLS1_ReadLine
                0x0000000000007f3c      0x124 ./Generated_Code/CLS1.o
                0x0000000000007f3c                CLS1_ReadLine
 .text.CLS1_PrintStatus
                0x0000000000008060       0x9c ./Generated_Code/CLS1.o
                0x0000000000008060                CLS1_PrintStatus
 .text.CLS1_PrintCommandFailed
                0x00000000000080fc       0x6c ./Generated_Code/CLS1.o
                0x00000000000080fc                CLS1_PrintCommandFailed
 .text.CLS1_IterateTable
                0x0000000000008168       0x4c ./Generated_Code/CLS1.o
                0x0000000000008168                CLS1_IterateTable
 .text.CLS1_ParseWithCommandTable
                0x00000000000081b4      0x168 ./Generated_Code/CLS1.o
                0x00000000000081b4                CLS1_ParseWithCommandTable
 .text.CLS1_GetStdio
                0x000000000000831c       0x18 ./Generated_Code/CLS1.o
                0x000000000000831c                CLS1_GetStdio
 .text.CLS1_ReadAndParseWithCommandTable
                0x0000000000008334       0xcc ./Generated_Code/CLS1.o
                0x0000000000008334                CLS1_ReadAndParseWithCommandTable
 .text.SendSeparatedStrings
                0x0000000000008400       0x64 ./Generated_Code/CLS1.o
 .text.CLS1_SendHelpStr
                0x0000000000008464       0x24 ./Generated_Code/CLS1.o
                0x0000000000008464                CLS1_SendHelpStr
 .text.CLS1_SendStatusStr
                0x0000000000008488       0x24 ./Generated_Code/CLS1.o
                0x0000000000008488                CLS1_SendStatusStr
 .text.CLS1_ReadChar
                0x00000000000084ac       0x24 ./Generated_Code/CLS1.o
                0x00000000000084ac                CLS1_ReadChar
 .text.CLS1_SendChar
                0x00000000000084d0       0x40 ./Generated_Code/CLS1.o
                0x00000000000084d0                CLS1_SendChar
 .text.CLS1_KeyPressed
                0x0000000000008510       0x24 ./Generated_Code/CLS1.o
                0x0000000000008510                CLS1_KeyPressed
 .text.CLS1_Init
                0x0000000000008534        0xc ./Generated_Code/CLS1.o
                0x0000000000008534                CLS1_Init
 .text.Cpu_ivINT_PORTA
                0x0000000000008540       0x1c ./Generated_Code/Cpu.o
                0x0000000000008540                Cpu_ivINT_PORTA
 .text.Cpu_INT_NMIInterrupt
                0x000000000000855c       0x1c ./Generated_Code/Cpu.o
                0x000000000000855c                Cpu_INT_NMIInterrupt
 .text.Cpu_Interrupt
                0x0000000000008578       0x18 ./Generated_Code/Cpu.o
                0x0000000000008578                Cpu_Interrupt
 .text.__init_hardware
                0x0000000000008590      0x18c ./Generated_Code/Cpu.o
                0x0000000000008590                __init_hardware
 .text.PE_low_level_init
                0x000000000000871c      0x1e0 ./Generated_Code/Cpu.o
                0x000000000000871c                PE_low_level_init
 .text.ExtIntLdd1_Init
                0x00000000000088fc       0x7c ./Generated_Code/ExtIntLdd1.o
                0x00000000000088fc                ExtIntLdd1_Init
 .text.ExtIntLdd1_Enable
                0x0000000000008978       0x38 ./Generated_Code/ExtIntLdd1.o
                0x0000000000008978                ExtIntLdd1_Enable
 .text.ExtIntLdd1_Disable
                0x00000000000089b0       0x28 ./Generated_Code/ExtIntLdd1.o
                0x00000000000089b0                ExtIntLdd1_Disable
 .text.ExtIntLdd1_Interrupt
                0x00000000000089d8       0x3c ./Generated_Code/ExtIntLdd1.o
                0x00000000000089d8                ExtIntLdd1_Interrupt
 .text.ExtIntLdd1_GetVal
                0x0000000000008a14       0x2c ./Generated_Code/ExtIntLdd1.o
                0x0000000000008a14                ExtIntLdd1_GetVal
 .text.ExtIntLdd2_Init
                0x0000000000008a40       0x7c ./Generated_Code/ExtIntLdd2.o
                0x0000000000008a40                ExtIntLdd2_Init
 .text.ExtIntLdd2_Interrupt
                0x0000000000008abc       0x40 ./Generated_Code/ExtIntLdd2.o
                0x0000000000008abc                ExtIntLdd2_Interrupt
 .text.PrintTaskList
                0x0000000000008afc      0x4a4 ./Generated_Code/FRTOS1.o
 .text.PrintStatus
                0x0000000000008fa0       0xe4 ./Generated_Code/FRTOS1.o
 .text.PrintHelp
                0x0000000000009084       0x54 ./Generated_Code/FRTOS1.o
 .text.FRTOS1_ParseCommand
                0x00000000000090d8       0xa0 ./Generated_Code/FRTOS1.o
                0x00000000000090d8                FRTOS1_ParseCommand
 .text.HF1_HandlerC
                0x0000000000009178       0xd4 ./Generated_Code/HF1.o
                0x0000000000009178                HF1_HandlerC
 .text.HF1_HardFaultHandler
                0x000000000000924c       0x1c ./Generated_Code/HF1.o
                0x000000000000924c                HF1_HardFaultHandler
 .text.ExtIntLdd2_OnInterrupt
                0x0000000000009268       0x14 ./Generated_Code/IRQ1.o
                0x0000000000009268                ExtIntLdd2_OnInterrupt
 .text.MOTTU_Init
                0x000000000000927c      0x120 ./Generated_Code/MOTTU.o
                0x000000000000927c                MOTTU_Init
 .text.MOTTU_Enable
                0x000000000000939c       0x30 ./Generated_Code/MOTTU.o
                0x000000000000939c                MOTTU_Enable
 .text.MOTTU_GetPeriodTicks
                0x00000000000093cc       0x30 ./Generated_Code/MOTTU.o
                0x00000000000093cc                MOTTU_GetPeriodTicks
 .text.MOTTU_SetOffsetTicks
                0x00000000000093fc       0x54 ./Generated_Code/MOTTU.o
                0x00000000000093fc                MOTTU_SetOffsetTicks
 .text.PTA_Init
                0x0000000000009450        0xc ./Generated_Code/PTA.o
                0x0000000000009450                PTA_Init
 .text.PwmLdd2_Init
                0x000000000000945c       0x54 ./Generated_Code/PwmLdd2.o
                0x000000000000945c                PwmLdd2_Init
 .text.PwmLdd2_Enable
                0x00000000000094b0       0x30 ./Generated_Code/PwmLdd2.o
                0x00000000000094b0                PwmLdd2_Enable
 .text.PwmLdd2_SetRatio16
                0x00000000000094e0       0x28 ./Generated_Code/PwmLdd2.o
                0x00000000000094e0                PwmLdd2_SetRatio16
 .text.SetRatio
                0x0000000000009508       0x54 ./Generated_Code/PwmLdd2.o
 .text.PwmLdd3_Init
                0x000000000000955c       0x54 ./Generated_Code/PwmLdd3.o
                0x000000000000955c                PwmLdd3_Init
 .text.PwmLdd3_Enable
                0x00000000000095b0       0x30 ./Generated_Code/PwmLdd3.o
                0x00000000000095b0                PwmLdd3_Enable
 .text.PwmLdd3_SetRatio16
                0x00000000000095e0       0x28 ./Generated_Code/PwmLdd3.o
                0x00000000000095e0                PwmLdd3_SetRatio16
 .text.SetRatio
                0x0000000000009608       0x54 ./Generated_Code/PwmLdd3.o
 .text.Q4CLeft_SetPos
                0x000000000000965c       0x1c ./Generated_Code/Q4CLeft.o
                0x000000000000965c                Q4CLeft_SetPos
 .text.Q4CLeft_GetPos
                0x0000000000009678       0x18 ./Generated_Code/Q4CLeft.o
                0x0000000000009678                Q4CLeft_GetPos
 .text.Q4CLeft_Sample
                0x0000000000009690       0x9c ./Generated_Code/Q4CLeft.o
                0x0000000000009690                Q4CLeft_Sample
 .text.Q4CLeft_NofErrors
                0x000000000000972c       0x18 ./Generated_Code/Q4CLeft.o
                0x000000000000972c                Q4CLeft_NofErrors
 .text.Q4CLeft_Init
                0x0000000000009744       0x5c ./Generated_Code/Q4CLeft.o
                0x0000000000009744                Q4CLeft_Init
 .text.Q4CLeft_ParseCommand
                0x00000000000097a0      0x1f0 ./Generated_Code/Q4CLeft.o
                0x00000000000097a0                Q4CLeft_ParseCommand
 .text.Q4CRight_SetPos
                0x0000000000009990       0x1c ./Generated_Code/Q4CRight.o
                0x0000000000009990                Q4CRight_SetPos
 .text.Q4CRight_GetPos
                0x00000000000099ac       0x18 ./Generated_Code/Q4CRight.o
                0x00000000000099ac                Q4CRight_GetPos
 .text.Q4CRight_Sample
                0x00000000000099c4       0x9c ./Generated_Code/Q4CRight.o
                0x00000000000099c4                Q4CRight_Sample
 .text.Q4CRight_NofErrors
                0x0000000000009a60       0x18 ./Generated_Code/Q4CRight.o
                0x0000000000009a60                Q4CRight_NofErrors
 .text.Q4CRight_Init
                0x0000000000009a78       0x5c ./Generated_Code/Q4CRight.o
                0x0000000000009a78                Q4CRight_Init
 .text.Q4CRight_ParseCommand
                0x0000000000009ad4      0x1f0 ./Generated_Code/Q4CRight.o
                0x0000000000009ad4                Q4CRight_ParseCommand
 .text.TimerIntLdd2_OnInterrupt
                0x0000000000009cc4       0x14 ./Generated_Code/QuadInt.o
                0x0000000000009cc4                TimerIntLdd2_OnInterrupt
 .text.RAPP_PutPayload
                0x0000000000009cd8       0x3c ./Generated_Code/RApp.o
                0x0000000000009cd8                RAPP_PutPayload
 .text.RAPP_SendPayloadDataBlock
                0x0000000000009d14       0x68 ./Generated_Code/RApp.o
                0x0000000000009d14                RAPP_SendPayloadDataBlock
 .text.RF1_ConfigureSPI
                0x0000000000009d7c       0x20 ./Generated_Code/RF1.o
                0x0000000000009d7c                RF1_ConfigureSPI
 .text.SPIWriteRead
                0x0000000000009d9c       0x5c ./Generated_Code/RF1.o
 .text.IRQ1_OnInterrupt
                0x0000000000009df8       0x1c ./Generated_Code/RF1.o
                0x0000000000009df8                IRQ1_OnInterrupt
 .text.RF1_WriteRegister
                0x0000000000009e14       0x58 ./Generated_Code/RF1.o
                0x0000000000009e14                RF1_WriteRegister
 .text.RF1_ReadRegister
                0x0000000000009e6c       0x54 ./Generated_Code/RF1.o
                0x0000000000009e6c                RF1_ReadRegister
 .text.RF1_WriteRead
                0x0000000000009ec0       0x4c ./Generated_Code/RF1.o
                0x0000000000009ec0                RF1_WriteRead
 .text.RF1_Write
                0x0000000000009f0c       0x44 ./Generated_Code/RF1.o
                0x0000000000009f0c                RF1_Write
 .text.RF1_GetStatus
                0x0000000000009f50       0x10 ./Generated_Code/RF1.o
                0x0000000000009f50                RF1_GetStatus
 .text.RF1_SetChannel
                0x0000000000009f60       0x24 ./Generated_Code/RF1.o
                0x0000000000009f60                RF1_SetChannel
 .text.RF1_GetChannel
                0x0000000000009f84       0x20 ./Generated_Code/RF1.o
                0x0000000000009f84                RF1_GetChannel
 .text.RF1_ReadObserveTxRegister
                0x0000000000009fa4       0x34 ./Generated_Code/RF1.o
                0x0000000000009fa4                RF1_ReadObserveTxRegister
 .text.RF1_SetOutputPower
                0x0000000000009fd8       0x78 ./Generated_Code/RF1.o
                0x0000000000009fd8                RF1_SetOutputPower
 .text.RF1_GetOutputPower
                0x000000000000a050       0x68 ./Generated_Code/RF1.o
                0x000000000000a050                RF1_GetOutputPower
 .text.RF1_GetDataRate
                0x000000000000a0b8       0x5c ./Generated_Code/RF1.o
                0x000000000000a0b8                RF1_GetDataRate
 .text.RF1_GetFifoStatus
                0x000000000000a114       0x20 ./Generated_Code/RF1.o
                0x000000000000a114                RF1_GetFifoStatus
 .text.RMAC_PutPayload
                0x000000000000a134       0x68 ./Generated_Code/RMAC.o
                0x000000000000a134                RMAC_PutPayload
 .text.RMSG_RxQueueNofItems
                0x000000000000a19c       0x18 ./Generated_Code/RMSG.o
                0x000000000000a19c                RMSG_RxQueueNofItems
 .text.RMSG_TxQueueNofItems
                0x000000000000a1b4       0x18 ./Generated_Code/RMSG.o
                0x000000000000a1b4                RMSG_TxQueueNofItems
 .text.RMSG_FlushRxQueue
                0x000000000000a1cc       0x24 ./Generated_Code/RMSG.o
                0x000000000000a1cc                RMSG_FlushRxQueue
 .text.RMSG_FlushTxQueue
                0x000000000000a1f0       0x24 ./Generated_Code/RMSG.o
                0x000000000000a1f0                RMSG_FlushTxQueue
 .text.RMSG_QueuePut
                0x000000000000a214       0xd0 ./Generated_Code/RMSG.o
                0x000000000000a214                RMSG_QueuePut
 .text.RMSG_QueueTxMsg
                0x000000000000a2e4       0x34 ./Generated_Code/RMSG.o
                0x000000000000a2e4                RMSG_QueueTxMsg
 .text.RMSG_PrintHelp
                0x000000000000a318       0x40 ./Generated_Code/RMSG.o
 .text.RMSG_PrintStatus
                0x000000000000a358       0x9c ./Generated_Code/RMSG.o
 .text.RMSG_ParseCommand
                0x000000000000a3f4       0x84 ./Generated_Code/RMSG.o
                0x000000000000a3f4                RMSG_ParseCommand
 .text.RF1_OnInterrupt
                0x000000000000a478        0xc ./Generated_Code/RNET1.o
                0x000000000000a478                RF1_OnInterrupt
 .text.RNET1_ParseCommand
                0x000000000000a484       0x28 ./Generated_Code/RNET1.o
                0x000000000000a484                RNET1_ParseCommand
 .text.RNWK_GetThisNodeAddr
                0x000000000000a4ac       0x18 ./Generated_Code/RNWK.o
                0x000000000000a4ac                RNWK_GetThisNodeAddr
 .text.RNWK_SetThisNodeAddr
                0x000000000000a4c4       0x24 ./Generated_Code/RNWK.o
                0x000000000000a4c4                RNWK_SetThisNodeAddr
 .text.RNWK_PutPayload
                0x000000000000a4e8       0x44 ./Generated_Code/RNWK.o
                0x000000000000a4e8                RNWK_PutPayload
 .text.PrintHelp
                0x000000000000a52c       0x40 ./Generated_Code/RNWK.o
 .text.PrintStatus
                0x000000000000a56c       0x74 ./Generated_Code/RNWK.o
 .text.RNWK_ParseCommand
                0x000000000000a5e0       0x80 ./Generated_Code/RNWK.o
                0x000000000000a5e0                RNWK_ParseCommand
 .text.RPHY_FlushRxQueue
                0x000000000000a660       0x10 ./Generated_Code/RPHY.o
                0x000000000000a660                RPHY_FlushRxQueue
 .text.RPHY_FlushTxQueue
                0x000000000000a670       0x10 ./Generated_Code/RPHY.o
                0x000000000000a670                RPHY_FlushTxQueue
 .text.RPHY_PutPayload
                0x000000000000a680       0x24 ./Generated_Code/RPHY.o
                0x000000000000a680                RPHY_PutPayload
 .text.AddToQueue
                0x000000000000a6a4       0x44 ./Generated_Code/RStdIO.o
 .text.RSTDIO_AddToQueue
                0x000000000000a6e8       0xc4 ./Generated_Code/RStdIO.o
                0x000000000000a6e8                RSTDIO_AddToQueue
 .text.RSTDIO_NofElements
                0x000000000000a7ac       0x1c ./Generated_Code/RStdIO.o
 .text.RSTDIO_NofInQueue
                0x000000000000a7c8       0xb4 ./Generated_Code/RStdIO.o
                0x000000000000a7c8                RSTDIO_NofInQueue
 .text.RSTDIO_ReceiveChar
                0x000000000000a87c       0x30 ./Generated_Code/RStdIO.o
 .text.RSTDIO_ReceiveQueueChar
                0x000000000000a8ac       0xa8 ./Generated_Code/RStdIO.o
                0x000000000000a8ac                RSTDIO_ReceiveQueueChar
 .text.FlushAndTxQueue
                0x000000000000a954       0xd8 ./Generated_Code/RStdIO.o
 .text.RSTDIO_TxStdInSendChar
                0x000000000000aa2c       0x38 ./Generated_Code/RStdIO.o
 .text.RSTDIO_TxStdOut
                0x000000000000aa64       0x38 ./Generated_Code/RStdIO.o
 .text.RSTDIO_TxStdErr
                0x000000000000aa9c       0x38 ./Generated_Code/RStdIO.o
 .text.RSTDIO_SendToTxStdio
                0x000000000000aad4       0x90 ./Generated_Code/RStdIO.o
                0x000000000000aad4                RSTDIO_SendToTxStdio
 .text.RSTDIO_RxStdInReadChar
                0x000000000000ab64       0x1c ./Generated_Code/RStdIO.o
 .text.RSTDIO_RxStdInKeyPressed
                0x000000000000ab80       0x24 ./Generated_Code/RStdIO.o
 .text.RSTDIO_GetStdioRx
                0x000000000000aba4       0x14 ./Generated_Code/RStdIO.o
                0x000000000000aba4                RSTDIO_GetStdioRx
 .text.RSTDIO_Print
                0x000000000000abb8       0x5c ./Generated_Code/RStdIO.o
                0x000000000000abb8                RSTDIO_Print
 .text.RTT1_RecvChar
                0x000000000000ac14       0x2c ./Generated_Code/RTT1.o
                0x000000000000ac14                RTT1_RecvChar
 .text.RTT1_SendChar
                0x000000000000ac40       0x30 ./Generated_Code/RTT1.o
                0x000000000000ac40                RTT1_SendChar
 .text.RTT1_Init
                0x000000000000ac70       0x30 ./Generated_Code/RTT1.o
                0x000000000000ac70                RTT1_Init
 .text.RADIO_OnInterrupt
                0x000000000000aca0       0x18 ./Generated_Code/Radio.o
                0x000000000000aca0                RADIO_OnInterrupt
 .text.RADIO_FlushQueues
                0x000000000000acb8       0x30 ./Generated_Code/Radio.o
                0x000000000000acb8                RADIO_FlushQueues
 .text.RADIO_Flush
                0x000000000000ace8       0x18 ./Generated_Code/Radio.o
 .text.RADIO_SetChannel
                0x000000000000ad00       0x28 ./Generated_Code/Radio.o
                0x000000000000ad00                RADIO_SetChannel
 .text.RadioStateStr
                0x000000000000ad28       0x84 ./Generated_Code/Radio.o
 .text.RADIO_PrintHelp
                0x000000000000adac       0xc0 ./Generated_Code/Radio.o
 .text.RadioPrintRegisters
                0x000000000000ae6c       0x94 ./Generated_Code/Radio.o
 .text.RADIO_PrintStatus
                0x000000000000af00      0x474 ./Generated_Code/Radio.o
 .text.RADIO_ParseCommand
                0x000000000000b374      0x288 ./Generated_Code/Radio.o
                0x000000000000b374                RADIO_ParseCommand
 .text.RefCnt_Init
                0x000000000000b5fc       0x80 ./Generated_Code/RefCnt.o
                0x000000000000b5fc                RefCnt_Init
 .text.RefCnt_ResetCounter
                0x000000000000b67c       0x20 ./Generated_Code/RefCnt.o
                0x000000000000b67c                RefCnt_ResetCounter
 .text.RefCnt_GetCounterValue
                0x000000000000b69c       0x1c ./Generated_Code/RefCnt.o
                0x000000000000b69c                RefCnt_GetCounterValue
 .text._DoInit  0x000000000000b6b8       0xa4 ./Generated_Code/SEGGER_RTT.o
 .text._WriteBlocking
                0x000000000000b75c       0xb4 ./Generated_Code/SEGGER_RTT.o
 .text._WriteNoCheck
                0x000000000000b810       0x80 ./Generated_Code/SEGGER_RTT.o
 .text._GetAvailWriteSpace
                0x000000000000b890       0x48 ./Generated_Code/SEGGER_RTT.o
 .text.SEGGER_RTT_ReadNoLock
                0x000000000000b8d8       0xf4 ./Generated_Code/SEGGER_RTT.o
                0x000000000000b8d8                SEGGER_RTT_ReadNoLock
 .text.SEGGER_RTT_Read
                0x000000000000b9cc       0x2c ./Generated_Code/SEGGER_RTT.o
                0x000000000000b9cc                SEGGER_RTT_Read
 .text.SEGGER_RTT_WriteSkipNoLock
                0x000000000000b9f8      0x140 ./Generated_Code/SEGGER_RTT.o
                0x000000000000b9f8                SEGGER_RTT_WriteSkipNoLock
 .text.SEGGER_RTT_WriteNoLock
                0x000000000000bb38       0x9c ./Generated_Code/SEGGER_RTT.o
                0x000000000000bb38                SEGGER_RTT_WriteNoLock
 .text.SEGGER_RTT_Write
                0x000000000000bbd4       0x3c ./Generated_Code/SEGGER_RTT.o
                0x000000000000bbd4                SEGGER_RTT_Write
 .text.SEGGER_RTT_GetKey
                0x000000000000bc10       0x34 ./Generated_Code/SEGGER_RTT.o
                0x000000000000bc10                SEGGER_RTT_GetKey
 .text.SEGGER_RTT_HasKey
                0x000000000000bc44       0x3c ./Generated_Code/SEGGER_RTT.o
                0x000000000000bc44                SEGGER_RTT_HasKey
 .text.SEGGER_RTT_ConfigUpBuffer
                0x000000000000bc80       0xc8 ./Generated_Code/SEGGER_RTT.o
                0x000000000000bc80                SEGGER_RTT_ConfigUpBuffer
 .text.SEGGER_RTT_ConfigDownBuffer
                0x000000000000bd48       0xc8 ./Generated_Code/SEGGER_RTT.o
                0x000000000000bd48                SEGGER_RTT_ConfigDownBuffer
 .text.SEGGER_RTT_Init
                0x000000000000be10       0x18 ./Generated_Code/SEGGER_RTT.o
                0x000000000000be10                SEGGER_RTT_Init
 .text._EncodeStr
                0x000000000000be28       0x58 ./Generated_Code/SEGGER_SYSVIEW.o
 .text._PreparePacket
                0x000000000000be80       0x18 ./Generated_Code/SEGGER_SYSVIEW.o
 .text._HandleIncomingPacket
                0x000000000000be98       0xb0 ./Generated_Code/SEGGER_SYSVIEW.o
 .text._TrySendOverflowPacket
                0x000000000000bf48       0xec ./Generated_Code/SEGGER_SYSVIEW.o
 .text._SendPacket
                0x000000000000c034      0x18c ./Generated_Code/SEGGER_SYSVIEW.o
 .text.SEGGER_SYSVIEW_Init
                0x000000000000c1c0       0x80 ./Generated_Code/SEGGER_SYSVIEW.o
                0x000000000000c1c0                SEGGER_SYSVIEW_Init
 .text.SEGGER_SYSVIEW_SetRAMBase
                0x000000000000c240       0x1c ./Generated_Code/SEGGER_SYSVIEW.o
                0x000000000000c240                SEGGER_SYSVIEW_SetRAMBase
 .text.SEGGER_SYSVIEW_RecordVoid
                0x000000000000c25c       0x24 ./Generated_Code/SEGGER_SYSVIEW.o
                0x000000000000c25c                SEGGER_SYSVIEW_RecordVoid
 .text.SEGGER_SYSVIEW_RecordU32
                0x000000000000c280       0x64 ./Generated_Code/SEGGER_SYSVIEW.o
                0x000000000000c280                SEGGER_SYSVIEW_RecordU32
 .text.SEGGER_SYSVIEW_RecordU32x2
                0x000000000000c2e4       0x9c ./Generated_Code/SEGGER_SYSVIEW.o
                0x000000000000c2e4                SEGGER_SYSVIEW_RecordU32x2
 .text.SEGGER_SYSVIEW_RecordU32x3
                0x000000000000c380       0xd8 ./Generated_Code/SEGGER_SYSVIEW.o
                0x000000000000c380                SEGGER_SYSVIEW_RecordU32x3
 .text.SEGGER_SYSVIEW_Start
                0x000000000000c458      0x144 ./Generated_Code/SEGGER_SYSVIEW.o
                0x000000000000c458                SEGGER_SYSVIEW_Start
 .text.SEGGER_SYSVIEW_Stop
                0x000000000000c59c       0x34 ./Generated_Code/SEGGER_SYSVIEW.o
                0x000000000000c59c                SEGGER_SYSVIEW_Stop
 .text.SEGGER_SYSVIEW_GetSysDesc
                0x000000000000c5d0      0x120 ./Generated_Code/SEGGER_SYSVIEW.o
                0x000000000000c5d0                SEGGER_SYSVIEW_GetSysDesc
 .text.SEGGER_SYSVIEW_SendTaskInfo
                0x000000000000c6f0      0x1c0 ./Generated_Code/SEGGER_SYSVIEW.o
                0x000000000000c6f0                SEGGER_SYSVIEW_SendTaskInfo
 .text.SEGGER_SYSVIEW_SendTaskList
                0x000000000000c8b0       0x2c ./Generated_Code/SEGGER_SYSVIEW.o
                0x000000000000c8b0                SEGGER_SYSVIEW_SendTaskList
 .text.SEGGER_SYSVIEW_SendSysDesc
                0x000000000000c8dc       0x3c ./Generated_Code/SEGGER_SYSVIEW.o
                0x000000000000c8dc                SEGGER_SYSVIEW_SendSysDesc
 .text.SEGGER_SYSVIEW_RecordSystime
                0x000000000000c918       0x5c ./Generated_Code/SEGGER_SYSVIEW.o
                0x000000000000c918                SEGGER_SYSVIEW_RecordSystime
 .text.SEGGER_SYSVIEW_RecordEnterISR
                0x000000000000c974       0x6c ./Generated_Code/SEGGER_SYSVIEW.o
                0x000000000000c974                SEGGER_SYSVIEW_RecordEnterISR
 .text.SEGGER_SYSVIEW_RecordExitISR
                0x000000000000c9e0       0x20 ./Generated_Code/SEGGER_SYSVIEW.o
                0x000000000000c9e0                SEGGER_SYSVIEW_RecordExitISR
 .text.SEGGER_SYSVIEW_OnIdle
                0x000000000000ca00       0x20 ./Generated_Code/SEGGER_SYSVIEW.o
                0x000000000000ca00                SEGGER_SYSVIEW_OnIdle
 .text.SEGGER_SYSVIEW_OnTaskCreate
                0x000000000000ca20       0x70 ./Generated_Code/SEGGER_SYSVIEW.o
                0x000000000000ca20                SEGGER_SYSVIEW_OnTaskCreate
 .text.SEGGER_SYSVIEW_OnTaskStartExec
                0x000000000000ca90       0x70 ./Generated_Code/SEGGER_SYSVIEW.o
                0x000000000000ca90                SEGGER_SYSVIEW_OnTaskStartExec
 .text.SEGGER_SYSVIEW_OnTaskStartReady
                0x000000000000cb00       0x70 ./Generated_Code/SEGGER_SYSVIEW.o
                0x000000000000cb00                SEGGER_SYSVIEW_OnTaskStartReady
 .text.SEGGER_SYSVIEW_OnTaskStopReady
                0x000000000000cb70       0xac ./Generated_Code/SEGGER_SYSVIEW.o
                0x000000000000cb70                SEGGER_SYSVIEW_OnTaskStopReady
 .text.SEGGER_SYSVIEW_SendPacket
                0x000000000000cc1c       0x24 ./Generated_Code/SEGGER_SYSVIEW.o
                0x000000000000cc1c                SEGGER_SYSVIEW_SendPacket
 .text.SEGGER_SYSVIEW_EncodeU32
                0x000000000000cc40       0x50 ./Generated_Code/SEGGER_SYSVIEW.o
                0x000000000000cc40                SEGGER_SYSVIEW_EncodeU32
 .text.SEGGER_SYSVIEW_ShrinkId
                0x000000000000cc90       0x24 ./Generated_Code/SEGGER_SYSVIEW.o
                0x000000000000cc90                SEGGER_SYSVIEW_ShrinkId
 .text.SEGGER_SYSVIEW_SendModule
                0x000000000000ccb4      0x144 ./Generated_Code/SEGGER_SYSVIEW.o
                0x000000000000ccb4                SEGGER_SYSVIEW_SendModule
 .text.SEGGER_SYSVIEW_SendModuleDescription
                0x000000000000cdf8       0x38 ./Generated_Code/SEGGER_SYSVIEW.o
                0x000000000000cdf8                SEGGER_SYSVIEW_SendModuleDescription
 .text.SEGGER_SYSVIEW_SendNumModules
                0x000000000000ce30       0x64 ./Generated_Code/SEGGER_SYSVIEW.o
                0x000000000000ce30                SEGGER_SYSVIEW_SendNumModules
 .text.SEGGER_SYSVIEW_Warn
                0x000000000000ce94       0xe4 ./Generated_Code/SEGGER_SYSVIEW.o
                0x000000000000ce94                SEGGER_SYSVIEW_Warn
 .text._cbSendSystemDesc
                0x000000000000cf78       0x1c ./Generated_Code/SEGGER_SYSVIEW_Config.o
 .text.SEGGER_SYSVIEW_Conf
                0x000000000000cf94       0x2c ./Generated_Code/SEGGER_SYSVIEW_Config.o
                0x000000000000cf94                SEGGER_SYSVIEW_Conf
 .text._cbSendTaskList
                0x000000000000cfc0       0xb4 ./Generated_Code/SEGGER_SYSVIEW_FreeRTOS.o
 .text._cbGetTime
                0x000000000000d074       0x68 ./Generated_Code/SEGGER_SYSVIEW_FreeRTOS.o
 .text.SYSVIEW_AddTask
                0x000000000000d0dc       0xb4 ./Generated_Code/SEGGER_SYSVIEW_FreeRTOS.o
                0x000000000000d0dc                SYSVIEW_AddTask
 .text.SYSVIEW_SendTaskInfo
                0x000000000000d190       0x40 ./Generated_Code/SEGGER_SYSVIEW_FreeRTOS.o
                0x000000000000d190                SYSVIEW_SendTaskInfo
 .text.SYSVIEW_RecordU32x4
                0x000000000000d1d0       0x54 ./Generated_Code/SEGGER_SYSVIEW_FreeRTOS.o
                0x000000000000d1d0                SYSVIEW_RecordU32x4
 .text.HWEnDi   0x000000000000d224       0xa8 ./Generated_Code/SM1.o
 .text.SM1_Enable
                0x000000000000d2cc       0x20 ./Generated_Code/SM1.o
                0x000000000000d2cc                SM1_Enable
 .text.SM1_Disable
                0x000000000000d2ec       0x20 ./Generated_Code/SM1.o
                0x000000000000d2ec                SM1_Disable
 .text.SM1_RecvChar
                0x000000000000d30c       0xcc ./Generated_Code/SM1.o
                0x000000000000d30c                SM1_RecvChar
 .text.SM1_SendChar
                0x000000000000d3d8       0xec ./Generated_Code/SM1.o
                0x000000000000d3d8                SM1_SendChar
 .text.SM1_GetCharsInRxBuf
                0x000000000000d4c4       0x18 ./Generated_Code/SM1.o
                0x000000000000d4c4                SM1_GetCharsInRxBuf
 .text.SM1_GetCharsInTxBuf
                0x000000000000d4dc       0x18 ./Generated_Code/SM1.o
                0x000000000000d4dc                SM1_GetCharsInTxBuf
 .text.SM1_SetBaudRateMode
                0x000000000000d4f4       0x7c ./Generated_Code/SM1.o
                0x000000000000d4f4                SM1_SetBaudRateMode
 .text.SM1_SetShiftClockPolarity
                0x000000000000d570       0xbc ./Generated_Code/SM1.o
                0x000000000000d570                SM1_SetShiftClockPolarity
 .text.SM1_SetIdleClockPolarity
                0x000000000000d62c       0xac ./Generated_Code/SM1.o
                0x000000000000d62c                SM1_SetIdleClockPolarity
 .text.SM1_Init
                0x000000000000d6d8       0x88 ./Generated_Code/SM1.o
                0x000000000000d6d8                SM1_Init
 .text.SMasterLdd1_OnBlockReceived
                0x000000000000d760       0x90 ./Generated_Code/SM1.o
                0x000000000000d760                SMasterLdd1_OnBlockReceived
 .text.SMasterLdd1_OnBlockSent
                0x000000000000d7f0       0x8c ./Generated_Code/SM1.o
                0x000000000000d7f0                SMasterLdd1_OnBlockSent
 .text.SMasterLdd1_Init
                0x000000000000d87c      0x118 ./Generated_Code/SMasterLdd1.o
                0x000000000000d87c                SMasterLdd1_Init
 .text.SMasterLdd1_Enable
                0x000000000000d994       0x28 ./Generated_Code/SMasterLdd1.o
                0x000000000000d994                SMasterLdd1_Enable
 .text.SMasterLdd1_Disable
                0x000000000000d9bc       0x28 ./Generated_Code/SMasterLdd1.o
                0x000000000000d9bc                SMasterLdd1_Disable
 .text.SMasterLdd1_ReceiveBlock
                0x000000000000d9e4       0x4c ./Generated_Code/SMasterLdd1.o
                0x000000000000d9e4                SMasterLdd1_ReceiveBlock
 .text.SMasterLdd1_SendBlock
                0x000000000000da30       0x5c ./Generated_Code/SMasterLdd1.o
                0x000000000000da30                SMasterLdd1_SendBlock
 .text.SMasterLdd1_SelectConfiguration
                0x000000000000da8c       0x94 ./Generated_Code/SMasterLdd1.o
                0x000000000000da8c                SMasterLdd1_SelectConfiguration
 .text.SMasterLdd1_Interrupt
                0x000000000000db20      0x10c ./Generated_Code/SMasterLdd1.o
                0x000000000000db20                SMasterLdd1_Interrupt
 .text.HWEnDi   0x000000000000dc2c       0x8c ./Generated_Code/SMasterLdd1.o
 .text.ExtIntLdd1_OnInterrupt
                0x000000000000dcb8       0x14 ./Generated_Code/SW1.o
                0x000000000000dcb8                ExtIntLdd1_OnInterrupt
 .text.SYS1_Init
                0x000000000000dccc        0xc ./Generated_Code/SYS1.o
                0x000000000000dccc                SYS1_Init
 .text.HWEnDi   0x000000000000dcd8       0x1c ./Generated_Code/Serial1.o
 .text.Serial1_RecvChar
                0x000000000000dcf4       0xd8 ./Generated_Code/Serial1.o
                0x000000000000dcf4                Serial1_RecvChar
 .text.Serial1_SendChar
                0x000000000000ddcc       0xdc ./Generated_Code/Serial1.o
                0x000000000000ddcc                Serial1_SendChar
 .text.Serial1_SendBlock
                0x000000000000dea8      0x110 ./Generated_Code/Serial1.o
                0x000000000000dea8                Serial1_SendBlock
 .text.Serial1_ClearRxBuf
                0x000000000000dfb8       0x78 ./Generated_Code/Serial1.o
                0x000000000000dfb8                Serial1_ClearRxBuf
 .text.Serial1_GetCharsInRxBuf
                0x000000000000e030       0x18 ./Generated_Code/Serial1.o
                0x000000000000e030                Serial1_GetCharsInRxBuf
 .text.Serial1_Init
                0x000000000000e048       0x60 ./Generated_Code/Serial1.o
                0x000000000000e048                Serial1_Init
 .text.ASerialLdd2_OnBlockReceived
                0x000000000000e0a8       0x7c ./Generated_Code/Serial1.o
                0x000000000000e0a8                ASerialLdd2_OnBlockReceived
 .text.ASerialLdd2_OnBlockSent
                0x000000000000e124       0x88 ./Generated_Code/Serial1.o
                0x000000000000e124                ASerialLdd2_OnBlockSent
 .text.ASerialLdd2_OnError
                0x000000000000e1ac       0x98 ./Generated_Code/Serial1.o
                0x000000000000e1ac                ASerialLdd2_OnError
 .text.ASerialLdd2_OnBreak
                0x000000000000e244       0x24 ./Generated_Code/Serial1.o
                0x000000000000e244                ASerialLdd2_OnBreak
 .text.TU_MCP4728_Init
                0x000000000000e268       0xa4 ./Generated_Code/TU_MCP4728.o
                0x000000000000e268                TU_MCP4728_Init
 .text.TU_QuadInt_Init
                0x000000000000e30c       0xc4 ./Generated_Code/TU_QuadInt.o
                0x000000000000e30c                TU_QuadInt_Init
 .text.TU_QuadInt_Interrupt
                0x000000000000e3d0       0x40 ./Generated_Code/TU_QuadInt.o
                0x000000000000e3d0                TU_QuadInt_Interrupt
 .text.TimerIntLdd2_Init
                0x000000000000e410       0x50 ./Generated_Code/TimerIntLdd2.o
                0x000000000000e410                TimerIntLdd2_Init
 .text.TU_QuadInt_OnCounterRestart
                0x000000000000e460       0x24 ./Generated_Code/TimerIntLdd2.o
                0x000000000000e460                TU_QuadInt_OnCounterRestart
 .text.UTIL1_strcpy
                0x000000000000e484       0x48 ./Generated_Code/UTIL1.o
                0x000000000000e484                UTIL1_strcpy
 .text.UTIL1_strcat
                0x000000000000e4cc       0x64 ./Generated_Code/UTIL1.o
                0x000000000000e4cc                UTIL1_strcat
 .text.UTIL1_chcat
                0x000000000000e530       0x50 ./Generated_Code/UTIL1.o
                0x000000000000e530                UTIL1_chcat
 .text.UTIL1_Num8uToStr
                0x000000000000e580       0x24 ./Generated_Code/UTIL1.o
                0x000000000000e580                UTIL1_Num8uToStr
 .text.UTIL1_Num8sToStr
                0x000000000000e5a4       0x28 ./Generated_Code/UTIL1.o
                0x000000000000e5a4                UTIL1_Num8sToStr
 .text.UTIL1_Num16uToStr
                0x000000000000e5cc       0xe8 ./Generated_Code/UTIL1.o
                0x000000000000e5cc                UTIL1_Num16uToStr
 .text.UTIL1_Num16sToStr
                0x000000000000e6b4      0x13c ./Generated_Code/UTIL1.o
                0x000000000000e6b4                UTIL1_Num16sToStr
 .text.ShiftRightAndFill
                0x000000000000e7f0       0x98 ./Generated_Code/UTIL1.o
 .text.UTIL1_Num16sToStrFormatted
                0x000000000000e888       0x30 ./Generated_Code/UTIL1.o
                0x000000000000e888                UTIL1_Num16sToStrFormatted
 .text.UTIL1_strcatNum8u
                0x000000000000e8b8       0x34 ./Generated_Code/UTIL1.o
                0x000000000000e8b8                UTIL1_strcatNum8u
 .text.UTIL1_strcatNum16u
                0x000000000000e8ec       0x34 ./Generated_Code/UTIL1.o
                0x000000000000e8ec                UTIL1_strcatNum16u
 .text.UTIL1_strcatNum16s
                0x000000000000e920       0x34 ./Generated_Code/UTIL1.o
                0x000000000000e920                UTIL1_strcatNum16s
 .text.UTIL1_strcatNum8Hex
                0x000000000000e954       0x5c ./Generated_Code/UTIL1.o
                0x000000000000e954                UTIL1_strcatNum8Hex
 .text.UTIL1_strcatNum16Hex
                0x000000000000e9b0       0x68 ./Generated_Code/UTIL1.o
                0x000000000000e9b0                UTIL1_strcatNum16Hex
 .text.UTIL1_strcatNum32Hex
                0x000000000000ea18       0x68 ./Generated_Code/UTIL1.o
                0x000000000000ea18                UTIL1_strcatNum32Hex
 .text.UTIL1_strcatNum32s
                0x000000000000ea80       0x30 ./Generated_Code/UTIL1.o
                0x000000000000ea80                UTIL1_strcatNum32s
 .text.UTIL1_strcatNum32u
                0x000000000000eab0       0x30 ./Generated_Code/UTIL1.o
                0x000000000000eab0                UTIL1_strcatNum32u
 .text.UTIL1_Num32sToStr
                0x000000000000eae0      0x12c ./Generated_Code/UTIL1.o
                0x000000000000eae0                UTIL1_Num32sToStr
 .text.UTIL1_Num32uToStr
                0x000000000000ec0c       0xe4 ./Generated_Code/UTIL1.o
                0x000000000000ec0c                UTIL1_Num32uToStr
 .text.UTIL1_xatoi
                0x000000000000ecf0      0x164 ./Generated_Code/UTIL1.o
                0x000000000000ecf0                UTIL1_xatoi
 .text.UTIL1_ScanDecimal8uNumber
                0x000000000000ee54       0x94 ./Generated_Code/UTIL1.o
                0x000000000000ee54                UTIL1_ScanDecimal8uNumber
 .text.UTIL1_ScanDecimal8sNumber
                0x000000000000eee8       0x88 ./Generated_Code/UTIL1.o
                0x000000000000eee8                UTIL1_ScanDecimal8sNumber
 .text.UTIL1_ScanDecimal16uNumber
                0x000000000000ef70       0x94 ./Generated_Code/UTIL1.o
                0x000000000000ef70                UTIL1_ScanDecimal16uNumber
 .text.UTIL1_ScanDecimal32uNumber
                0x000000000000f004       0x94 ./Generated_Code/UTIL1.o
                0x000000000000f004                UTIL1_ScanDecimal32uNumber
 .text.PreScanHexNumber
                0x000000000000f098       0x58 ./Generated_Code/UTIL1.o
 .text.HexToDec
                0x000000000000f0f0       0x8c ./Generated_Code/UTIL1.o
 .text.UTIL1_ScanHex16uNumber
                0x000000000000f17c       0x80 ./Generated_Code/UTIL1.o
                0x000000000000f17c                UTIL1_ScanHex16uNumber
 .text.UTIL1_ScanHex8uNumber
                0x000000000000f1fc       0x80 ./Generated_Code/UTIL1.o
                0x000000000000f1fc                UTIL1_ScanHex8uNumber
 .text.UTIL1_strtailcmp
                0x000000000000f27c       0x60 ./Generated_Code/UTIL1.o
                0x000000000000f27c                UTIL1_strtailcmp
 .text.UTIL1_strcatPad
                0x000000000000f2dc       0xb8 ./Generated_Code/UTIL1.o
                0x000000000000f2dc                UTIL1_strcatPad
 .text.WAIT1_Wait10Cycles
                0x000000000000f394        0x8 ./Generated_Code/WAIT1.o
                0x000000000000f394                WAIT1_Wait10Cycles
 .text.WAIT1_Wait100Cycles
                0x000000000000f39c       0x1c ./Generated_Code/WAIT1.o
                0x000000000000f39c                WAIT1_Wait100Cycles
 .text.WAIT1_WaitCycles
                0x000000000000f3b8       0x34 ./Generated_Code/WAIT1.o
                0x000000000000f3b8                WAIT1_WaitCycles
 .text.pvPortMalloc
                0x000000000000f3ec      0x170 ./Generated_Code/heap_4.o
                0x000000000000f3ec                pvPortMalloc
 .text.vPortFree
                0x000000000000f55c       0x9c ./Generated_Code/heap_4.o
                0x000000000000f55c                vPortFree
 .text.xPortGetFreeHeapSize
                0x000000000000f5f8       0x18 ./Generated_Code/heap_4.o
                0x000000000000f5f8                xPortGetFreeHeapSize
 .text.prvHeapInit
                0x000000000000f610       0xc4 ./Generated_Code/heap_4.o
 .text.prvInsertBlockIntoFreeList
                0x000000000000f6d4       0xb0 ./Generated_Code/heap_4.o
 .text.vListInitialise
                0x000000000000f784       0x40 ./Generated_Code/list.o
                0x000000000000f784                vListInitialise
 .text.vListInitialiseItem
                0x000000000000f7c4       0x18 ./Generated_Code/list.o
                0x000000000000f7c4                vListInitialiseItem
 .text.vListInsertEnd
                0x000000000000f7dc       0x48 ./Generated_Code/list.o
                0x000000000000f7dc                vListInsertEnd
 .text.vListInsert
                0x000000000000f824       0x70 ./Generated_Code/list.o
                0x000000000000f824                vListInsert
 .text.uxListRemove
                0x000000000000f894       0x54 ./Generated_Code/list.o
                0x000000000000f894                uxListRemove
 .text.pxPortInitialiseStack
                0x000000000000f8e8       0x60 ./Generated_Code/port.o
                0x000000000000f8e8                pxPortInitialiseStack
 .text.vPortInitTickTimer
                0x000000000000f948       0x40 ./Generated_Code/port.o
                0x000000000000f948                vPortInitTickTimer
 .text.vPortStartTickTimer
                0x000000000000f988       0x18 ./Generated_Code/port.o
                0x000000000000f988                vPortStartTickTimer
 .text.vPortStopTickTimer
                0x000000000000f9a0       0x18 ./Generated_Code/port.o
                0x000000000000f9a0                vPortStopTickTimer
 .text.vPortEnableVFP
                0x000000000000f9b8       0x1c ./Generated_Code/port.o
                0x000000000000f9b8                vPortEnableVFP
 .text.xPortStartScheduler
                0x000000000000f9d4       0xc4 ./Generated_Code/port.o
                0x000000000000f9d4                xPortStartScheduler
 .text.vPortEnterCritical
                0x000000000000fa98       0x2c ./Generated_Code/port.o
                0x000000000000fa98                vPortEnterCritical
 .text.vPortExitCritical
                0x000000000000fac4       0x2c ./Generated_Code/port.o
                0x000000000000fac4                vPortExitCritical
 .text.vPortYieldFromISR
                0x000000000000faf0       0x20 ./Generated_Code/port.o
                0x000000000000faf0                vPortYieldFromISR
 .text.vPortTickHandler
                0x000000000000fb10       0x24 ./Generated_Code/port.o
                0x000000000000fb10                vPortTickHandler
 .text.vPortStartFirstTask
                0x000000000000fb34       0x20 ./Generated_Code/port.o
                0x000000000000fb34                vPortStartFirstTask
 .text.vPortSVCHandler
                0x000000000000fb54       0x1c ./Generated_Code/port.o
                0x000000000000fb54                vPortSVCHandler
 .text.vPortPendSVHandler
                0x000000000000fb70       0x50 ./Generated_Code/port.o
                0x000000000000fb70                vPortPendSVHandler
 .text.vPortValidateInterruptPriority
                0x000000000000fbc0       0x64 ./Generated_Code/port.o
                0x000000000000fbc0                vPortValidateInterruptPriority
 .text.xQueueGenericReset
                0x000000000000fc24       0xb4 ./Generated_Code/queue.o
                0x000000000000fc24                xQueueGenericReset
 .text.xQueueGenericCreate
                0x000000000000fcd8       0xac ./Generated_Code/queue.o
                0x000000000000fcd8                xQueueGenericCreate
 .text.xQueueGenericSend
                0x000000000000fd84      0x1e4 ./Generated_Code/queue.o
                0x000000000000fd84                xQueueGenericSend
 .text.xQueueGenericSendFromISR
                0x000000000000ff68      0x114 ./Generated_Code/queue.o
                0x000000000000ff68                xQueueGenericSendFromISR
 .text.xQueueGenericReceive
                0x000000000001007c      0x250 ./Generated_Code/queue.o
                0x000000000001007c                xQueueGenericReceive
 .text.uxQueueMessagesWaiting
                0x00000000000102cc       0x30 ./Generated_Code/queue.o
                0x00000000000102cc                uxQueueMessagesWaiting
 .text.prvCopyDataToQueue
                0x00000000000102fc       0xdc ./Generated_Code/queue.o
 .text.prvCopyDataFromQueue
                0x00000000000103d8       0x4c ./Generated_Code/queue.o
 .text.prvUnlockQueue
                0x0000000000010424       0x98 ./Generated_Code/queue.o
 .text.prvIsQueueEmpty
                0x00000000000104bc       0x2c ./Generated_Code/queue.o
 .text.prvIsQueueFull
                0x00000000000104e8       0x30 ./Generated_Code/queue.o
 .text.vQueueAddToRegistry
                0x0000000000010518       0x60 ./Generated_Code/queue.o
                0x0000000000010518                vQueueAddToRegistry
 .text.xTaskGenericCreate
                0x0000000000010578      0x1b0 ./Generated_Code/tasks.o
                0x0000000000010578                xTaskGenericCreate
 .text.vTaskDelayUntil
                0x0000000000010728       0xd4 ./Generated_Code/tasks.o
                0x0000000000010728                vTaskDelayUntil
 .text.vTaskDelay
                0x00000000000107fc       0x70 ./Generated_Code/tasks.o
                0x00000000000107fc                vTaskDelay
 .text.vTaskStartScheduler
                0x000000000001086c       0x7c ./Generated_Code/tasks.o
                0x000000000001086c                vTaskStartScheduler
 .text.vTaskSuspendAll
                0x00000000000108e8       0x1c ./Generated_Code/tasks.o
                0x00000000000108e8                vTaskSuspendAll
 .text.xTaskResumeAll
                0x0000000000010904      0x118 ./Generated_Code/tasks.o
                0x0000000000010904                xTaskResumeAll
 .text.xTaskGetTickCount
                0x0000000000010a1c       0x24 ./Generated_Code/tasks.o
                0x0000000000010a1c                xTaskGetTickCount
 .text.xTaskGetTickCountFromISR
                0x0000000000010a40       0x34 ./Generated_Code/tasks.o
                0x0000000000010a40                xTaskGetTickCountFromISR