Archive member included because of file (symbol)

/Applications/KDS_3.0.0.app/Contents/toolchain/bin/../lib/gcc/arm-none-eabi/4.8.4/../../../../arm-none-eabi/lib/armv7e-m/fpu/libg_s.a(lib_a-exit.o)
                              /Applications/KDS_3.0.0.app/Contents/toolchain/bin/../lib/gcc/arm-none-eabi/4.8.4/../../../../arm-none-eabi/lib/armv7e-m/fpu/crt0.o (exit)
/Applications/KDS_3.0.0.app/Contents/toolchain/bin/../lib/gcc/arm-none-eabi/4.8.4/../../../../arm-none-eabi/lib/armv7e-m/fpu/libg_s.a(lib_a-impure.o)
                              /Applications/KDS_3.0.0.app/Contents/toolchain/bin/../lib/gcc/arm-none-eabi/4.8.4/../../../../arm-none-eabi/lib/armv7e-m/fpu/libg_s.a(lib_a-exit.o) (_global_impure_ptr)
/Applications/KDS_3.0.0.app/Contents/toolchain/bin/../lib/gcc/arm-none-eabi/4.8.4/../../../../arm-none-eabi/lib/armv7e-m/fpu/libg_s.a(lib_a-init.o)
                              /Applications/KDS_3.0.0.app/Contents/toolchain/bin/../lib/gcc/arm-none-eabi/4.8.4/../../../../arm-none-eabi/lib/armv7e-m/fpu/crt0.o (__libc_init_array)
/Applications/KDS_3.0.0.app/Contents/toolchain/bin/../lib/gcc/arm-none-eabi/4.8.4/../../../../arm-none-eabi/lib/armv7e-m/fpu/libg_s.a(lib_a-memcpy-stub.o)
                              ./Generated_Code/SEGGER_RTT.o (memcpy)
/Applications/KDS_3.0.0.app/Contents/toolchain/bin/../lib/gcc/arm-none-eabi/4.8.4/../../../../arm-none-eabi/lib/armv7e-m/fpu/libg_s.a(lib_a-memset.o)
                              /Applications/KDS_3.0.0.app/Contents/toolchain/bin/../lib/gcc/arm-none-eabi/4.8.4/../../../../arm-none-eabi/lib/armv7e-m/fpu/crt0.o (memset)
/Applications/KDS_3.0.0.app/Contents/toolchain/bin/../lib/gcc/arm-none-eabi/4.8.4/../../../../arm-none-eabi/lib/armv7e-m/fpu/libg_s.a(lib_a-strchr.o)
                              ./Generated_Code/UTIL1.o (strchr)
/Applications/KDS_3.0.0.app/Contents/toolchain/bin/../lib/gcc/arm-none-eabi/4.8.4/../../../../arm-none-eabi/lib/armv7e-m/fpu/libg_s.a(lib_a-strcmp.o)
                              ./Sources/Buzzer.o (strcmp)
/Applications/KDS_3.0.0.app/Contents/toolchain/bin/../lib/gcc/arm-none-eabi/4.8.4/../../../../arm-none-eabi/lib/armv7e-m/fpu/libg_s.a(lib_a-strlen.o)
                              ./Generated_Code/BT1.o (strlen)
/Applications/KDS_3.0.0.app/Contents/toolchain/bin/../lib/gcc/arm-none-eabi/4.8.4/../../../../arm-none-eabi/lib/armv7e-m/fpu/libg_s.a(lib_a-strncmp.o)
                              ./Sources/Buzzer.o (strncmp)
/Applications/KDS_3.0.0.app/Contents/toolchain/bin/../lib/gcc/arm-none-eabi/4.8.4/../../../../arm-none-eabi/lib/armv7e-m/fpu/libnosys.a(_exit.o)
                              /Applications/KDS_3.0.0.app/Contents/toolchain/bin/../lib/gcc/arm-none-eabi/4.8.4/../../../../arm-none-eabi/lib/armv7e-m/fpu/libg_s.a(lib_a-exit.o) (_exit)

Allocating common symbols
Common symbol       size              file

ASerialLdd1_DeviceDataPtr
                    0x4               ./Generated_Code/AS1.o
DRV_Status          0x14              ./Sources/Drive.o
xQueueRegistry      0x30              ./Generated_Code/queue.o
ASerialLdd2_DeviceDataPtr
                    0x4               ./Generated_Code/Serial1.o
SR_reg              0x1               ./Generated_Code/Cpu.o
_SEGGER_RTT         0x78              ./Generated_Code/SEGGER_RTT.o

Discarded input sections

 .text          0x0000000000000000        0x0 /Applications/KDS_3.0.0.app/Contents/toolchain/bin/../lib/gcc/arm-none-eabi/4.8.4/armv7e-m/fpu/crti.o
 .data          0x0000000000000000        0x0 /Applications/KDS_3.0.0.app/Contents/toolchain/bin/../lib/gcc/arm-none-eabi/4.8.4/armv7e-m/fpu/crti.o
 .bss           0x0000000000000000        0x0 /Applications/KDS_3.0.0.app/Contents/toolchain/bin/../lib/gcc/arm-none-eabi/4.8.4/armv7e-m/fpu/crti.o
 .data          0x0000000000000000        0x4 /Applications/KDS_3.0.0.app/Contents/toolchain/bin/../lib/gcc/arm-none-eabi/4.8.4/armv7e-m/fpu/crtbegin.o
 .data          0x0000000000000000        0x0 /Applications/KDS_3.0.0.app/Contents/toolchain/bin/../lib/gcc/arm-none-eabi/4.8.4/../../../../arm-none-eabi/lib/armv7e-m/fpu/crt0.o
 .bss           0x0000000000000000        0x0 /Applications/KDS_3.0.0.app/Contents/toolchain/bin/../lib/gcc/arm-none-eabi/4.8.4/../../../../arm-none-eabi/lib/armv7e-m/fpu/crt0.o
 .ARM.extab     0x0000000000000000        0x0 /Applications/KDS_3.0.0.app/Contents/toolchain/bin/../lib/gcc/arm-none-eabi/4.8.4/../../../../arm-none-eabi/lib/armv7e-m/fpu/crt0.o
 .group         0x0000000000000000        0x8 ./Sources/Application.o
 .group         0x0000000000000000        0x8 ./Sources/Application.o
 .group         0x0000000000000000        0x8 ./Sources/Application.o
 .group         0x0000000000000000        0x8 ./Sources/Application.o
 .group         0x0000000000000000        0x8 ./Sources/Application.o
 .group         0x0000000000000000        0x8 ./Sources/Application.o
 .group         0x0000000000000000        0x8 ./Sources/Application.o
 .group         0x0000000000000000        0x8 ./Sources/Application.o
[...]
Memory Configuration

Name             Origin             Length             Attributes
m_interrupts     0x0000000000000000 0x0000000000000188 xr
m_text           0x0000000000000410 0x000000000007fbf0 xr
m_data           0x000000001fff8000 0x0000000000008000 rw
m_data_20000000  0x0000000020000000 0x0000000000008000 rw
m_cfmprotrom     0x0000000000000400 0x0000000000000010 xr
*default*        0x0000000000000000 0xffffffffffffffff

Linker script and memory map

LOAD /Applications/KDS_3.0.0.app/Contents/toolchain/bin/../lib/gcc/arm-none-eabi/4.8.4/armv7e-m/fpu/crti.o
LOAD /Applications/KDS_3.0.0.app/Contents/toolchain/bin/../lib/gcc/arm-none-eabi/4.8.4/armv7e-m/fpu/crtbegin.o
LOAD /Applications/KDS_3.0.0.app/Contents/toolchain/bin/../lib/gcc/arm-none-eabi/4.8.4/../../../../arm-none-eabi/lib/armv7e-m/fpu/crt0.o
LOAD ./Sources/Application.o
LOAD ./Sources/Buzzer.o
LOAD ./Sources/Debounce.o
LOAD ./Sources/Drive.o
LOAD ./Sources/Event.o
LOAD ./Sources/Events.o
LOAD ./Sources/KeyDebounce.o
LOAD ./Sources/Keys.o
LOAD ./Sources/LED.o
LOAD ./Sources/LineFollow.o
LOAD ./Sources/MCP4728.o
LOAD ./Sources/Motor.o
LOAD ./Sources/Pid.o
LOAD ./Sources/Platform.o
LOAD ./Sources/QuadCalib.o
LOAD ./Sources/RTOS.o
LOAD ./Sources/Reflectance.o
LOAD ./Sources/Sem.o
LOAD ./Sources/Shell.o
LOAD ./Sources/ShellQueue.o
LOAD ./Sources/Tacho.o
LOAD ./Sources/Timer.o
LOAD ./Sources/Trigger.o
LOAD ./Sources/main.o
LOAD ./Project_Settings/Startup_Code/startup.o
LOAD ./Generated_Code/AS1.o
LOAD ./Generated_Code/ASerialLdd1.o
LOAD ./Generated_Code/ASerialLdd2.o
LOAD ./Generated_Code/BT1.o
LOAD ./Generated_Code/BUZ1.o
LOAD ./Generated_Code/BitIoLdd1.o
LOAD ./Generated_Code/BitIoLdd10.o
LOAD ./Generated_Code/BitIoLdd11.o
LOAD ./Generated_Code/BitIoLdd12.o
LOAD ./Generated_Code/BitIoLdd13.o
LOAD ./Generated_Code/BitIoLdd14.o
LOAD ./Generated_Code/BitIoLdd15.o
LOAD ./Generated_Code/BitIoLdd16.o
LOAD ./Generated_Code/BitIoLdd17.o
LOAD ./Generated_Code/BitIoLdd18.o
LOAD ./Generated_Code/BitIoLdd19.o
LOAD ./Generated_Code/BitIoLdd2.o
LOAD ./Generated_Code/BitIoLdd4.o
LOAD ./Generated_Code/BitIoLdd5.o
LOAD ./Generated_Code/BitIoLdd6.o
LOAD ./Generated_Code/BitIoLdd7.o
LOAD ./Generated_Code/BitIoLdd8.o
LOAD ./Generated_Code/BitIoLdd9.o
LOAD ./Generated_Code/C11.o
LOAD ./Generated_Code/C12.o
LOAD ./Generated_Code/C21.o
LOAD ./Generated_Code/C22.o
LOAD ./Generated_Code/CLS1.o
LOAD ./Generated_Code/CS1.o
LOAD ./Generated_Code/Cpu.o
LOAD ./Generated_Code/DIRL.o
LOAD ./Generated_Code/DIRR.o
LOAD ./Generated_Code/ExtIntLdd1.o
LOAD ./Generated_Code/FRTOS1.o
LOAD ./Generated_Code/HF1.o
LOAD ./Generated_Code/IR1.o
LOAD ./Generated_Code/IR2.o
LOAD ./Generated_Code/IR3.o
LOAD ./Generated_Code/IR4.o
LOAD ./Generated_Code/IR5.o
LOAD ./Generated_Code/IR6.o
LOAD ./Generated_Code/KSDK1.o
LOAD ./Generated_Code/LEDPin1.o
LOAD ./Generated_Code/LEDPin2.o
LOAD ./Generated_Code/LED_IR.o
LOAD ./Generated_Code/LEDpin3.o
LOAD ./Generated_Code/MCP4728_LDAC.o
LOAD ./Generated_Code/MCP4728_RDY.o
LOAD ./Generated_Code/MOTTU.o
LOAD ./Generated_Code/PE_LDD.o
LOAD ./Generated_Code/PTA.o
LOAD ./Generated_Code/PWML.o
LOAD ./Generated_Code/PWMR.o
LOAD ./Generated_Code/PwmLdd2.o
LOAD ./Generated_Code/PwmLdd3.o
LOAD ./Generated_Code/Q4CLeft.o
LOAD ./Generated_Code/Q4CRight.o
LOAD ./Generated_Code/QuadInt.o
LOAD ./Generated_Code/RTT1.o
LOAD ./Generated_Code/RTT_Syscalls_GCC.o
LOAD ./Generated_Code/RefCnt.o
LOAD ./Generated_Code/SEGGER_RTT.o
LOAD ./Generated_Code/SEGGER_RTT_printf.o
LOAD ./Generated_Code/SEGGER_SYSVIEW.o
LOAD ./Generated_Code/SEGGER_SYSVIEW_Config.o
LOAD ./Generated_Code/SEGGER_SYSVIEW_FreeRTOS.o
LOAD ./Generated_Code/SW1.o
LOAD ./Generated_Code/SYS1.o
LOAD ./Generated_Code/Serial1.o
LOAD ./Generated_Code/TU_MCP4728.o
LOAD ./Generated_Code/TU_QuadInt.o
LOAD ./Generated_Code/TimerIntLdd2.o
LOAD ./Generated_Code/UTIL1.o
LOAD ./Generated_Code/Vectors.o
LOAD ./Generated_Code/WAIT1.o
LOAD ./Generated_Code/croutine.o
LOAD ./Generated_Code/event_groups.o
LOAD ./Generated_Code/heap_1.o
LOAD ./Generated_Code/heap_2.o
LOAD ./Generated_Code/heap_3.o
LOAD ./Generated_Code/heap_4.o
LOAD ./Generated_Code/heap_5.o
LOAD ./Generated_Code/list.o
LOAD ./Generated_Code/port.o
LOAD ./Generated_Code/queue.o
LOAD ./Generated_Code/tasks.o
LOAD ./Generated_Code/timers.o
LOAD /Applications/KDS_3.0.0.app/Contents/toolchain/bin/../lib/gcc/arm-none-eabi/4.8.4/../../../../arm-none-eabi/lib/armv7e-m/fpu/libstdc++_s.a
LOAD /Applications/KDS_3.0.0.app/Contents/toolchain/bin/../lib/gcc/arm-none-eabi/4.8.4/../../../../arm-none-eabi/lib/armv7e-m/fpu/libm.a
START GROUP
LOAD /Applications/KDS_3.0.0.app/Contents/toolchain/bin/../lib/gcc/arm-none-eabi/4.8.4/armv7e-m/fpu/libgcc.a
LOAD /Applications/KDS_3.0.0.app/Contents/toolchain/bin/../lib/gcc/arm-none-eabi/4.8.4/../../../../arm-none-eabi/lib/armv7e-m/fpu/libg_s.a
LOAD /Applications/KDS_3.0.0.app/Contents/toolchain/bin/../lib/gcc/arm-none-eabi/4.8.4/../../../../arm-none-eabi/lib/armv7e-m/fpu/libc_s.a
END GROUP
START GROUP
LOAD /Applications/KDS_3.0.0.app/Contents/toolchain/bin/../lib/gcc/arm-none-eabi/4.8.4/armv7e-m/fpu/libgcc.a
LOAD /Applications/KDS_3.0.0.app/Contents/toolchain/bin/../lib/gcc/arm-none-eabi/4.8.4/../../../../arm-none-eabi/lib/armv7e-m/fpu/libc_s.a
LOAD /Applications/KDS_3.0.0.app/Contents/toolchain/bin/../lib/gcc/arm-none-eabi/4.8.4/../../../../arm-none-eabi/lib/armv7e-m/fpu/libnosys.a
END GROUP
START GROUP
LOAD /Applications/KDS_3.0.0.app/Contents/toolchain/bin/../lib/gcc/arm-none-eabi/4.8.4/armv7e-m/fpu/libgcc.a
LOAD /Applications/KDS_3.0.0.app/Contents/toolchain/bin/../lib/gcc/arm-none-eabi/4.8.4/../../../../arm-none-eabi/lib/armv7e-m/fpu/libc_s.a
LOAD /Applications/KDS_3.0.0.app/Contents/toolchain/bin/../lib/gcc/arm-none-eabi/4.8.4/../../../../arm-none-eabi/lib/armv7e-m/fpu/libnosys.a
END GROUP
LOAD /Applications/KDS_3.0.0.app/Contents/toolchain/bin/../lib/gcc/arm-none-eabi/4.8.4/armv7e-m/fpu/crtend.o
LOAD /Applications/KDS_3.0.0.app/Contents/toolchain/bin/../lib/gcc/arm-none-eabi/4.8.4/armv7e-m/fpu/crtn.o
                0x0000000020000000                _estack = 0x20000000
                0x0000000020000000                __SP_INIT = _estack
                0x0000000020000000                __stack = _estack
                0x0000000000000000                __heap_size = 0x0
                0x0000000000000400                __stack_size = 0x400

.interrupts     0x0000000000000000      0x188
                0x0000000000000000                __vector_table = .
                0x0000000000000000                . = ALIGN (0x4)
 *(.vectortable)
 .vectortable   0x0000000000000000      0x188 ./Generated_Code/Vectors.o
                0x0000000000000000                __vect_table
                0x0000000000000188                . = ALIGN (0x4)

.cfmprotect     0x0000000000000400       0x10
                0x0000000000000400                . = ALIGN (0x4)
 *(.cfmconfig)
 .cfmconfig     0x0000000000000400       0x10 ./Generated_Code/Cpu.o
                0x0000000000000400                _cfm
                0x0000000000000410                . = ALIGN (0x4)

.text           0x0000000000000410     0xf880
                0x0000000000000410                . = ALIGN (0x4)
 *(.text)
 .text          0x0000000000000410       0x54 /Applications/KDS_3.0.0.app/Contents/toolchain/bin/../lib/gcc/arm-none-eabi/4.8.4/armv7e-m/fpu/crtbegin.o
 .text          0x0000000000000464       0x74 /Applications/KDS_3.0.0.app/Contents/toolchain/bin/../lib/gcc/arm-none-eabi/4.8.4/../../../../arm-none-eabi/lib/armv7e-m/fpu/crt0.o
                0x0000000000000464                _mainCRTStartup
                0x0000000000000464                _start
 .text          0x00000000000004d8       0x14 /Applications/KDS_3.0.0.app/Contents/toolchain/bin/../lib/gcc/arm-none-eabi/4.8.4/../../../../arm-none-eabi/lib/armv7e-m/fpu/libg_s.a(lib_a-strcmp.o)
                0x00000000000004d8                strcmp
 *(.text*)
 .text.APP_EventHandler
                0x00000000000004ec       0xa4 ./Sources/Application.o
                0x00000000000004ec                APP_EventHandler
 .text.APP_Start
                0x0000000000000590       0x28 ./Sources/Application.o
                0x0000000000000590                APP_Start
 .text.BUZ_Toggle
                0x00000000000005b8       0x54 ./Sources/Buzzer.o
 .text.BUZ_Beep
                0x000000000000060c       0x70 ./Sources/Buzzer.o
                0x000000000000060c                BUZ_Beep
 .text.BUZ_Play
                0x000000000000067c       0x78 ./Sources/Buzzer.o
 .text.BUZ_PlayTune
                0x00000000000006f4       0x44 ./Sources/Buzzer.o
                0x00000000000006f4                BUZ_PlayTune
 .text.BUZ_PrintHelp
                0x0000000000000738       0x6c ./Sources/Buzzer.o
 .text.BUZ_PrintStatus
                0x00000000000007a4       0x18 ./Sources/Buzzer.o
 .text.BUZ_ParseCommand
                0x00000000000007bc      0x118 ./Sources/Buzzer.o
                0x00000000000007bc                BUZ_ParseCommand
 .text.BUZ_Init
                0x00000000000008d4       0x24 ./Sources/Buzzer.o
                0x00000000000008d4                BUZ_Init
 .text.DBNC_Process
                0x00000000000008f8      0x160 ./Sources/Debounce.o
                0x00000000000008f8                DBNC_Process
 .text.DRV_SetMode
                0x0000000000000a58       0x44 ./Sources/Drive.o
                0x0000000000000a58                DRV_SetMode
 .text.DRV_SetSpeed
                0x0000000000000a9c       0x48 ./Sources/Drive.o
                0x0000000000000a9c                DRV_SetSpeed
 .text.DRV_SetPos
                0x0000000000000ae4       0x48 ./Sources/Drive.o
                0x0000000000000ae4                DRV_SetPos
 .text.DRV_GetModeStr
                0x0000000000000b2c       0x5c ./Sources/Drive.o
                0x0000000000000b2c                DRV_GetModeStr
 .text.DRV_PrintHelp
                0x0000000000000b88       0x94 ./Sources/Drive.o
 .text.DRV_PrintStatus
                0x0000000000000c1c      0x1c4 ./Sources/Drive.o
 .text.DRV_ParseCommand
                0x0000000000000de0      0x2b0 ./Sources/Drive.o
                0x0000000000000de0                DRV_ParseCommand
 .text.GetCmd   0x0000000000001090       0x78 ./Sources/Drive.o
 .text.DriveTask
                0x0000000000001108       0xcc ./Sources/Drive.o
 .text.DRV_Init
                0x00000000000011d4       0x84 ./Sources/Drive.o
                0x00000000000011d4                DRV_Init
 .text.EVNT_SetEvent
                0x0000000000001258       0x54 ./Sources/Event.o
                0x0000000000001258                EVNT_SetEvent
 .text.EVNT_HandleEvent
                0x00000000000012ac       0xa4 ./Sources/Event.o
                0x00000000000012ac                EVNT_HandleEvent
 .text.EVNT_Init
                0x0000000000001350       0x30 ./Sources/Event.o
                0x0000000000001350                EVNT_Init
 .text.Cpu_OnNMIINT
                0x0000000000001380        0xc ./Sources/Events.o
                0x0000000000001380                Cpu_OnNMIINT
 .text.SW1_OnInterrupt
                0x000000000000138c        0xc ./Sources/Events.o
                0x000000000000138c                SW1_OnInterrupt
 .text.FRTOS1_vApplicationStackOverflowHook
                0x0000000000001398       0x14 ./Sources/Events.o
                0x0000000000001398                FRTOS1_vApplicationStackOverflowHook
 .text.FRTOS1_vApplicationTickHook
                0x00000000000013ac       0x10 ./Sources/Events.o
                0x00000000000013ac                FRTOS1_vApplicationTickHook
 .text.FRTOS1_vApplicationIdleHook
                0x00000000000013bc        0xc ./Sources/Events.o
                0x00000000000013bc                FRTOS1_vApplicationIdleHook
 .text.FRTOS1_vApplicationMallocFailedHook
                0x00000000000013c8       0x10 ./Sources/Events.o
                0x00000000000013c8                FRTOS1_vApplicationMallocFailedHook
 .text.QuadInt_OnInterrupt
                0x00000000000013d8       0x10 ./Sources/Events.o
                0x00000000000013d8                QuadInt_OnInterrupt
 .text.KEYDBNC_GetKeys
                0x00000000000013e8       0x38 ./Sources/KeyDebounce.o
 .text.KEYDBNC_OnDebounceEvent
                0x0000000000001420       0x74 ./Sources/KeyDebounce.o
 .text.KEYDBNC_Process
                0x0000000000001494       0x28 ./Sources/KeyDebounce.o
                0x0000000000001494                KEYDBNC_Process
 .text.KEYDBNC_Init
                0x00000000000014bc       0x18 ./Sources/KeyDebounce.o
                0x00000000000014bc                KEYDBNC_Init
 .text.KEY_Scan
                0x00000000000014d4        0xc ./Sources/Keys.o
                0x00000000000014d4                KEY_Scan
 .text.KEY_EnableInterrupts
                0x00000000000014e0       0x14 ./Sources/Keys.o
                0x00000000000014e0                KEY_EnableInterrupts
 .text.KEY_DisableInterrupts
                0x00000000000014f4       0x14 ./Sources/Keys.o
                0x00000000000014f4                KEY_DisableInterrupts
 .text.KEY_OnInterrupt
                0x0000000000001508       0x1c ./Sources/Keys.o
                0x0000000000001508                KEY_OnInterrupt
 .text.KEY_Init
                0x0000000000001524        0xc ./Sources/Keys.o
                0x0000000000001524                KEY_Init
 .text.LED_Test
                0x0000000000001530       0xa4 ./Sources/LED.o
 .text.LED_Init
                0x00000000000015d4       0x24 ./Sources/LED.o
                0x00000000000015d4                LED_Init
 .text.LF_StartFollowing
                0x00000000000015f8       0x1c ./Sources/LineFollow.o
                0x00000000000015f8                LF_StartFollowing
 .text.LF_StopFollowing
                0x0000000000001614       0x1c ./Sources/LineFollow.o
                0x0000000000001614                LF_StopFollowing
 .text.FollowSegment
                0x0000000000001630       0x38 ./Sources/LineFollow.o
 .text.StateMachine
                0x0000000000001668       0x6c ./Sources/LineFollow.o
 .text.LineTask
                0x00000000000016d4       0x54 ./Sources/LineFollow.o
 .text.LF_PrintHelp
                0x0000000000001728       0x50 ./Sources/LineFollow.o
 .text.LF_PrintStatus
                0x0000000000001778       0xcc ./Sources/LineFollow.o
 .text.LF_ParseCommand
                0x0000000000001844       0xb8 ./Sources/LineFollow.o
                0x0000000000001844                LF_ParseCommand
 .text.LF_Init  0x00000000000018fc       0x44 ./Sources/LineFollow.o
                0x00000000000018fc                LF_Init
 .text.MOT_GetMotorHandle
                0x0000000000001940       0x2c ./Sources/Motor.o
                0x0000000000001940                MOT_GetMotorHandle
 .text.PWMLSetRatio16
                0x000000000000196c       0x28 ./Sources/Motor.o
 .text.PWMRSetRatio16
                0x0000000000001994       0x28 ./Sources/Motor.o
 .text.DirLPutVal
                0x00000000000019bc       0x38 ./Sources/Motor.o
 .text.DirRPutVal
                0x00000000000019f4       0x24 ./Sources/Motor.o
 .text.MOT_SetVal
                0x0000000000001a18       0x24 ./Sources/Motor.o
                0x0000000000001a18                MOT_SetVal
 .text.MOT_GetVal
                0x0000000000001a3c       0x18 ./Sources/Motor.o
                0x0000000000001a3c                MOT_GetVal
 .text.MOT_SetSpeedPercent
                0x0000000000001a54       0x84 ./Sources/Motor.o
                0x0000000000001a54                MOT_SetSpeedPercent
 .text.MOT_UpdatePercent
                0x0000000000001ad8       0x54 ./Sources/Motor.o
                0x0000000000001ad8                MOT_UpdatePercent
 .text.MOT_SetDirection
                0x0000000000001b2c       0x64 ./Sources/Motor.o
                0x0000000000001b2c                MOT_SetDirection
 .text.MOT_GetDirection
                0x0000000000001b90       0x24 ./Sources/Motor.o
                0x0000000000001b90                MOT_GetDirection
 .text.MOT_PrintHelp
                0x0000000000001bb4       0x68 ./Sources/Motor.o
 .text.MOT_PrintStatus
                0x0000000000001c1c      0x164 ./Sources/Motor.o
 .text.MOT_ParseCommand
                0x0000000000001d80      0x1dc ./Sources/Motor.o
                0x0000000000001d80                MOT_ParseCommand
 .text.MOT_Init
                0x0000000000001f5c       0x60 ./Sources/Motor.o
                0x0000000000001f5c                MOT_Init
 .text.PID      0x0000000000001fbc       0xc0 ./Sources/Pid.o
 .text.PID_SpeedCfg
                0x000000000000207c       0x88 ./Sources/Pid.o
                0x000000000000207c                PID_SpeedCfg
 .text.Limit    0x0000000000002104       0x34 ./Sources/Pid.o
 .text.AbsSpeed
                0x0000000000002138       0x2c ./Sources/Pid.o
 .text.errorWithinPercent
                0x0000000000002164       0x34 ./Sources/Pid.o
 .text.PID_LineCfg
                0x0000000000002198      0x244 ./Sources/Pid.o
                0x0000000000002198                PID_LineCfg
 .text.PID_Line
                0x00000000000023dc       0x28 ./Sources/Pid.o
                0x00000000000023dc                PID_Line
 .text.PID_Speed
                0x0000000000002404       0x40 ./Sources/Pid.o
                0x0000000000002404                PID_Speed
 .text.PID_PosCfg
                0x0000000000002444       0xd4 ./Sources/Pid.o
                0x0000000000002444                PID_PosCfg
 .text.PID_Pos  0x0000000000002518       0x40 ./Sources/Pid.o
                0x0000000000002518                PID_Pos
 .text.PID_PrintHelp
                0x0000000000002558       0xb4 ./Sources/Pid.o
 .text.PrintPIDstatus
                0x000000000000260c      0x26c ./Sources/Pid.o
 .text.PID_PrintStatus
                0x0000000000002878       0x80 ./Sources/Pid.o
 .text.ParsePidParameter
                0x00000000000028f8      0x1bc ./Sources/Pid.o
 .text.PID_ParseCommand
                0x0000000000002ab4      0x15c ./Sources/Pid.o
                0x0000000000002ab4                PID_ParseCommand
 .text.PID_Start
                0x0000000000002c10       0x5c ./Sources/Pid.o
                0x0000000000002c10                PID_Start
 .text.PID_Init
                0x0000000000002c6c      0x100 ./Sources/Pid.o
                0x0000000000002c6c                PID_Init
 .text.PL_Init  0x0000000000002d6c       0x4c ./Sources/Platform.o
                0x0000000000002d6c                PL_Init
 .text.AppTask  0x0000000000002db8       0x50 ./Sources/RTOS.o
 .text.RTOS_Init
                0x0000000000002e08       0x40 ./Sources/RTOS.o
                0x0000000000002e08                RTOS_Init
 .text.S1_SetOutput
                0x0000000000002e48       0x14 ./Sources/Reflectance.o
 .text.S1_SetInput
                0x0000000000002e5c       0x14 ./Sources/Reflectance.o
 .text.S1_SetVal
                0x0000000000002e70       0x14 ./Sources/Reflectance.o
 .text.S1_GetVal
                0x0000000000002e84       0x18 ./Sources/Reflectance.o
 .text.S2_SetOutput
                0x0000000000002e9c       0x14 ./Sources/Reflectance.o
 .text.S2_SetInput
                0x0000000000002eb0       0x14 ./Sources/Reflectance.o
 .text.S2_SetVal
                0x0000000000002ec4       0x14 ./Sources/Reflectance.o
 .text.S2_GetVal
                0x0000000000002ed8       0x18 ./Sources/Reflectance.o
 .text.S3_SetOutput
                0x0000000000002ef0       0x14 ./Sources/Reflectance.o
 .text.S3_SetInput
                0x0000000000002f04       0x14 ./Sources/Reflectance.o
 .text.S3_SetVal
                0x0000000000002f18       0x14 ./Sources/Reflectance.o
 .text.S3_GetVal
                0x0000000000002f2c       0x18 ./Sources/Reflectance.o
 .text.S4_SetOutput
                0x0000000000002f44       0x14 ./Sources/Reflectance.o
 .text.S4_SetInput
                0x0000000000002f58       0x14 ./Sources/Reflectance.o
 .text.S4_SetVal
                0x0000000000002f6c       0x14 ./Sources/Reflectance.o
 .text.S4_GetVal
                0x0000000000002f80       0x18 ./Sources/Reflectance.o
 .text.S5_SetOutput
                0x0000000000002f98       0x14 ./Sources/Reflectance.o
 .text.S5_SetInput
                0x0000000000002fac       0x14 ./Sources/Reflectance.o
 .text.S5_SetVal
                0x0000000000002fc0       0x14 ./Sources/Reflectance.o
 .text.S5_GetVal
                0x0000000000002fd4       0x18 ./Sources/Reflectance.o
 .text.S6_SetOutput
                0x0000000000002fec       0x14 ./Sources/Reflectance.o
 .text.S6_SetInput
                0x0000000000003000       0x14 ./Sources/Reflectance.o
 .text.S6_SetVal
                0x0000000000003014       0x14 ./Sources/Reflectance.o
 .text.S6_GetVal
                0x0000000000003028       0x18 ./Sources/Reflectance.o
 .text.REF_CalibrateStartStop
                0x0000000000003040       0x3c ./Sources/Reflectance.o
                0x0000000000003040                REF_CalibrateStartStop
 .text.REF_MeasureRaw
                0x000000000000307c      0x124 ./Sources/Reflectance.o
 .text.REF_CalibrateMinMax
                0x00000000000031a0       0x84 ./Sources/Reflectance.o
 .text.ReadCalibrated
                0x0000000000003224       0xa0 ./Sources/Reflectance.o
 .text.ReadLine
                0x00000000000032c4       0x80 ./Sources/Reflectance.o
 .text.REF_GetLineValue
                0x0000000000003344       0x18 ./Sources/Reflectance.o
                0x0000000000003344                REF_GetLineValue
 .text.ReadLineKind
                0x000000000000335c      0x138 ./Sources/Reflectance.o
 .text.REF_GetLineKind
                0x0000000000003494       0x18 ./Sources/Reflectance.o
                0x0000000000003494                REF_GetLineKind
 .text.REF_Measure
                0x00000000000034ac       0x40 ./Sources/Reflectance.o
 .text.PrintHelp
                0x00000000000034ec       0x54 ./Sources/Reflectance.o
 .text.REF_GetStateString
                0x0000000000003540       0x74 ./Sources/Reflectance.o
 .text.REF_LineKindStr
                0x00000000000035b4       0x68 ./Sources/Reflectance.o
                0x00000000000035b4                REF_LineKindStr
 .text.PrintStatus
                0x000000000000361c      0x314 ./Sources/Reflectance.o
 .text.REF_ParseCommand
                0x0000000000003930      0x108 ./Sources/Reflectance.o
                0x0000000000003930                REF_ParseCommand
 .text.REF_StateMachine
                0x0000000000003a38      0x138 ./Sources/Reflectance.o
 .text.ReflTask
                0x0000000000003b70       0x14 ./Sources/Reflectance.o
 .text.REF_Init
                0x0000000000003b84       0xa8 ./Sources/Reflectance.o
                0x0000000000003b84                REF_Init
 .text.SEM_Init
                0x0000000000003c2c        0xc ./Sources/Sem.o
                0x0000000000003c2c                SEM_Init
 .text.SHELL_SendString
                0x0000000000003c38       0x14 ./Sources/Shell.o
                0x0000000000003c38                SHELL_SendString
 .text.SHELL_PrintHelp
                0x0000000000003c4c       0x54 ./Sources/Shell.o
 .text.SHELL_PrintStatus
                0x0000000000003ca0       0x64 ./Sources/Shell.o
 .text.SHELL_ParseCommand
                0x0000000000003d04       0xc4 ./Sources/Shell.o
 .text.ShellTask
                0x0000000000003dc8       0x84 ./Sources/Shell.o
 .text.SHELL_Init
                0x0000000000003e4c       0x44 ./Sources/Shell.o
                0x0000000000003e4c                SHELL_Init
 .text.SQUEUE_SendString
                0x0000000000003e90       0x34 ./Sources/ShellQueue.o
                0x0000000000003e90                SQUEUE_SendString
 .text.SQUEUE_ReceiveChar
                0x0000000000003ec4       0x34 ./Sources/ShellQueue.o
                0x0000000000003ec4                SQUEUE_ReceiveChar
 .text.SQUEUE_Init
                0x0000000000003ef8       0x34 ./Sources/ShellQueue.o
                0x0000000000003ef8                SQUEUE_Init
 .text.TACHO_GetSpeed
                0x0000000000003f2c       0x30 ./Sources/Tacho.o
                0x0000000000003f2c                TACHO_GetSpeed
 .text.TACHO_CalcSpeed
                0x0000000000003f5c      0x158 ./Sources/Tacho.o
                0x0000000000003f5c                TACHO_CalcSpeed
 .text.TACHO_Sample
                0x00000000000040b4       0x78 ./Sources/Tacho.o
                0x00000000000040b4                TACHO_Sample
 .text.TACHO_PrintStatus
                0x000000000000412c       0x94 ./Sources/Tacho.o
 .text.TACHO_PrintHelp
                0x00000000000041c0       0x3c ./Sources/Tacho.o
 .text.TACHO_ParseCommand
                0x00000000000041fc       0x78 ./Sources/Tacho.o
                0x00000000000041fc                TACHO_ParseCommand
 .text.TACHO_Init
                0x0000000000004274       0x2c ./Sources/Tacho.o
                0x0000000000004274                TACHO_Init
 .text.TMR_OnInterrupt
                0x00000000000042a0       0x3c ./Sources/Timer.o
                0x00000000000042a0                TMR_OnInterrupt
 .text.TMR_Init
                0x00000000000042dc        0xc ./Sources/Timer.o
                0x00000000000042dc                TMR_Init
 .text.TRG_SetTrigger
                0x00000000000042e8       0x6c ./Sources/Trigger.o
                0x00000000000042e8                TRG_SetTrigger
 .text.CheckCallbacks
                0x0000000000004354       0xac ./Sources/Trigger.o
 .text.TRG_AddTick
                0x0000000000004400       0x78 ./Sources/Trigger.o
                0x0000000000004400                TRG_AddTick
 .text.TRG_Init
                0x0000000000004478       0x60 ./Sources/Trigger.o
                0x0000000000004478                TRG_Init
 .text.main     0x00000000000044d8       0x14 ./Sources/main.o
                0x00000000000044d8                main
 .text.__copy_rom_section
                0x00000000000044ec       0xe4 ./Project_Settings/Startup_Code/startup.o
                0x00000000000044ec                __copy_rom_section
 .text.__copy_rom_sections_to_ram
                0x00000000000045d0       0x9c ./Project_Settings/Startup_Code/startup.o
                0x00000000000045d0                __copy_rom_sections_to_ram
 .text.__init_registers
                0x000000000000466c       0x20 ./Project_Settings/Startup_Code/startup.o
                0x000000000000466c                __init_registers
 .text.__init_user
                0x000000000000468c        0xc ./Project_Settings/Startup_Code/startup.o
                0x000000000000468c                __init_user
 .text.__thumb_startup
                0x0000000000004698       0x34 ./Project_Settings/Startup_Code/startup.o
                0x0000000000004698                __thumb_startup
 .text.HWEnDi   0x00000000000046cc       0x1c ./Generated_Code/AS1.o
 .text.AS1_Init
                0x00000000000046e8       0x60 ./Generated_Code/AS1.o
                0x00000000000046e8                AS1_Init
 .text.ASerialLdd1_OnBlockReceived
                0x0000000000004748       0x7c ./Generated_Code/AS1.o
                0x0000000000004748                ASerialLdd1_OnBlockReceived
 .text.ASerialLdd1_OnBlockSent
                0x00000000000047c4       0x88 ./Generated_Code/AS1.o
                0x00000000000047c4                ASerialLdd1_OnBlockSent
 .text.ASerialLdd1_OnError
                0x000000000000484c       0x98 ./Generated_Code/AS1.o
                0x000000000000484c                ASerialLdd1_OnError
 .text.ASerialLdd1_OnBreak
                0x00000000000048e4       0x24 ./Generated_Code/AS1.o
                0x00000000000048e4                ASerialLdd1_OnBreak
 .text.ASerialLdd1_Init
                0x0000000000004908      0x1c0 ./Generated_Code/ASerialLdd1.o
                0x0000000000004908                ASerialLdd1_Init
 .text.ASerialLdd1_ReceiveBlock
                0x0000000000004ac8       0x4c ./Generated_Code/ASerialLdd1.o
                0x0000000000004ac8                ASerialLdd1_ReceiveBlock
 .text.ASerialLdd1_SendBlock
                0x0000000000004b14       0x78 ./Generated_Code/ASerialLdd1.o
                0x0000000000004b14                ASerialLdd1_SendBlock
 .text.InterruptRx
                0x0000000000004b8c       0x58 ./Generated_Code/ASerialLdd1.o
 .text.InterruptTx
                0x0000000000004be4       0x80 ./Generated_Code/ASerialLdd1.o
 .text.ASerialLdd1_Interrupt
                0x0000000000004c64       0xf4 ./Generated_Code/ASerialLdd1.o
                0x0000000000004c64                ASerialLdd1_Interrupt
 .text.ASerialLdd1_GetError
                0x0000000000004d58       0x30 ./Generated_Code/ASerialLdd1.o
                0x0000000000004d58                ASerialLdd1_GetError
 .text.ASerialLdd2_Init
                0x0000000000004d88      0x1cc ./Generated_Code/ASerialLdd2.o
                0x0000000000004d88                ASerialLdd2_Init
 .text.ASerialLdd2_ReceiveBlock
                0x0000000000004f54       0x4c ./Generated_Code/ASerialLdd2.o
                0x0000000000004f54                ASerialLdd2_ReceiveBlock
 .text.ASerialLdd2_SendBlock
                0x0000000000004fa0       0x78 ./Generated_Code/ASerialLdd2.o
                0x0000000000004fa0                ASerialLdd2_SendBlock
 .text.InterruptRx
                0x0000000000005018       0x58 ./Generated_Code/ASerialLdd2.o
 .text.InterruptTx
                0x0000000000005070       0x80 ./Generated_Code/ASerialLdd2.o
 .text.ASerialLdd2_Interrupt
                0x00000000000050f0       0xf4 ./Generated_Code/ASerialLdd2.o
                0x00000000000050f0                ASerialLdd2_Interrupt
 .text.ASerialLdd2_GetError
                0x00000000000051e4       0x30 ./Generated_Code/ASerialLdd2.o
                0x00000000000051e4                ASerialLdd2_GetError
 .text.isRxError
                0x0000000000005214      0x124 ./Generated_Code/BT1.o
 .text.RxResponse
                0x0000000000005338       0xd0 ./Generated_Code/BT1.o
 .text.ExecuteQueryString
                0x0000000000005408       0x50 ./Generated_Code/BT1.o
 .text.PrintShortStatus
                0x0000000000005458       0x70 ./Generated_Code/BT1.o
 .text.PrintLongStatus
                0x00000000000054c8       0x88 ./Generated_Code/BT1.o
 .text.PrintHelp
                0x0000000000005550       0xac ./Generated_Code/BT1.o
 .text.SendCommand
                0x00000000000055fc       0x84 ./Generated_Code/BT1.o
 .text.BT1_SendATCommand
                0x0000000000005680       0x50 ./Generated_Code/BT1.o
                0x0000000000005680                BT1_SendATCommand
 .text.BT1_StdCmd
                0x00000000000056d0       0x5c ./Generated_Code/BT1.o
                0x00000000000056d0                BT1_StdCmd
 .text.BT1_StdOKCmd
                0x000000000000572c       0x28 ./Generated_Code/BT1.o
                0x000000000000572c                BT1_StdOKCmd
 .text.BT1_QueryString
                0x0000000000005754       0x94 ./Generated_Code/BT1.o
                0x0000000000005754                BT1_QueryString
 .text.BT1_Init
                0x00000000000057e8       0x44 ./Generated_Code/BT1.o
                0x00000000000057e8                BT1_Init
 .text.BT1_btTestUART
                0x000000000000582c       0x14 ./Generated_Code/BT1.o
                0x000000000000582c                BT1_btTestUART
 .text.BT1_btQueryFirmwareVersionStr
                0x0000000000005840       0x28 ./Generated_Code/BT1.o
                0x0000000000005840                BT1_btQueryFirmwareVersionStr
 .text.BT1_btSetDeviceName
                0x0000000000005868       0x5c ./Generated_Code/BT1.o
                0x0000000000005868                BT1_btSetDeviceName
 .text.BT1_btSetPairingPasskey
                0x00000000000058c4       0x5c ./Generated_Code/BT1.o
                0x00000000000058c4                BT1_btSetPairingPasskey
 .text.BT1_btSetBaud
                0x0000000000005920      0x150 ./Generated_Code/BT1.o
                0x0000000000005920                BT1_btSetBaud
 .text.BT1_ParseCommand
                0x0000000000005a70      0x1e0 ./Generated_Code/BT1.o
                0x0000000000005a70                BT1_ParseCommand
 .text.BT1_StdIOKeyPressed
                0x0000000000005c50       0x1c ./Generated_Code/BT1.o
                0x0000000000005c50                BT1_StdIOKeyPressed
 .text.BT1_StdIOReadChar
                0x0000000000005c6c       0x20 ./Generated_Code/BT1.o
                0x0000000000005c6c                BT1_StdIOReadChar
 .text.BT1_StdIOSendChar
                0x0000000000005c8c       0x20 ./Generated_Code/BT1.o
                0x0000000000005c8c                BT1_StdIOSendChar
 .text.BitIoLdd1_Init
                0x0000000000005cac       0x64 ./Generated_Code/BitIoLdd1.o
                0x0000000000005cac                BitIoLdd1_Init
 .text.BitIoLdd1_GetVal
                0x0000000000005d10       0x30 ./Generated_Code/BitIoLdd1.o
                0x0000000000005d10                BitIoLdd1_GetVal
 .text.BitIoLdd1_PutVal
                0x0000000000005d40       0x30 ./Generated_Code/BitIoLdd1.o
                0x0000000000005d40                BitIoLdd1_PutVal
 .text.BitIoLdd1_ClrVal
                0x0000000000005d70       0x1c ./Generated_Code/BitIoLdd1.o
                0x0000000000005d70                BitIoLdd1_ClrVal
 .text.BitIoLdd1_SetVal
                0x0000000000005d8c       0x1c ./Generated_Code/BitIoLdd1.o
                0x0000000000005d8c                BitIoLdd1_SetVal
 .text.BitIoLdd1_NegVal
                0x0000000000005da8       0x1c ./Generated_Code/BitIoLdd1.o
                0x0000000000005da8                BitIoLdd1_NegVal
 .text.BitIoLdd10_Init
                0x0000000000005dc4       0x64 ./Generated_Code/BitIoLdd10.o
                0x0000000000005dc4                BitIoLdd10_Init
 .text.BitIoLdd10_SetInput
                0x0000000000005e28       0x24 ./Generated_Code/BitIoLdd10.o
                0x0000000000005e28                BitIoLdd10_SetInput
 .text.BitIoLdd10_SetOutput
                0x0000000000005e4c       0x24 ./Generated_Code/BitIoLdd10.o
                0x0000000000005e4c                BitIoLdd10_SetOutput
 .text.BitIoLdd10_GetVal
                0x0000000000005e70       0x48 ./Generated_Code/BitIoLdd10.o
                0x0000000000005e70                BitIoLdd10_GetVal
 .text.BitIoLdd10_SetVal
                0x0000000000005eb8       0x1c ./Generated_Code/BitIoLdd10.o
                0x0000000000005eb8                BitIoLdd10_SetVal
 .text.BitIoLdd11_Init
                0x0000000000005ed4       0x64 ./Generated_Code/BitIoLdd11.o
                0x0000000000005ed4                BitIoLdd11_Init
 .text.BitIoLdd11_SetInput
                0x0000000000005f38       0x24 ./Generated_Code/BitIoLdd11.o
                0x0000000000005f38                BitIoLdd11_SetInput
 .text.BitIoLdd11_SetOutput
                0x0000000000005f5c       0x24 ./Generated_Code/BitIoLdd11.o
                0x0000000000005f5c                BitIoLdd11_SetOutput
 .text.BitIoLdd11_GetVal
                0x0000000000005f80       0x48 ./Generated_Code/BitIoLdd11.o
                0x0000000000005f80                BitIoLdd11_GetVal
 .text.BitIoLdd11_SetVal
                0x0000000000005fc8       0x1c ./Generated_Code/BitIoLdd11.o
                0x0000000000005fc8                BitIoLdd11_SetVal
 .text.BitIoLdd12_Init
                0x0000000000005fe4       0x64 ./Generated_Code/BitIoLdd12.o
                0x0000000000005fe4                BitIoLdd12_Init
 .text.BitIoLdd12_SetInput
                0x0000000000006048       0x24 ./Generated_Code/BitIoLdd12.o
                0x0000000000006048                BitIoLdd12_SetInput
 .text.BitIoLdd12_SetOutput
                0x000000000000606c       0x24 ./Generated_Code/BitIoLdd12.o
                0x000000000000606c                BitIoLdd12_SetOutput
 .text.BitIoLdd12_GetVal
                0x0000000000006090       0x48 ./Generated_Code/BitIoLdd12.o
                0x0000000000006090                BitIoLdd12_GetVal
 .text.BitIoLdd12_SetVal
                0x00000000000060d8       0x1c ./Generated_Code/BitIoLdd12.o
                0x00000000000060d8                BitIoLdd12_SetVal
 .text.BitIoLdd13_Init
                0x00000000000060f4       0x64 ./Generated_Code/BitIoLdd13.o
                0x00000000000060f4                BitIoLdd13_Init
 .text.BitIoLdd13_SetInput
                0x0000000000006158       0x24 ./Generated_Code/BitIoLdd13.o
                0x0000000000006158                BitIoLdd13_SetInput
 .text.BitIoLdd13_SetOutput
                0x000000000000617c       0x24 ./Generated_Code/BitIoLdd13.o
                0x000000000000617c                BitIoLdd13_SetOutput
 .text.BitIoLdd13_GetVal
                0x00000000000061a0       0x48 ./Generated_Code/BitIoLdd13.o
                0x00000000000061a0                BitIoLdd13_GetVal
 .text.BitIoLdd13_SetVal
                0x00000000000061e8       0x1c ./Generated_Code/BitIoLdd13.o
                0x00000000000061e8                BitIoLdd13_SetVal
 .text.BitIoLdd14_Init
                0x0000000000006204       0x64 ./Generated_Code/BitIoLdd14.o
                0x0000000000006204                BitIoLdd14_Init
 .text.BitIoLdd14_SetInput
                0x0000000000006268       0x24 ./Generated_Code/BitIoLdd14.o
                0x0000000000006268                BitIoLdd14_SetInput
 .text.BitIoLdd14_SetOutput
                0x000000000000628c       0x24 ./Generated_Code/BitIoLdd14.o
                0x000000000000628c                BitIoLdd14_SetOutput
 .text.BitIoLdd14_GetVal
                0x00000000000062b0       0x48 ./Generated_Code/BitIoLdd14.o
                0x00000000000062b0                BitIoLdd14_GetVal
 .text.BitIoLdd14_SetVal
                0x00000000000062f8       0x1c ./Generated_Code/BitIoLdd14.o
                0x00000000000062f8                BitIoLdd14_SetVal
 .text.BitIoLdd15_Init
                0x0000000000006314       0x64 ./Generated_Code/BitIoLdd15.o
                0x0000000000006314                BitIoLdd15_Init
 .text.BitIoLdd15_ClrVal
                0x0000000000006378       0x1c ./Generated_Code/BitIoLdd15.o
                0x0000000000006378                BitIoLdd15_ClrVal
 .text.BitIoLdd15_SetVal
                0x0000000000006394       0x1c ./Generated_Code/BitIoLdd15.o
                0x0000000000006394                BitIoLdd15_SetVal
 .text.BitIoLdd16_Init
                0x00000000000063b0       0x58 ./Generated_Code/BitIoLdd16.o
                0x00000000000063b0                BitIoLdd16_Init
 .text.BitIoLdd16_GetVal
                0x0000000000006408       0x30 ./Generated_Code/BitIoLdd16.o
                0x0000000000006408                BitIoLdd16_GetVal
 .text.BitIoLdd17_Init
                0x0000000000006438       0x58 ./Generated_Code/BitIoLdd17.o
                0x0000000000006438                BitIoLdd17_Init
 .text.BitIoLdd17_GetVal
                0x0000000000006490       0x30 ./Generated_Code/BitIoLdd17.o
                0x0000000000006490                BitIoLdd17_GetVal
 .text.BitIoLdd18_Init
                0x00000000000064c0       0x58 ./Generated_Code/BitIoLdd18.o
                0x00000000000064c0                BitIoLdd18_Init
 .text.BitIoLdd18_GetVal
                0x0000000000006518       0x30 ./Generated_Code/BitIoLdd18.o
                0x0000000000006518                BitIoLdd18_GetVal
 .text.BitIoLdd19_Init
                0x0000000000006548       0x58 ./Generated_Code/BitIoLdd19.o
                0x0000000000006548                BitIoLdd19_Init
 .text.BitIoLdd19_GetVal
                0x00000000000065a0       0x30 ./Generated_Code/BitIoLdd19.o
                0x00000000000065a0                BitIoLdd19_GetVal
 .text.BitIoLdd2_Init
                0x00000000000065d0       0x64 ./Generated_Code/BitIoLdd2.o
                0x00000000000065d0                BitIoLdd2_Init
 .text.BitIoLdd2_GetVal
                0x0000000000006634       0x30 ./Generated_Code/BitIoLdd2.o
                0x0000000000006634                BitIoLdd2_GetVal
 .text.BitIoLdd2_PutVal
                0x0000000000006664       0x34 ./Generated_Code/BitIoLdd2.o
                0x0000000000006664                BitIoLdd2_PutVal
 .text.BitIoLdd2_ClrVal
                0x0000000000006698       0x20 ./Generated_Code/BitIoLdd2.o
                0x0000000000006698                BitIoLdd2_ClrVal
 .text.BitIoLdd2_SetVal
                0x00000000000066b8       0x20 ./Generated_Code/BitIoLdd2.o
                0x00000000000066b8                BitIoLdd2_SetVal
 .text.BitIoLdd2_NegVal
                0x00000000000066d8       0x20 ./Generated_Code/BitIoLdd2.o
                0x00000000000066d8                BitIoLdd2_NegVal
 .text.BitIoLdd4_Init
                0x00000000000066f8       0x64 ./Generated_Code/BitIoLdd4.o
                0x00000000000066f8                BitIoLdd4_Init
 .text.BitIoLdd4_ClrVal
                0x000000000000675c       0x1c ./Generated_Code/BitIoLdd4.o
                0x000000000000675c                BitIoLdd4_ClrVal
 .text.BitIoLdd4_SetVal
                0x0000000000006778       0x1c ./Generated_Code/BitIoLdd4.o
                0x0000000000006778                BitIoLdd4_SetVal
 .text.BitIoLdd4_NegVal
                0x0000000000006794       0x1c ./Generated_Code/BitIoLdd4.o
                0x0000000000006794                BitIoLdd4_NegVal
 .text.BitIoLdd5_Init
                0x00000000000067b0       0x64 ./Generated_Code/BitIoLdd5.o
                0x00000000000067b0                BitIoLdd5_Init
 .text.BitIoLdd5_PutVal
                0x0000000000006814       0x34 ./Generated_Code/BitIoLdd5.o
                0x0000000000006814                BitIoLdd5_PutVal
 .text.BitIoLdd6_Init
                0x0000000000006848       0x64 ./Generated_Code/BitIoLdd6.o
                0x0000000000006848                BitIoLdd6_Init
 .text.BitIoLdd6_PutVal
                0x00000000000068ac       0x34 ./Generated_Code/BitIoLdd6.o
                0x00000000000068ac                BitIoLdd6_PutVal
 .text.BitIoLdd7_Init
                0x00000000000068e0       0x64 ./Generated_Code/BitIoLdd7.o
                0x00000000000068e0                BitIoLdd7_Init
 .text.BitIoLdd8_Init
                0x0000000000006944       0x58 ./Generated_Code/BitIoLdd8.o
                0x0000000000006944                BitIoLdd8_Init
 .text.BitIoLdd9_Init
                0x000000000000699c       0x64 ./Generated_Code/BitIoLdd9.o
                0x000000000000699c                BitIoLdd9_Init
 .text.BitIoLdd9_SetInput
                0x0000000000006a00       0x24 ./Generated_Code/BitIoLdd9.o
                0x0000000000006a00                BitIoLdd9_SetInput
 .text.BitIoLdd9_SetOutput
                0x0000000000006a24       0x24 ./Generated_Code/BitIoLdd9.o
                0x0000000000006a24                BitIoLdd9_SetOutput
 .text.BitIoLdd9_GetVal
                0x0000000000006a48       0x48 ./Generated_Code/BitIoLdd9.o
                0x0000000000006a48                BitIoLdd9_GetVal
 .text.BitIoLdd9_SetVal
                0x0000000000006a90       0x1c ./Generated_Code/BitIoLdd9.o
                0x0000000000006a90                BitIoLdd9_SetVal
 .text.CLS1_SendStr
                0x0000000000006aac       0x28 ./Generated_Code/CLS1.o
                0x0000000000006aac                CLS1_SendStr
 .text.CLS1_SendNum32s
                0x0000000000006ad4       0x2c ./Generated_Code/CLS1.o
                0x0000000000006ad4                CLS1_SendNum32s
 .text.CLS1_SendNum32u
                0x0000000000006b00       0x2c ./Generated_Code/CLS1.o
                0x0000000000006b00                CLS1_SendNum32u
 .text.CLS1_SendNum16u
                0x0000000000006b2c       0x30 ./Generated_Code/CLS1.o
                0x0000000000006b2c                CLS1_SendNum16u
 .text.CLS1_ParseCommand
                0x0000000000006b5c      0x104 ./Generated_Code/CLS1.o
                0x0000000000006b5c                CLS1_ParseCommand
 .text.CLS1_PrintPrompt
                0x0000000000006c60       0x20 ./Generated_Code/CLS1.o
                0x0000000000006c60                CLS1_PrintPrompt
 .text.CLS1_IsHistoryCharacter
                0x0000000000006c80       0x24 ./Generated_Code/CLS1.o
                0x0000000000006c80                CLS1_IsHistoryCharacter
 .text.CLS1_ReadLine
                0x0000000000006ca4      0x124 ./Generated_Code/CLS1.o
                0x0000000000006ca4                CLS1_ReadLine
 .text.CLS1_PrintStatus
                0x0000000000006dc8       0x9c ./Generated_Code/CLS1.o
                0x0000000000006dc8                CLS1_PrintStatus
 .text.CLS1_PrintCommandFailed
                0x0000000000006e64       0x6c ./Generated_Code/CLS1.o
                0x0000000000006e64                CLS1_PrintCommandFailed
 .text.CLS1_IterateTable
                0x0000000000006ed0       0x4c ./Generated_Code/CLS1.o
                0x0000000000006ed0                CLS1_IterateTable
 .text.CLS1_ParseWithCommandTable
                0x0000000000006f1c      0x168 ./Generated_Code/CLS1.o
                0x0000000000006f1c                CLS1_ParseWithCommandTable
 .text.CLS1_GetStdio
                0x0000000000007084       0x18 ./Generated_Code/CLS1.o
                0x0000000000007084                CLS1_GetStdio
 .text.CLS1_ReadAndParseWithCommandTable
                0x000000000000709c       0xcc ./Generated_Code/CLS1.o
                0x000000000000709c                CLS1_ReadAndParseWithCommandTable
 .text.SendSeparatedStrings
                0x0000000000007168       0x64 ./Generated_Code/CLS1.o
 .text.CLS1_SendHelpStr
                0x00000000000071cc       0x24 ./Generated_Code/CLS1.o
                0x00000000000071cc                CLS1_SendHelpStr
 .text.CLS1_SendStatusStr
                0x00000000000071f0       0x24 ./Generated_Code/CLS1.o
                0x00000000000071f0                CLS1_SendStatusStr
 .text.CLS1_ReadChar
                0x0000000000007214       0x24 ./Generated_Code/CLS1.o
                0x0000000000007214                CLS1_ReadChar
 .text.CLS1_SendChar
                0x0000000000007238       0x40 ./Generated_Code/CLS1.o
                0x0000000000007238                CLS1_SendChar
 .text.CLS1_KeyPressed
                0x0000000000007278       0x24 ./Generated_Code/CLS1.o
                0x0000000000007278                CLS1_KeyPressed
 .text.CLS1_Init
                0x000000000000729c        0xc ./Generated_Code/CLS1.o
                0x000000000000729c                CLS1_Init
 .text.Cpu_ivINT_PORTA
                0x00000000000072a8       0x1c ./Generated_Code/Cpu.o
                0x00000000000072a8                Cpu_ivINT_PORTA
 .text.Cpu_INT_NMIInterrupt
                0x00000000000072c4       0x1c ./Generated_Code/Cpu.o
                0x00000000000072c4                Cpu_INT_NMIInterrupt
 .text.Cpu_Interrupt
                0x00000000000072e0       0x18 ./Generated_Code/Cpu.o
                0x00000000000072e0                Cpu_Interrupt
 .text.__init_hardware
                0x00000000000072f8      0x18c ./Generated_Code/Cpu.o
                0x00000000000072f8                __init_hardware
 .text.PE_low_level_init
                0x0000000000007484      0x1bc ./Generated_Code/Cpu.o
                0x0000000000007484                PE_low_level_init
 .text.ExtIntLdd1_Init
                0x0000000000007640       0x7c ./Generated_Code/ExtIntLdd1.o
                0x0000000000007640                ExtIntLdd1_Init
 .text.ExtIntLdd1_Enable
                0x00000000000076bc       0x38 ./Generated_Code/ExtIntLdd1.o
                0x00000000000076bc                ExtIntLdd1_Enable
 .text.ExtIntLdd1_Disable
                0x00000000000076f4       0x28 ./Generated_Code/ExtIntLdd1.o
                0x00000000000076f4                ExtIntLdd1_Disable
 .text.ExtIntLdd1_Interrupt
                0x000000000000771c       0x3c ./Generated_Code/ExtIntLdd1.o
                0x000000000000771c                ExtIntLdd1_Interrupt
 .text.ExtIntLdd1_GetVal
                0x0000000000007758       0x2c ./Generated_Code/ExtIntLdd1.o
                0x0000000000007758                ExtIntLdd1_GetVal
 .text.PrintTaskList
                0x0000000000007784      0x4a4 ./Generated_Code/FRTOS1.o
 .text.PrintStatus
                0x0000000000007c28       0xe4 ./Generated_Code/FRTOS1.o
 .text.PrintHelp
                0x0000000000007d0c       0x54 ./Generated_Code/FRTOS1.o
 .text.FRTOS1_ParseCommand
                0x0000000000007d60       0xa0 ./Generated_Code/FRTOS1.o
                0x0000000000007d60                FRTOS1_ParseCommand
 .text.HF1_HandlerC
                0x0000000000007e00       0xd4 ./Generated_Code/HF1.o
                0x0000000000007e00                HF1_HandlerC
 .text.HF1_HardFaultHandler
                0x0000000000007ed4       0x1c ./Generated_Code/HF1.o
                0x0000000000007ed4                HF1_HardFaultHandler
 .text.MOTTU_Init
                0x0000000000007ef0      0x120 ./Generated_Code/MOTTU.o
                0x0000000000007ef0                MOTTU_Init
 .text.MOTTU_Enable
                0x0000000000008010       0x30 ./Generated_Code/MOTTU.o
                0x0000000000008010                MOTTU_Enable
 .text.MOTTU_GetPeriodTicks
                0x0000000000008040       0x30 ./Generated_Code/MOTTU.o
                0x0000000000008040                MOTTU_GetPeriodTicks
 .text.MOTTU_SetOffsetTicks
                0x0000000000008070       0x54 ./Generated_Code/MOTTU.o
                0x0000000000008070                MOTTU_SetOffsetTicks
 .text.PTA_Init
                0x00000000000080c4        0xc ./Generated_Code/PTA.o
                0x00000000000080c4                PTA_Init
 .text.PwmLdd2_Init
                0x00000000000080d0       0x54 ./Generated_Code/PwmLdd2.o
                0x00000000000080d0                PwmLdd2_Init
 .text.PwmLdd2_Enable
                0x0000000000008124       0x30 ./Generated_Code/PwmLdd2.o
                0x0000000000008124                PwmLdd2_Enable
 .text.PwmLdd2_SetRatio16
                0x0000000000008154       0x28 ./Generated_Code/PwmLdd2.o
                0x0000000000008154                PwmLdd2_SetRatio16
 .text.SetRatio
                0x000000000000817c       0x54 ./Generated_Code/PwmLdd2.o
 .text.PwmLdd3_Init
                0x00000000000081d0       0x54 ./Generated_Code/PwmLdd3.o
                0x00000000000081d0                PwmLdd3_Init
 .text.PwmLdd3_Enable
                0x0000000000008224       0x30 ./Generated_Code/PwmLdd3.o
                0x0000000000008224                PwmLdd3_Enable
 .text.PwmLdd3_SetRatio16
                0x0000000000008254       0x28 ./Generated_Code/PwmLdd3.o
                0x0000000000008254                PwmLdd3_SetRatio16
 .text.SetRatio
                0x000000000000827c       0x54 ./Generated_Code/PwmLdd3.o
 .text.Q4CLeft_SetPos
                0x00000000000082d0       0x1c ./Generated_Code/Q4CLeft.o
                0x00000000000082d0                Q4CLeft_SetPos
 .text.Q4CLeft_GetPos
                0x00000000000082ec       0x18 ./Generated_Code/Q4CLeft.o
                0x00000000000082ec                Q4CLeft_GetPos
 .text.Q4CLeft_Sample
                0x0000000000008304       0x9c ./Generated_Code/Q4CLeft.o
                0x0000000000008304                Q4CLeft_Sample
 .text.Q4CLeft_Init
                0x00000000000083a0       0x5c ./Generated_Code/Q4CLeft.o
                0x00000000000083a0                Q4CLeft_Init
 .text.Q4CLeft_ParseCommand
                0x00000000000083fc      0x1f0 ./Generated_Code/Q4CLeft.o
                0x00000000000083fc                Q4CLeft_ParseCommand
 .text.Q4CRight_SetPos
                0x00000000000085ec       0x1c ./Generated_Code/Q4CRight.o
                0x00000000000085ec                Q4CRight_SetPos
 .text.Q4CRight_GetPos
                0x0000000000008608       0x18 ./Generated_Code/Q4CRight.o
                0x0000000000008608                Q4CRight_GetPos
 .text.Q4CRight_Sample
                0x0000000000008620       0x9c ./Generated_Code/Q4CRight.o
                0x0000000000008620                Q4CRight_Sample
 .text.Q4CRight_Init
                0x00000000000086bc       0x5c ./Generated_Code/Q4CRight.o
                0x00000000000086bc                Q4CRight_Init
 .text.Q4CRight_ParseCommand
                0x0000000000008718      0x1f0 ./Generated_Code/Q4CRight.o
                0x0000000000008718                Q4CRight_ParseCommand
 .text.TimerIntLdd2_OnInterrupt
                0x0000000000008908       0x14 ./Generated_Code/QuadInt.o
                0x0000000000008908                TimerIntLdd2_OnInterrupt
 .text.RTT1_RecvChar
                0x000000000000891c       0x2c ./Generated_Code/RTT1.o
                0x000000000000891c                RTT1_RecvChar
 .text.RTT1_SendChar
                0x0000000000008948       0x30 ./Generated_Code/RTT1.o
                0x0000000000008948                RTT1_SendChar
 .text.RTT1_Init
                0x0000000000008978       0x30 ./Generated_Code/RTT1.o
                0x0000000000008978                RTT1_Init
 .text.RefCnt_Init
                0x00000000000089a8       0x80 ./Generated_Code/RefCnt.o
                0x00000000000089a8                RefCnt_Init
 .text.RefCnt_ResetCounter
                0x0000000000008a28       0x20 ./Generated_Code/RefCnt.o
                0x0000000000008a28                RefCnt_ResetCounter
 .text.RefCnt_GetCounterValue
                0x0000000000008a48       0x1c ./Generated_Code/RefCnt.o
                0x0000000000008a48                RefCnt_GetCounterValue
 .text._DoInit  0x0000000000008a64       0xa4 ./Generated_Code/SEGGER_RTT.o
 .text._WriteBlocking
                0x0000000000008b08       0xb4 ./Generated_Code/SEGGER_RTT.o
 .text._WriteNoCheck
                0x0000000000008bbc       0x80 ./Generated_Code/SEGGER_RTT.o
 .text._GetAvailWriteSpace
                0x0000000000008c3c       0x48 ./Generated_Code/SEGGER_RTT.o
 .text.SEGGER_RTT_ReadNoLock
                0x0000000000008c84       0xf4 ./Generated_Code/SEGGER_RTT.o
                0x0000000000008c84                SEGGER_RTT_ReadNoLock
 .text.SEGGER_RTT_Read
                0x0000000000008d78       0x2c ./Generated_Code/SEGGER_RTT.o
                0x0000000000008d78                SEGGER_RTT_Read
 .text.SEGGER_RTT_WriteSkipNoLock
                0x0000000000008da4      0x140 ./Generated_Code/SEGGER_RTT.o
                0x0000000000008da4                SEGGER_RTT_WriteSkipNoLock
 .text.SEGGER_RTT_WriteNoLock
                0x0000000000008ee4       0x9c ./Generated_Code/SEGGER_RTT.o
                0x0000000000008ee4                SEGGER_RTT_WriteNoLock
 .text.SEGGER_RTT_Write
                0x0000000000008f80       0x3c ./Generated_Code/SEGGER_RTT.o
                0x0000000000008f80                SEGGER_RTT_Write
 .text.SEGGER_RTT_GetKey
                0x0000000000008fbc       0x34 ./Generated_Code/SEGGER_RTT.o
                0x0000000000008fbc                SEGGER_RTT_GetKey
 .text.SEGGER_RTT_HasKey
                0x0000000000008ff0       0x3c ./Generated_Code/SEGGER_RTT.o
                0x0000000000008ff0                SEGGER_RTT_HasKey
 .text.SEGGER_RTT_ConfigUpBuffer
                0x000000000000902c       0xc8 ./Generated_Code/SEGGER_RTT.o
                0x000000000000902c                SEGGER_RTT_ConfigUpBuffer
 .text.SEGGER_RTT_ConfigDownBuffer
                0x00000000000090f4       0xc8 ./Generated_Code/SEGGER_RTT.o
                0x00000000000090f4                SEGGER_RTT_ConfigDownBuffer
 .text.SEGGER_RTT_Init
                0x00000000000091bc       0x18 ./Generated_Code/SEGGER_RTT.o
                0x00000000000091bc                SEGGER_RTT_Init
 .text._EncodeStr
                0x00000000000091d4       0x58 ./Generated_Code/SEGGER_SYSVIEW.o
 .text._PreparePacket
                0x000000000000922c       0x18 ./Generated_Code/SEGGER_SYSVIEW.o
 .text._HandleIncomingPacket
                0x0000000000009244       0xb0 ./Generated_Code/SEGGER_SYSVIEW.o
 .text._TrySendOverflowPacket
                0x00000000000092f4       0xec ./Generated_Code/SEGGER_SYSVIEW.o
 .text._SendPacket
                0x00000000000093e0      0x18c ./Generated_Code/SEGGER_SYSVIEW.o
 .text.SEGGER_SYSVIEW_Init
                0x000000000000956c       0x80 ./Generated_Code/SEGGER_SYSVIEW.o
                0x000000000000956c                SEGGER_SYSVIEW_Init
 .text.SEGGER_SYSVIEW_SetRAMBase
                0x00000000000095ec       0x1c ./Generated_Code/SEGGER_SYSVIEW.o
                0x00000000000095ec                SEGGER_SYSVIEW_SetRAMBase
 .text.SEGGER_SYSVIEW_RecordVoid
                0x0000000000009608       0x24 ./Generated_Code/SEGGER_SYSVIEW.o
                0x0000000000009608                SEGGER_SYSVIEW_RecordVoid
 .text.SEGGER_SYSVIEW_RecordU32
                0x000000000000962c       0x64 ./Generated_Code/SEGGER_SYSVIEW.o
                0x000000000000962c                SEGGER_SYSVIEW_RecordU32
 .text.SEGGER_SYSVIEW_RecordU32x2
                0x0000000000009690       0x9c ./Generated_Code/SEGGER_SYSVIEW.o
                0x0000000000009690                SEGGER_SYSVIEW_RecordU32x2
 .text.SEGGER_SYSVIEW_RecordU32x3
                0x000000000000972c       0xd8 ./Generated_Code/SEGGER_SYSVIEW.o
                0x000000000000972c                SEGGER_SYSVIEW_RecordU32x3
 .text.SEGGER_SYSVIEW_Start
                0x0000000000009804      0x144 ./Generated_Code/SEGGER_SYSVIEW.o
                0x0000000000009804                SEGGER_SYSVIEW_Start
 .text.SEGGER_SYSVIEW_Stop
                0x0000000000009948       0x34 ./Generated_Code/SEGGER_SYSVIEW.o
                0x0000000000009948                SEGGER_SYSVIEW_Stop
 .text.SEGGER_SYSVIEW_GetSysDesc
                0x000000000000997c      0x120 ./Generated_Code/SEGGER_SYSVIEW.o
                0x000000000000997c                SEGGER_SYSVIEW_GetSysDesc
 .text.SEGGER_SYSVIEW_SendTaskInfo
                0x0000000000009a9c      0x1c0 ./Generated_Code/SEGGER_SYSVIEW.o
                0x0000000000009a9c                SEGGER_SYSVIEW_SendTaskInfo
 .text.SEGGER_SYSVIEW_SendTaskList
                0x0000000000009c5c       0x2c ./Generated_Code/SEGGER_SYSVIEW.o
                0x0000000000009c5c                SEGGER_SYSVIEW_SendTaskList
 .text.SEGGER_SYSVIEW_SendSysDesc
                0x0000000000009c88       0x3c ./Generated_Code/SEGGER_SYSVIEW.o
                0x0000000000009c88                SEGGER_SYSVIEW_SendSysDesc
 .text.SEGGER_SYSVIEW_RecordSystime
                0x0000000000009cc4       0x5c ./Generated_Code/SEGGER_SYSVIEW.o
                0x0000000000009cc4                SEGGER_SYSVIEW_RecordSystime
 .text.SEGGER_SYSVIEW_RecordEnterISR
                0x0000000000009d20       0x6c ./Generated_Code/SEGGER_SYSVIEW.o
                0x0000000000009d20                SEGGER_SYSVIEW_RecordEnterISR
 .text.SEGGER_SYSVIEW_RecordExitISR
                0x0000000000009d8c       0x20 ./Generated_Code/SEGGER_SYSVIEW.o
                0x0000000000009d8c                SEGGER_SYSVIEW_RecordExitISR
 .text.SEGGER_SYSVIEW_OnIdle
                0x0000000000009dac       0x20 ./Generated_Code/SEGGER_SYSVIEW.o
                0x0000000000009dac                SEGGER_SYSVIEW_OnIdle
 .text.SEGGER_SYSVIEW_OnTaskCreate
                0x0000000000009dcc       0x70 ./Generated_Code/SEGGER_SYSVIEW.o
                0x0000000000009dcc                SEGGER_SYSVIEW_OnTaskCreate
 .text.SEGGER_SYSVIEW_OnTaskStartExec
                0x0000000000009e3c       0x70 ./Generated_Code/SEGGER_SYSVIEW.o
                0x0000000000009e3c                SEGGER_SYSVIEW_OnTaskStartExec
 .text.SEGGER_SYSVIEW_OnTaskStartReady
                0x0000000000009eac       0x70 ./Generated_Code/SEGGER_SYSVIEW.o
                0x0000000000009eac                SEGGER_SYSVIEW_OnTaskStartReady
 .text.SEGGER_SYSVIEW_OnTaskStopReady
                0x0000000000009f1c       0xac ./Generated_Code/SEGGER_SYSVIEW.o
                0x0000000000009f1c                SEGGER_SYSVIEW_OnTaskStopReady
 .text.SEGGER_SYSVIEW_SendPacket
                0x0000000000009fc8       0x24 ./Generated_Code/SEGGER_SYSVIEW.o
                0x0000000000009fc8                SEGGER_SYSVIEW_SendPacket
 .text.SEGGER_SYSVIEW_EncodeU32
                0x0000000000009fec       0x50 ./Generated_Code/SEGGER_SYSVIEW.o
                0x0000000000009fec                SEGGER_SYSVIEW_EncodeU32
 .text.SEGGER_SYSVIEW_ShrinkId
                0x000000000000a03c       0x24 ./Generated_Code/SEGGER_SYSVIEW.o
                0x000000000000a03c                SEGGER_SYSVIEW_ShrinkId
 .text.SEGGER_SYSVIEW_SendModule
                0x000000000000a060      0x144 ./Generated_Code/SEGGER_SYSVIEW.o
                0x000000000000a060                SEGGER_SYSVIEW_SendModule
 .text.SEGGER_SYSVIEW_SendModuleDescription
                0x000000000000a1a4       0x38 ./Generated_Code/SEGGER_SYSVIEW.o
                0x000000000000a1a4                SEGGER_SYSVIEW_SendModuleDescription
 .text.SEGGER_SYSVIEW_SendNumModules
                0x000000000000a1dc       0x64 ./Generated_Code/SEGGER_SYSVIEW.o
                0x000000000000a1dc                SEGGER_SYSVIEW_SendNumModules
 .text.SEGGER_SYSVIEW_Warn
                0x000000000000a240       0xe4 ./Generated_Code/SEGGER_SYSVIEW.o
                0x000000000000a240                SEGGER_SYSVIEW_Warn
 .text._cbSendSystemDesc
                0x000000000000a324       0x1c ./Generated_Code/SEGGER_SYSVIEW_Config.o
 .text.SEGGER_SYSVIEW_Conf
                0x000000000000a340       0x2c ./Generated_Code/SEGGER_SYSVIEW_Config.o
                0x000000000000a340                SEGGER_SYSVIEW_Conf
 .text._cbSendTaskList
                0x000000000000a36c       0xb4 ./Generated_Code/SEGGER_SYSVIEW_FreeRTOS.o
 .text._cbGetTime
                0x000000000000a420       0x68 ./Generated_Code/SEGGER_SYSVIEW_FreeRTOS.o
 .text.SYSVIEW_AddTask
                0x000000000000a488       0xb4 ./Generated_Code/SEGGER_SYSVIEW_FreeRTOS.o
                0x000000000000a488                SYSVIEW_AddTask
 .text.SYSVIEW_SendTaskInfo
                0x000000000000a53c       0x40 ./Generated_Code/SEGGER_SYSVIEW_FreeRTOS.o
                0x000000000000a53c                SYSVIEW_SendTaskInfo
 .text.SYSVIEW_RecordU32x4
                0x000000000000a57c       0x54 ./Generated_Code/SEGGER_SYSVIEW_FreeRTOS.o
                0x000000000000a57c                SYSVIEW_RecordU32x4
 .text.ExtIntLdd1_OnInterrupt
                0x000000000000a5d0       0x14 ./Generated_Code/SW1.o
                0x000000000000a5d0                ExtIntLdd1_OnInterrupt
 .text.SYS1_Init
                0x000000000000a5e4        0xc ./Generated_Code/SYS1.o
                0x000000000000a5e4                SYS1_Init
 .text.HWEnDi   0x000000000000a5f0       0x1c ./Generated_Code/Serial1.o
 .text.Serial1_RecvChar
                0x000000000000a60c       0xd8 ./Generated_Code/Serial1.o
                0x000000000000a60c                Serial1_RecvChar
 .text.Serial1_SendChar
                0x000000000000a6e4       0xdc ./Generated_Code/Serial1.o
                0x000000000000a6e4                Serial1_SendChar
 .text.Serial1_SendBlock
                0x000000000000a7c0      0x110 ./Generated_Code/Serial1.o
                0x000000000000a7c0                Serial1_SendBlock
 .text.Serial1_ClearRxBuf
                0x000000000000a8d0       0x78 ./Generated_Code/Serial1.o
                0x000000000000a8d0                Serial1_ClearRxBuf
 .text.Serial1_GetCharsInRxBuf
                0x000000000000a948       0x18 ./Generated_Code/Serial1.o
                0x000000000000a948                Serial1_GetCharsInRxBuf
 .text.Serial1_Init
                0x000000000000a960       0x60 ./Generated_Code/Serial1.o
                0x000000000000a960                Serial1_Init
 .text.ASerialLdd2_OnBlockReceived
                0x000000000000a9c0       0x7c ./Generated_Code/Serial1.o
                0x000000000000a9c0                ASerialLdd2_OnBlockReceived
 .text.ASerialLdd2_OnBlockSent
                0x000000000000aa3c       0x88 ./Generated_Code/Serial1.o
                0x000000000000aa3c                ASerialLdd2_OnBlockSent
 .text.ASerialLdd2_OnError
                0x000000000000aac4       0x98 ./Generated_Code/Serial1.o
                0x000000000000aac4                ASerialLdd2_OnError
 .text.ASerialLdd2_OnBreak
                0x000000000000ab5c       0x24 ./Generated_Code/Serial1.o
                0x000000000000ab5c                ASerialLdd2_OnBreak
 .text.TU_MCP4728_Init
                0x000000000000ab80       0xa4 ./Generated_Code/TU_MCP4728.o
                0x000000000000ab80                TU_MCP4728_Init
 .text.TU_QuadInt_Init
                0x000000000000ac24       0xc4 ./Generated_Code/TU_QuadInt.o
                0x000000000000ac24                TU_QuadInt_Init
 .text.TU_QuadInt_Interrupt
                0x000000000000ace8       0x40 ./Generated_Code/TU_QuadInt.o
                0x000000000000ace8                TU_QuadInt_Interrupt
 .text.TimerIntLdd2_Init
                0x000000000000ad28       0x50 ./Generated_Code/TimerIntLdd2.o
                0x000000000000ad28                TimerIntLdd2_Init
 .text.TU_QuadInt_OnCounterRestart
                0x000000000000ad78       0x24 ./Generated_Code/TimerIntLdd2.o
                0x000000000000ad78                TU_QuadInt_OnCounterRestart
 .text.UTIL1_strcpy
                0x000000000000ad9c       0x48 ./Generated_Code/UTIL1.o
                0x000000000000ad9c                UTIL1_strcpy
 .text.UTIL1_strcat
                0x000000000000ade4       0x64 ./Generated_Code/UTIL1.o
                0x000000000000ade4                UTIL1_strcat
 .text.UTIL1_chcat
                0x000000000000ae48       0x50 ./Generated_Code/UTIL1.o
                0x000000000000ae48                UTIL1_chcat
 .text.UTIL1_Num8uToStr
                0x000000000000ae98       0x24 ./Generated_Code/UTIL1.o
                0x000000000000ae98                UTIL1_Num8uToStr
 .text.UTIL1_Num16uToStr
                0x000000000000aebc       0xe8 ./Generated_Code/UTIL1.o
                0x000000000000aebc                UTIL1_Num16uToStr
 .text.UTIL1_Num16sToStr
                0x000000000000afa4      0x13c ./Generated_Code/UTIL1.o
                0x000000000000afa4                UTIL1_Num16sToStr
 .text.ShiftRightAndFill
                0x000000000000b0e0       0x98 ./Generated_Code/UTIL1.o
 .text.UTIL1_Num16sToStrFormatted
                0x000000000000b178       0x30 ./Generated_Code/UTIL1.o
                0x000000000000b178                UTIL1_Num16sToStrFormatted
 .text.UTIL1_strcatNum16u
                0x000000000000b1a8       0x34 ./Generated_Code/UTIL1.o
                0x000000000000b1a8                UTIL1_strcatNum16u
 .text.UTIL1_strcatNum16s
                0x000000000000b1dc       0x34 ./Generated_Code/UTIL1.o
                0x000000000000b1dc                UTIL1_strcatNum16s
 .text.UTIL1_strcatNum16Hex
                0x000000000000b210       0x68 ./Generated_Code/UTIL1.o
                0x000000000000b210                UTIL1_strcatNum16Hex
 .text.UTIL1_strcatNum32Hex
                0x000000000000b278       0x68 ./Generated_Code/UTIL1.o
                0x000000000000b278                UTIL1_strcatNum32Hex
 .text.UTIL1_strcatNum32s
                0x000000000000b2e0       0x30 ./Generated_Code/UTIL1.o
                0x000000000000b2e0                UTIL1_strcatNum32s
 .text.UTIL1_strcatNum32u
                0x000000000000b310       0x30 ./Generated_Code/UTIL1.o
                0x000000000000b310                UTIL1_strcatNum32u
 .text.UTIL1_Num32sToStr
                0x000000000000b340      0x12c ./Generated_Code/UTIL1.o
                0x000000000000b340                UTIL1_Num32sToStr
 .text.UTIL1_Num32uToStr
                0x000000000000b46c       0xe4 ./Generated_Code/UTIL1.o
                0x000000000000b46c                UTIL1_Num32uToStr
 .text.UTIL1_xatoi
                0x000000000000b550      0x164 ./Generated_Code/UTIL1.o
                0x000000000000b550                UTIL1_xatoi
 .text.UTIL1_ScanDecimal8uNumber
                0x000000000000b6b4       0x94 ./Generated_Code/UTIL1.o
                0x000000000000b6b4                UTIL1_ScanDecimal8uNumber
 .text.UTIL1_ScanDecimal16uNumber
                0x000000000000b748       0x94 ./Generated_Code/UTIL1.o
                0x000000000000b748                UTIL1_ScanDecimal16uNumber
 .text.UTIL1_ScanDecimal32uNumber
                0x000000000000b7dc       0x94 ./Generated_Code/UTIL1.o
                0x000000000000b7dc                UTIL1_ScanDecimal32uNumber
 .text.PreScanHexNumber
                0x000000000000b870       0x58 ./Generated_Code/UTIL1.o
 .text.HexToDec
                0x000000000000b8c8       0x8c ./Generated_Code/UTIL1.o
 .text.UTIL1_ScanHex8uNumber
                0x000000000000b954       0x80 ./Generated_Code/UTIL1.o
                0x000000000000b954                UTIL1_ScanHex8uNumber
 .text.UTIL1_strtailcmp
                0x000000000000b9d4       0x60 ./Generated_Code/UTIL1.o
                0x000000000000b9d4                UTIL1_strtailcmp
 .text.UTIL1_strcatPad
                0x000000000000ba34       0xb8 ./Generated_Code/UTIL1.o
                0x000000000000ba34                UTIL1_strcatPad
 .text.WAIT1_Wait10Cycles
                0x000000000000baec        0x8 ./Generated_Code/WAIT1.o
                0x000000000000baec                WAIT1_Wait10Cycles
 .text.WAIT1_Wait100Cycles
                0x000000000000baf4       0x1c ./Generated_Code/WAIT1.o
                0x000000000000baf4                WAIT1_Wait100Cycles
 .text.WAIT1_WaitCycles
                0x000000000000bb10       0x34 ./Generated_Code/WAIT1.o
                0x000000000000bb10                WAIT1_WaitCycles
 .text.pvPortMalloc
                0x000000000000bb44      0x170 ./Generated_Code/heap_4.o
                0x000000000000bb44                pvPortMalloc
 .text.vPortFree
                0x000000000000bcb4       0x9c ./Generated_Code/heap_4.o
                0x000000000000bcb4                vPortFree
 .text.xPortGetFreeHeapSize
                0x000000000000bd50       0x18 ./Generated_Code/heap_4.o
                0x000000000000bd50                xPortGetFreeHeapSize
 .text.prvHeapInit
                0x000000000000bd68       0xc4 ./Generated_Code/heap_4.o
 .text.prvInsertBlockIntoFreeList
                0x000000000000be2c       0xb0 ./Generated_Code/heap_4.o
 .text.vListInitialise
                0x000000000000bedc       0x40 ./Generated_Code/list.o
                0x000000000000bedc                vListInitialise
 .text.vListInitialiseItem
                0x000000000000bf1c       0x18 ./Generated_Code/list.o
                0x000000000000bf1c                vListInitialiseItem
 .text.vListInsertEnd
                0x000000000000bf34       0x48 ./Generated_Code/list.o
                0x000000000000bf34                vListInsertEnd
 .text.vListInsert
                0x000000000000bf7c       0x70 ./Generated_Code/list.o
                0x000000000000bf7c                vListInsert
 .text.uxListRemove
                0x000000000000bfec       0x54 ./Generated_Code/list.o
                0x000000000000bfec                uxListRemove
 .text.pxPortInitialiseStack
                0x000000000000c040       0x60 ./Generated_Code/port.o
                0x000000000000c040                pxPortInitialiseStack
 .text.vPortInitTickTimer
                0x000000000000c0a0       0x40 ./Generated_Code/port.o
                0x000000000000c0a0                vPortInitTickTimer
 .text.vPortStartTickTimer
                0x000000000000c0e0       0x18 ./Generated_Code/port.o
                0x000000000000c0e0                vPortStartTickTimer
 .text.vPortStopTickTimer
                0x000000000000c0f8       0x18 ./Generated_Code/port.o
                0x000000000000c0f8                vPortStopTickTimer
 .text.vPortEnableVFP
                0x000000000000c110       0x1c ./Generated_Code/port.o
                0x000000000000c110                vPortEnableVFP
 .text.xPortStartScheduler
                0x000000000000c12c       0xc4 ./Generated_Code/port.o
                0x000000000000c12c                xPortStartScheduler
 .text.vPortEnterCritical
                0x000000000000c1f0       0x2c ./Generated_Code/port.o
                0x000000000000c1f0                vPortEnterCritical
 .text.vPortExitCritical
                0x000000000000c21c       0x2c ./Generated_Code/port.o
                0x000000000000c21c                vPortExitCritical
 .text.vPortYieldFromISR
                0x000000000000c248       0x20 ./Generated_Code/port.o
                0x000000000000c248                vPortYieldFromISR
 .text.vPortTickHandler
                0x000000000000c268       0x24 ./Generated_Code/port.o
                0x000000000000c268                vPortTickHandler
 .text.vPortStartFirstTask
                0x000000000000c28c       0x20 ./Generated_Code/port.o
                0x000000000000c28c                vPortStartFirstTask
 .text.vPortSVCHandler
                0x000000000000c2ac       0x1c ./Generated_Code/port.o
                0x000000000000c2ac                vPortSVCHandler
 .text.vPortPendSVHandler
                0x000000000000c2c8       0x50 ./Generated_Code/port.o
                0x000000000000c2c8                vPortPendSVHandler
 .text.vPortValidateInterruptPriority
                0x000000000000c318       0x64 ./Generated_Code/port.o
                0x000000000000c318                vPortValidateInterruptPriority
 .text.xQueueGenericReset
                0x000000000000c37c       0xb4 ./Generated_Code/queue.o
                0x000000000000c37c                xQueueGenericReset
 .text.xQueueGenericCreate
                0x000000000000c430       0xac ./Generated_Code/queue.o
                0x000000000000c430                xQueueGenericCreate
 .text.xQueueGenericSend
                0x000000000000c4dc      0x1e4 ./Generated_Code/queue.o
                0x000000000000c4dc                xQueueGenericSend
 .text.xQueueGenericReceive
                0x000000000000c6c0      0x250 ./Generated_Code/queue.o
                0x000000000000c6c0                xQueueGenericReceive
 .text.prvCopyDataToQueue
                0x000000000000c910       0xdc ./Generated_Code/queue.o
 .text.prvCopyDataFromQueue
                0x000000000000c9ec       0x4c ./Generated_Code/queue.o
 .text.prvUnlockQueue
                0x000000000000ca38       0x98 ./Generated_Code/queue.o
 .text.prvIsQueueEmpty
                0x000000000000cad0       0x2c ./Generated_Code/queue.o
 .text.prvIsQueueFull
                0x000000000000cafc       0x30 ./Generated_Code/queue.o
 .text.vQueueAddToRegistry
                0x000000000000cb2c       0x60 ./Generated_Code/queue.o
                0x000000000000cb2c                vQueueAddToRegistry
 .text.xTaskGenericCreate
                0x000000000000cb8c      0x1b0 ./Generated_Code/tasks.o
                0x000000000000cb8c                xTaskGenericCreate
 .text.vTaskDelayUntil
                0x000000000000cd3c       0xd4 ./Generated_Code/tasks.o
                0x000000000000cd3c                vTaskDelayUntil
 .text.vTaskDelay
                0x000000000000ce10       0x70 ./Generated_Code/tasks.o
                0x000000000000ce10                vTaskDelay
 .text.vTaskStartScheduler
                0x000000000000ce80       0x7c ./Generated_Code/tasks.o
                0x000000000000ce80                vTaskStartScheduler
 .text.vTaskSuspendAll
                0x000000000000cefc       0x1c ./Generated_Code/tasks.o
                0x000000000000cefc                vTaskSuspendAll
 .text.xTaskResumeAll
                0x000000000000cf18      0x118 ./Generated_Code/tasks.o
                0x000000000000cf18                xTaskResumeAll
 .text.xTaskGetTickCount
                0x000000000000d030       0x24 ./Generated_Code/tasks.o
                0x000000000000d030                xTaskGetTickCount
 .text.xTaskGetTickCountFromISR
                0x000000000000d054       0x34 ./Generated_Code/tasks.o
                0x000000000000d054                xTaskGetTickCountFromISR
 .text.uxTaskGetNumberOfTasks
                0x000000000000d088       0x18 ./Generated_Code/tasks.o
                0x000000000000d088                uxTaskGetNumberOfTasks
 .text.uxTaskGetSystemState
                0x000000000000d0a0       0xf8 ./Generated_Code/tasks.o
                0x000000000000d0a0                uxTaskGetSystemState
 .text.xTaskIncrementTick
                0x000000000000d198      0x18c ./Generated_Code/tasks.o
                0x000000000000d198                xTaskIncrementTick
 .text.vTaskSwitchContext
                0x000000000000d324       0xec ./Generated_Code/tasks.o
                0x000000000000d324                vTaskSwitchContext
 .text.vTaskPlaceOnEventList
                0x000000000000d410       0x7c ./Generated_Code/tasks.o
                0x000000000000d410                vTaskPlaceOnEventList
 .text.xTaskRemoveFromEventList
                0x000000000000d48c       0xc4 ./Generated_Code/tasks.o
                0x000000000000d48c                xTaskRemoveFromEventList
 .text.vTaskSetTimeOutState
                0x000000000000d550       0x3c ./Generated_Code/tasks.o
                0x000000000000d550                vTaskSetTimeOutState
 .text.xTaskCheckForTimeOut
                0x000000000000d58c       0xa8 ./Generated_Code/tasks.o
                0x000000000000d58c                xTaskCheckForTimeOut
 .text.vTaskMissedYield
                0x000000000000d634       0x18 ./Generated_Code/tasks.o
                0x000000000000d634                vTaskMissedYield
 .text.prvIdleTask
                0x000000000000d64c       0x24 ./Generated_Code/tasks.o
 .text.prvInitialiseTCBVariables
                0x000000000000d670       0xa4 ./Generated_Code/tasks.o
 .text.prvInitialiseTaskLists
                0x000000000000d714       0x7c ./Generated_Code/tasks.o
 .text.prvCheckTasksWaitingTermination
                0x000000000000d790       0x74 ./Generated_Code/tasks.o
 .text.prvAddCurrentTaskToDelayedList
                0x000000000000d804       0x84 ./Generated_Code/tasks.o
 .text.prvAllocateTCBAndStack
                0x000000000000d888       0x70 ./Generated_Code/tasks.o
 .text.prvListTaskWithinSingleList
                0x000000000000d8f8      0x118 ./Generated_Code/tasks.o
 .text.prvTaskCheckFreeStackSpace
                0x000000000000da10       0x38 ./Generated_Code/tasks.o
 .text.uxTaskGetStackHighWaterMark
                0x000000000000da48       0x38 ./Generated_Code/tasks.o
                0x000000000000da48                uxTaskGetStackHighWaterMark
 .text.prvDeleteTCB
                0x000000000000da80       0x20 ./Generated_Code/tasks.o
 .text.prvResetNextTaskUnblockTime
                0x000000000000daa0       0x48 ./Generated_Code/tasks.o
 .text.xTaskGetSchedulerState
                0x000000000000dae8       0x3c ./Generated_Code/tasks.o
                0x000000000000dae8                xTaskGetSchedulerState
 .text.vTaskPriorityInherit
                0x000000000000db24       0xc4 ./Generated_Code/tasks.o
                0x000000000000db24                vTaskPriorityInherit
 .text.xTaskPriorityDisinherit
                0x000000000000dbe8       0xcc ./Generated_Code/tasks.o
                0x000000000000dbe8                xTaskPriorityDisinherit
 .text.pvTaskIncrementMutexHeldCount
                0x000000000000dcb4       0x28 ./Generated_Code/tasks.o
                0x000000000000dcb4                pvTaskIncrementMutexHeldCount
 .text.xTaskNotifyWait
                0x000000000000dcdc       0xf4 ./Generated_Code/tasks.o
                0x000000000000dcdc                xTaskNotifyWait
 .text.xTaskGenericNotify
                0x000000000000ddd0      0x144 ./Generated_Code/tasks.o
                0x000000000000ddd0                xTaskGenericNotify
 .text.exit     0x000000000000df14       0x28 /Applications/KDS_3.0.0.app/Contents/toolchain/bin/../lib/gcc/arm-none-eabi/4.8.4/../../../../arm-none-eabi/lib/armv7e-m/fpu/libg_s.a(lib_a-exit.o)
                0x000000000000df14                exit
 .text.__libc_init_array
                0x000000000000df3c       0x4c /Applications/KDS_3.0.0.app/Contents/toolchain/bin/../lib/gcc/arm-none-eabi/4.8.4/../../../../arm-none-eabi/lib/armv7e-m/fpu/libg_s.a(lib_a-init.o)
                0x000000000000df3c                __libc_init_array
 .text.memcpy   0x000000000000df88       0x12 /Applications/KDS_3.0.0.app/Contents/toolchain/bin/../lib/gcc/arm-none-eabi/4.8.4/../../../../arm-none-eabi/lib/armv7e-m/fpu/libg_s.a(lib_a-memcpy-stub.o)
                0x000000000000df88                memcpy
 .text.memset   0x000000000000df9a       0x10 /Applications/KDS_3.0.0.app/Contents/toolchain/bin/../lib/gcc/arm-none-eabi/4.8.4/../../../../arm-none-eabi/lib/armv7e-m/fpu/libg_s.a(lib_a-memset.o)
                0x000000000000df9a                memset
 .text.strlen   0x000000000000dfaa       0x10 /Applications/KDS_3.0.0.app/Contents/toolchain/bin/../lib/gcc/arm-none-eabi/4.8.4/../../../../arm-none-eabi/lib/armv7e-m/fpu/libg_s.a(lib_a-strlen.o)
                0x000000000000dfaa                strlen
 .text.strncmp  0x000000000000dfba       0x2e /Applications/KDS_3.0.0.app/Contents/toolchain/bin/../lib/gcc/arm-none-eabi/4.8.4/../../../../arm-none-eabi/lib/armv7e-m/fpu/libg_s.a(lib_a-strncmp.o)
                0x000000000000dfba                strncmp
 .text._exit    0x000000000000dfe8        0x4 /Applications/KDS_3.0.0.app/Contents/toolchain/bin/../lib/gcc/arm-none-eabi/4.8.4/../../../../arm-none-eabi/lib/armv7e-m/fpu/libnosys.a(_exit.o)
                0x000000000000dfe8                _exit
 *(.rodata)
 .rodata        0x000000000000dfec       0x44 ./Sources/Application.o
 .rodata        0x000000000000e030      0x114 ./Sources/Buzzer.o
 .rodata        0x000000000000e144      0x284 ./Sources/Drive.o
 .rodata        0x000000000000e3c8      0x150 ./Sources/LineFollow.o
 .rodata        0x000000000000e518      0x1d0 ./Sources/Motor.o
 .rodata        0x000000000000e6e8      0x258 ./Sources/Pid.o
 .rodata        0x000000000000e940        0x8 ./Sources/RTOS.o
 .rodata        0x000000000000e948      0x2dc ./Sources/Reflectance.o
 .rodata        0x000000000000ec24       0xb8 ./Sources/Shell.o
 .rodata        0x000000000000ecdc        0xc ./Sources/ShellQueue.o
 .rodata        0x000000000000ece8       0xb8 ./Sources/Tacho.o
 .rodata        0x000000000000eda0      0x75c ./Generated_Code/BT1.o
 .rodata        0x000000000000f4fc      0x178 ./Generated_Code/CLS1.o
 .rodata        0x000000000000f674      0x190 ./Generated_Code/FRTOS1.o
 .rodata        0x000000000000f804      0x108 ./Generated_Code/Q4CLeft.o
 .rodata        0x000000000000f90c      0x110 ./Generated_Code/Q4CRight.o
 .rodata        0x000000000000fa1c       0x18 ./Generated_Code/SEGGER_RTT.o
 .rodata        0x000000000000fa34        0x8 ./Generated_Code/SEGGER_SYSVIEW.o
 .rodata        0x000000000000fa3c       0x38 ./Generated_Code/SEGGER_SYSVIEW_Config.o
 .rodata        0x000000000000fa74       0x50 ./Generated_Code/SEGGER_SYSVIEW_FreeRTOS.o
 .rodata        0x000000000000fac4       0x18 ./Generated_Code/UTIL1.o
 .rodata        0x000000000000fadc       0x10 ./Generated_Code/tasks.o
 *(.rodata*)
 .rodata.MelodyWelcome
                0x000000000000faec       0x50 ./Sources/Buzzer.o
 .rodata.MelodyButton
                0x000000000000fb3c       0x10 ./Sources/Buzzer.o
 .rodata.MelodyButtonLong
                0x000000000000fb4c       0x38 ./Sources/Buzzer.o
 .rodata.led1.7490
                0x000000000000fb84        0x4 ./Sources/RTOS.o
 .rodata.SensorFctArray
                0x000000000000fb88       0x60 ./Sources/Reflectance.o
 .rodata.CmdParserTable
                0x000000000000fbe8       0x38 ./Sources/Shell.o
 .rodata.BT_stdio
                0x000000000000fc20       0x10 ./Sources/Shell.o
 .rodata.CLS1_stdio
                0x000000000000fc30       0x10 ./Generated_Code/CLS1.o
 .rodata.ChannelDevice
                0x000000000000fc40        0x4 ./Generated_Code/MOTTU.o
 .rodata.ChannelMode
                0x000000000000fc44        0x4 ./Generated_Code/MOTTU.o
 .rodata.Q4CLeft_Quad_Table
                0x000000000000fc48       0x10 ./Generated_Code/Q4CLeft.o
 .rodata.Q4CRight_Quad_Table
                0x000000000000fc58       0x10 ./Generated_Code/Q4CRight.o
 .rodata.SYSVIEW_X_OS_TraceAPI
                0x000000000000fc68        0x8 ./Generated_Code/SEGGER_SYSVIEW_FreeRTOS.o
                0x000000000000fc68                SYSVIEW_X_OS_TraceAPI
 .rodata.str1.1
                0x000000000000fc70        0x2 /Applications/KDS_3.0.0.app/Contents/toolchain/bin/../lib/gcc/arm-none-eabi/4.8.4/../../../../arm-none-eabi/lib/armv7e-m/fpu/libg_s.a(lib_a-impure.o)
 *fill*         0x000000000000fc72        0x2 
 .rodata._global_impure_ptr
                0x000000000000fc74        0x4 /Applications/KDS_3.0.0.app/Contents/toolchain/bin/../lib/gcc/arm-none-eabi/4.8.4/../../../../arm-none-eabi/lib/armv7e-m/fpu/libg_s.a(lib_a-impure.o)
                0x000000000000fc74                _global_impure_ptr
 *(.glue_7)
 .glue_7        0x0000000000000000        0x0 linker stubs
 *(.glue_7t)
 .glue_7t       0x0000000000000000        0x0 linker stubs
 *(.eh_frame)
 .eh_frame      0x000000000000fc78        0x0 /Applications/KDS_3.0.0.app/Contents/toolchain/bin/../lib/gcc/arm-none-eabi/4.8.4/armv7e-m/fpu/crtbegin.o
 *(.init)
 .init          0x000000000000fc78        0x4 /Applications/KDS_3.0.0.app/Contents/toolchain/bin/../lib/gcc/arm-none-eabi/4.8.4/armv7e-m/fpu/crti.o
                0x000000000000fc78                _init
 .init          0x000000000000fc7c        0x8 /Applications/KDS_3.0.0.app/Contents/toolchain/bin/../lib/gcc/arm-none-eabi/4.8.4/armv7e-m/fpu/crtn.o
 *(.fini)
 .fini          0x000000000000fc84        0x4 /Applications/KDS_3.0.0.app/Contents/toolchain/bin/../lib/gcc/arm-none-eabi/4.8.4/armv7e-m/fpu/crti.o
                0x000000000000fc84                _fini
 .fini          0x000000000000fc88        0x8 /Applications/KDS_3.0.0.app/Contents/toolchain/bin/../lib/gcc/arm-none-eabi/4.8.4/armv7e-m/fpu/crtn.o
                0x000000000000fc90                . = ALIGN (0x4)
                0x000000000000fc90                _etext = .

.vfp11_veneer   0x000000000000fc90        0x0
 .vfp11_veneer  0x0000000000000000        0x0 linker stubs

.v4_bx          0x000000000000fc90        0x0
 .v4_bx         0x0000000000000000        0x0 linker stubs

.iplt           0x000000000000fc90        0x0
 .iplt          0x0000000000000000        0x0 /Applications/KDS_3.0.0.app/Contents/toolchain/bin/../lib/gcc/arm-none-eabi/4.8.4/armv7e-m/fpu/crtbegin.o

.ARM.extab
 *(.ARM.extab* .gnu.linkonce.armextab.*)

.ARM            0x000000000000fc90        0x8
                0x000000000000fc90                __exidx_start = .
 *(.ARM.exidx*)
 .ARM.exidx     0x000000000000fc90        0x8 /Applications/KDS_3.0.0.app/Contents/toolchain/bin/../lib/gcc/arm-none-eabi/4.8.4/../../../../arm-none-eabi/lib/armv7e-m/fpu/crt0.o
                0x000000000000fc98                __exidx_end = .

.rel.dyn        0x000000000000fc98        0x0
 .rel.iplt      0x0000000000000000        0x0 /Applications/KDS_3.0.0.app/Contents/toolchain/bin/../lib/gcc/arm-none-eabi/4.8.4/armv7e-m/fpu/crtbegin.o

.ctors          0x000000000000fc98        0x0
                0x000000000000fc98                __CTOR_LIST__ = .
 *crtbegin.o(.ctors)
 *(EXCLUDE_FILE(*crtend.o) .ctors)
 *(SORT(.ctors.*))
 *(.ctors)
                0x000000000000fc98                __CTOR_END__ = .

.dtors          0x000000000000fc98        0x0
                0x000000000000fc98                __DTOR_LIST__ = .
 *crtbegin.o(.dtors)
 *(EXCLUDE_FILE(*crtend.o) .dtors)
 *(SORT(.dtors.*))
 *(.dtors)
                0x000000000000fc98                __DTOR_END__ = .

.preinit_array  0x000000000000fc98        0x0
                0x000000000000fc98                PROVIDE (__preinit_array_start, .)
 *(.preinit_array*)
                0x000000000000fc98                PROVIDE (__preinit_array_end, .)

.init_array     0x000000000000fc98        0x4
                0x000000000000fc98                PROVIDE (__init_array_start, .)
 *(SORT(.init_array.*))
 *(.init_array*)
 .init_array    0x000000000000fc98        0x4 /Applications/KDS_3.0.0.app/Contents/toolchain/bin/../lib/gcc/arm-none-eabi/4.8.4/armv7e-m/fpu/crtbegin.o
                0x000000000000fc9c                PROVIDE (__init_array_end, .)

.fini_array     0x000000000000fc9c        0x4
                0x000000000000fc9c                PROVIDE (__fini_array_start, .)
 *(SORT(.fini_array.*))
 *(.fini_array*)
 .fini_array    0x000000000000fc9c        0x4 /Applications/KDS_3.0.0.app/Contents/toolchain/bin/../lib/gcc/arm-none-eabi/4.8.4/armv7e-m/fpu/crtbegin.o
                0x000000000000fca0                PROVIDE (__fini_array_end, .)
                0x000000000000fca0                ___ROM_AT = .

.data           0x000000001fff8000       0xb0 load address 0x000000000000fca0
                0x000000001fff8000                . = ALIGN (0x4)
                0x000000001fff8000                _sdata = .
 *(.data)
 *(.data*)
 .data.BUZ_Melodies
                0x000000001fff8000       0x30 ./Sources/Buzzer.o
 .data.KEYDBNC_FSMdata
                0x000000001fff8030       0x14 ./Sources/KeyDebounce.o
 .data.BT1_lastErr
                0x000000001fff8044        0x1 ./Generated_Code/BT1.o
 *fill*         0x000000001fff8045        0x3 
 .data.CLS1_currStdIO
                0x000000001fff8048        0x4 ./Generated_Code/CLS1.o
 .data.uxCriticalNesting
                0x000000001fff804c        0x4 ./Generated_Code/port.o
 .data.impure_data
                0x000000001fff8050       0x60 /Applications/KDS_3.0.0.app/Contents/toolchain/bin/../lib/gcc/arm-none-eabi/4.8.4/../../../../arm-none-eabi/lib/armv7e-m/fpu/libg_s.a(lib_a-impure.o)
                0x000000001fff80b0                . = ALIGN (0x4)
                0x000000001fff80b0                _edata = .
                0x00000000000000b0                ___data_size = (_edata - _sdata)
                0x000000000000fd50                ___m_data_20000000_ROMStart = (___ROM_AT + SIZEOF (.data))

.jcr            0x000000001fff80b0        0x0 load address 0x000000000000fd50
 .jcr           0x000000001fff80b0        0x0 /Applications/KDS_3.0.0.app/Contents/toolchain/bin/../lib/gcc/arm-none-eabi/4.8.4/armv7e-m/fpu/crtbegin.o

.igot.plt       0x000000001fff80b0        0x0 load address 0x000000000000fd50
 .igot.plt      0x0000000000000000        0x0 /Applications/KDS_3.0.0.app/Contents/toolchain/bin/../lib/gcc/arm-none-eabi/4.8.4/armv7e-m/fpu/crtbegin.o

.m_data_20000000
                0x0000000020000000        0x0 load address 0x000000000000fd50
                0x0000000020000000                . = ALIGN (0x4)
                0x0000000020000000                ___m_data_20000000_RAMStart = .
 *(.m_data_20000000)
                0x0000000020000000                ___m_data_20000000_RAMEnd = .
                0x0000000020000000                . = ALIGN (0x4)
                0x0000000000000000                ___m_data_20000000_ROMSize = (___m_data_20000000_RAMEnd - ___m_data_20000000_RAMStart)
                0x0000000020000000                . = ALIGN (0x4)

.bss            0x000000001fff80b0     0x4d18 load address 0x000000000000fd50
                0x000000001fff80b0                __START_BSS = .
                0x000000001fff80b0                PROVIDE (__bss_start__, __START_BSS)
 *(.bss)
 .bss           0x000000001fff80b0       0x1c /Applications/KDS_3.0.0.app/Contents/toolchain/bin/../lib/gcc/arm-none-eabi/4.8.4/armv7e-m/fpu/crtbegin.o
 *(.bss*)
 .bss.trgInfo   0x000000001fff80cc        0x4 ./Sources/Buzzer.o
 .bss.DRV_Queue
                0x000000001fff80d0        0x4 ./Sources/Drive.o
 .bss.EVNT_Events
                0x000000001fff80d4        0x4 ./Sources/Event.o
 .bss.LF_currState
                0x000000001fff80d8        0x1 ./Sources/LineFollow.o
 *fill*         0x000000001fff80d9        0x3 
 .bss.LFTaskHandle
                0x000000001fff80dc        0x4 ./Sources/LineFollow.o
 .bss.motorL    0x000000001fff80e0        0xc ./Sources/Motor.o
 .bss.motorR    0x000000001fff80ec        0xc ./Sources/Motor.o
 .bss.lineFwConfig
                0x000000001fff80f8       0x1c ./Sources/Pid.o
 .bss.speedLeftConfig
                0x000000001fff8114       0x1c ./Sources/Pid.o
 .bss.speedRightConfig
                0x000000001fff8130       0x1c ./Sources/Pid.o
 .bss.posLeftConfig
                0x000000001fff814c       0x1c ./Sources/Pid.o
 .bss.posRightConfig
                0x000000001fff8168       0x1c ./Sources/Pid.o
 .bss.REF_StartStopSem
                0x000000001fff8184        0x4 ./Sources/Reflectance.o
 .bss.refState  0x000000001fff8188        0x1 ./Sources/Reflectance.o
 *fill*         0x000000001fff8189        0x3 
 .bss.timerHandle
                0x000000001fff818c        0x4 ./Sources/Reflectance.o
 .bss.refCenterLineVal
                0x000000001fff8190        0x2 ./Sources/Reflectance.o
 *fill*         0x000000001fff8192        0x2 
 .bss.SensorCalibMinMax
                0x000000001fff8194       0x18 ./Sources/Reflectance.o
 .bss.SensorRaw
                0x000000001fff81ac        0xc ./Sources/Reflectance.o
 .bss.SensorCalibrated
                0x000000001fff81b8        0xc ./Sources/Reflectance.o
 .bss.refLineKind
                0x000000001fff81c4        0x1 ./Sources/Reflectance.o
 *fill*         0x000000001fff81c5        0x3 
 .bss.SHELL_val
                0x000000001fff81c8        0x4 ./Sources/Shell.o
 .bss.bluetooth_buf.7848
                0x000000001fff81cc       0x30 ./Sources/Shell.o
 .bss.localConsole_buf.7847
                0x000000001fff81fc       0x30 ./Sources/Shell.o
 .bss.SQUEUE_Queue
                0x000000001fff822c        0x4 ./Sources/ShellQueue.o
 .bss.TACHO_LeftPosHistory
                0x000000001fff8230       0x44 ./Sources/Tacho.o
 .bss.TACHO_RightPosHistory
                0x000000001fff8274       0x44 ./Sources/Tacho.o
 .bss.TACHO_PosHistory_Index
                0x000000001fff82b8        0x1 ./Sources/Tacho.o
 *fill*         0x000000001fff82b9        0x3 
 .bss.TACHO_currLeftSpeed
                0x000000001fff82bc        0x4 ./Sources/Tacho.o
 .bss.TACHO_currRightSpeed
                0x000000001fff82c0        0x4 ./Sources/Tacho.o
 .bss.cnt.7480  0x000000001fff82c4        0x4 ./Sources/Tacho.o
 .bss.cntr.6090
                0x000000001fff82c8        0x4 ./Sources/Timer.o
 .bss.TRG_Triggers
                0x000000001fff82cc       0x24 ./Sources/Trigger.o
 .bss.SerFlag   0x000000001fff82f0        0x2 ./Generated_Code/AS1.o